/Users/tedd/dev/mcuxpresso/lpc55s36/lpcxpresso55s36_i2c_polling_b2b_slave/drivers/fsl_power.h:587:20:POWER_DisablePD	16	static
../board/clock_config.c:53:6:BOARD_InitBootClocks	8	static
../board/clock_config.c:77:6:BOARD_BootClockFRO12M	8	static
../board/clock_config.c:125:6:BOARD_BootClockFROHF96M	8	static
../board/clock_config.c:183:6:BOARD_BootClockPLL100M	40	static
../board/clock_config.c:257:6:BOARD_BootClockPLL150M	40	static
../board/clock_config.c:328:6:BOARD_BootClockPLL1_150M	40	static
