Archive member included to satisfy reference by file (symbol)

/Applications/MCUXpressoIDE_11.9.0_2144/ide/plugins/com.nxp.mcuxpresso.tools.macosx_11.9.0.202307121226/tools/bin/../lib/gcc/arm-none-eabi/12.3.1/../../../../arm-none-eabi/lib/thumb/v8-m.main+fp/hard/libcr_semihost_nf.a(_cr__main.o)
                              ./startup/startup_lpc55s36.o (__main)
/Applications/MCUXpressoIDE_11.9.0_2144/ide/plugins/com.nxp.mcuxpresso.tools.macosx_11.9.0.202307121226/tools/bin/../lib/gcc/arm-none-eabi/12.3.1/../../../../arm-none-eabi/lib/thumb/v8-m.main+fp/hard/libcr_c.a(memset.o)
                              ./drivers/fsl_clock.o (memset)
/Applications/MCUXpressoIDE_11.9.0_2144/ide/plugins/com.nxp.mcuxpresso.tools.macosx_11.9.0.202307121226/tools/bin/../lib/gcc/arm-none-eabi/12.3.1/../../../../arm-none-eabi/lib/thumb/v8-m.main+fp/hard/libcr_c.a(alloc.o)
                              ./drivers/fsl_common.o (malloc)
/Applications/MCUXpressoIDE_11.9.0_2144/ide/plugins/com.nxp.mcuxpresso.tools.macosx_11.9.0.202307121226/tools/bin/../lib/gcc/arm-none-eabi/12.3.1/../../../../arm-none-eabi/lib/thumb/v8-m.main+fp/hard/libcr_c.a(errno.o)
                              ./utilities/fsl_str.o (errno)
/Applications/MCUXpressoIDE_11.9.0_2144/ide/plugins/com.nxp.mcuxpresso.tools.macosx_11.9.0.202307121226/tools/bin/../lib/gcc/arm-none-eabi/12.3.1/../../../../arm-none-eabi/lib/thumb/v8-m.main+fp/hard/libcr_c.a(initio.o)
                              /Applications/MCUXpressoIDE_11.9.0_2144/ide/plugins/com.nxp.mcuxpresso.tools.macosx_11.9.0.202307121226/tools/bin/../lib/gcc/arm-none-eabi/12.3.1/../../../../arm-none-eabi/lib/thumb/v8-m.main+fp/hard/libcr_semihost_nf.a(_cr__main.o) (_initio)
/Applications/MCUXpressoIDE_11.9.0_2144/ide/plugins/com.nxp.mcuxpresso.tools.macosx_11.9.0.202307121226/tools/bin/../lib/gcc/arm-none-eabi/12.3.1/../../../../arm-none-eabi/lib/thumb/v8-m.main+fp/hard/libcr_c.a(printf.o)
                              ./utilities/fsl_assert.o (_printf)
/Applications/MCUXpressoIDE_11.9.0_2144/ide/plugins/com.nxp.mcuxpresso.tools.macosx_11.9.0.202307121226/tools/bin/../lib/gcc/arm-none-eabi/12.3.1/../../../../arm-none-eabi/lib/thumb/v8-m.main+fp/hard/libcr_c.a(scanf.o)
                              ./utilities/fsl_str.o (strtoul)
/Applications/MCUXpressoIDE_11.9.0_2144/ide/plugins/com.nxp.mcuxpresso.tools.macosx_11.9.0.202307121226/tools/bin/../lib/gcc/arm-none-eabi/12.3.1/../../../../arm-none-eabi/lib/thumb/v8-m.main+fp/hard/libcr_c.a(setvbuf.o)
                              /Applications/MCUXpressoIDE_11.9.0_2144/ide/plugins/com.nxp.mcuxpresso.tools.macosx_11.9.0.202307121226/tools/bin/../lib/gcc/arm-none-eabi/12.3.1/../../../../arm-none-eabi/lib/thumb/v8-m.main+fp/hard/libcr_c.a(initio.o) (setvbuf)
/Applications/MCUXpressoIDE_11.9.0_2144/ide/plugins/com.nxp.mcuxpresso.tools.macosx_11.9.0.202307121226/tools/bin/../lib/gcc/arm-none-eabi/12.3.1/../../../../arm-none-eabi/lib/thumb/v8-m.main+fp/hard/libcr_c.a(strlen.o)
                              ./utilities/fsl_str.o (strlen)
/Applications/MCUXpressoIDE_11.9.0_2144/ide/plugins/com.nxp.mcuxpresso.tools.macosx_11.9.0.202307121226/tools/bin/../lib/gcc/arm-none-eabi/12.3.1/../../../../arm-none-eabi/lib/thumb/v8-m.main+fp/hard/libcr_c.a(ungetc.o)
                              /Applications/MCUXpressoIDE_11.9.0_2144/ide/plugins/com.nxp.mcuxpresso.tools.macosx_11.9.0.202307121226/tools/bin/../lib/gcc/arm-none-eabi/12.3.1/../../../../arm-none-eabi/lib/thumb/v8-m.main+fp/hard/libcr_c.a(scanf.o) (ungetc)
/Applications/MCUXpressoIDE_11.9.0_2144/ide/plugins/com.nxp.mcuxpresso.tools.macosx_11.9.0.202307121226/tools/bin/../lib/gcc/arm-none-eabi/12.3.1/../../../../arm-none-eabi/lib/thumb/v8-m.main+fp/hard/libcr_c.a(__fillbuf.o)
                              /Applications/MCUXpressoIDE_11.9.0_2144/ide/plugins/com.nxp.mcuxpresso.tools.macosx_11.9.0.202307121226/tools/bin/../lib/gcc/arm-none-eabi/12.3.1/../../../../arm-none-eabi/lib/thumb/v8-m.main+fp/hard/libcr_c.a(scanf.o) (__filbuf)
/Applications/MCUXpressoIDE_11.9.0_2144/ide/plugins/com.nxp.mcuxpresso.tools.macosx_11.9.0.202307121226/tools/bin/../lib/gcc/arm-none-eabi/12.3.1/../../../../arm-none-eabi/lib/thumb/v8-m.main+fp/hard/libcr_c.a(__init_alloc.o)
                              /Applications/MCUXpressoIDE_11.9.0_2144/ide/plugins/com.nxp.mcuxpresso.tools.macosx_11.9.0.202307121226/tools/bin/../lib/gcc/arm-none-eabi/12.3.1/../../../../arm-none-eabi/lib/thumb/v8-m.main+fp/hard/libcr_c.a(alloc.o) (__heaps)
/Applications/MCUXpressoIDE_11.9.0_2144/ide/plugins/com.nxp.mcuxpresso.tools.macosx_11.9.0.202307121226/tools/bin/../lib/gcc/arm-none-eabi/12.3.1/../../../../arm-none-eabi/lib/thumb/v8-m.main+fp/hard/libcr_c.a(_cr_sbrk.o)
                              /Applications/MCUXpressoIDE_11.9.0_2144/ide/plugins/com.nxp.mcuxpresso.tools.macosx_11.9.0.202307121226/tools/bin/../lib/gcc/arm-none-eabi/12.3.1/../../../../arm-none-eabi/lib/thumb/v8-m.main+fp/hard/libcr_c.a(alloc.o) (_sbrk)
[...]
Memory Configuration

Name             Origin             Length             Attributes
PROGRAM_FLASH    0x00000000         0x0003d800         xr
QSPI_FLASH       0x80000000         0x04000000         xr
SRAM             0x20000000         0x0001c000         xrw
SRAMX            0x04000000         0x00004000         xrw
*default*        0x00000000         0xffffffff

Linker script and memory map

LOAD ./utilities/fsl_assert.o
LOAD ./utilities/fsl_debug_console.o
LOAD ./utilities/fsl_memcpy.o
LOAD ./utilities/fsl_str.o
LOAD ./startup/startup_lpc55s36.o
LOAD ./source/i2c_polling_b2b_slave.o
LOAD ./source/semihost_hardfault.o
LOAD ./drivers/fsl_clock.o
LOAD ./drivers/fsl_common.o
LOAD ./drivers/fsl_common_arm.o
LOAD ./drivers/fsl_flexcomm.o
LOAD ./drivers/fsl_gpio.o
LOAD ./drivers/fsl_i2c.o
LOAD ./drivers/fsl_inputmux.o
LOAD ./drivers/fsl_power.o
LOAD ./drivers/fsl_reset.o
LOAD ./drivers/fsl_usart.o
LOAD ./device/system_LPC55S36.o
LOAD ./component/uart/fsl_adapter_usart.o
LOAD ./component/lists/fsl_component_generic_list.o
LOAD ./board/board.o
LOAD ./board/clock_config.o
LOAD ./board/pin_mux.o
START GROUP
LOAD /Applications/MCUXpressoIDE_11.9.0_2144/ide/plugins/com.nxp.mcuxpresso.tools.macosx_11.9.0.202307121226/tools/bin/../lib/gcc/arm-none-eabi/12.3.1/../../../../arm-none-eabi/lib/thumb/v8-m.main+fp/hard/libcr_semihost_nf.a
LOAD /Applications/MCUXpressoIDE_11.9.0_2144/ide/plugins/com.nxp.mcuxpresso.tools.macosx_11.9.0.202307121226/tools/bin/../lib/gcc/arm-none-eabi/12.3.1/../../../../arm-none-eabi/lib/thumb/v8-m.main+fp/hard/libcr_c.a
LOAD /Applications/MCUXpressoIDE_11.9.0_2144/ide/plugins/com.nxp.mcuxpresso.tools.macosx_11.9.0.202307121226/tools/bin/../lib/gcc/arm-none-eabi/12.3.1/thumb/v8-m.main+fp/hard/libcr_eabihelpers.a
LOAD /Applications/MCUXpressoIDE_11.9.0_2144/ide/plugins/com.nxp.mcuxpresso.tools.macosx_11.9.0.202307121226/tools/bin/../lib/gcc/arm-none-eabi/12.3.1/thumb/v8-m.main+fp/hard/libgcc.a
END GROUP
                0x00000000                        __base_PROGRAM_FLASH = 0x0
                0x00000000                        __base_Flash = 0x0
                0x0003d800                        __top_PROGRAM_FLASH = 0x3d800
                0x0003d800                        __top_Flash = 0x3d800
                0x80000000                        __base_QSPI_FLASH = 0x80000000
                0x80000000                        __base_Flash2 = 0x80000000
                0x84000000                        __top_QSPI_FLASH = 0x84000000
                0x84000000                        __top_Flash2 = 0x84000000
                0x20000000                        __base_SRAM = 0x20000000
                0x20000000                        __base_RAM = 0x20000000
                0x2001c000                        __top_SRAM = 0x2001c000
                0x2001c000                        __top_RAM = 0x2001c000
                0x04000000                        __base_SRAMX = 0x4000000
                0x04000000                        __base_RAM2 = 0x4000000
                0x04004000                        __top_SRAMX = 0x4004000
                0x04004000                        __top_RAM2 = 0x4004000

.text_Flash2    0x80000000        0x0
 FILL mask 0xff
 *(SORT_BY_ALIGNMENT(.text_Flash2))
 *(SORT_BY_ALIGNMENT(.text_QSPI_FLASH))
 *(SORT_BY_ALIGNMENT(.text.$Flash2))
 *(SORT_BY_ALIGNMENT(.text.$QSPI_FLASH))
 *(SORT_BY_ALIGNMENT(.text_Flash2.*))
 *(SORT_BY_ALIGNMENT(.text_QSPI_FLASH.*))
 *(SORT_BY_ALIGNMENT(.text.$Flash2.*))
 *(SORT_BY_ALIGNMENT(.text.$QSPI_FLASH.*))
 *(SORT_BY_ALIGNMENT(.rodata.$Flash2))
 *(SORT_BY_ALIGNMENT(.rodata.$QSPI_FLASH))
 *(SORT_BY_ALIGNMENT(.rodata.$Flash2.*))
 *(SORT_BY_ALIGNMENT(.rodata.$QSPI_FLASH.*))

.text           0x00000000     0x3b84
 FILL mask 0xff
                0x00000000                        __vectors_start__ = ABSOLUTE (.)
 *(SORT_BY_ALIGNMENT(.isr_vector))
 .isr_vector    0x00000000      0x220 ./startup/startup_lpc55s36.o
                0x00000000                __Vectors
                0x00000000                g_pfnVectors
                0x00000220                        . = ALIGN (0x4)
                0x00000220                        __section_table_start = .
                0x00000220                        __data_section_table = .
                0x00000220        0x4 LONG 0x3b84 LOADADDR (.data)
                0x00000224        0x4 LONG 0x20000000 ADDR (.data)
                0x00000228        0x4 LONG 0x8 SIZEOF (.data)
                0x0000022c        0x4 LONG 0x3b84 LOADADDR (.data_RAM2)
                0x00000230        0x4 LONG 0x4000000 ADDR (.data_RAM2)
                0x00000234        0x4 LONG 0x0 SIZEOF (.data_RAM2)
                0x00000238                        __data_section_table_end = .
                0x00000238                        __bss_section_table = .
                0x00000238        0x4 LONG 0x20000008 ADDR (.bss)
                0x0000023c        0x4 LONG 0x210 SIZEOF (.bss)
                0x00000240        0x4 LONG 0x4000000 ADDR (.bss_RAM2)
                0x00000244        0x4 LONG 0x0 SIZEOF (.bss_RAM2)
                0x00000248                        __bss_section_table_end = .
                0x00000248                        __section_table_end = .
 *(SORT_BY_ALIGNMENT(.after_vectors*))
 .after_vectors.reset
                0x00000248       0x68 ./startup/startup_lpc55s36.o
                0x00000248                ResetISR
 .after_vectors.init_data
                0x000002b0       0x1e ./startup/startup_lpc55s36.o
                0x000002b0                data_init
 .after_vectors.init_bss
                0x000002ce       0x12 ./startup/startup_lpc55s36.o
                0x000002ce                bss_init
 .after_vectors
                0x000002e0       0x16 ./startup/startup_lpc55s36.o
                0x000002e0                NMI_Handler
                0x000002e4                MemManage_Handler
                0x000002e6                BusFault_Handler
                0x000002e8                UsageFault_Handler
                0x000002ea                SecureFault_Handler
                0x000002ec                SVC_Handler
                0x000002ee                DebugMon_Handler
                0x000002f0                PendSV_Handler
                0x000002f2                SysTick_Handler
                0x000002f4                RAM_PARITY_ECC_ERR_DriverIRQHandler
                0x000002f4                SEC_VIO_DriverIRQHandler
                0x000002f4                PKC_DriverIRQHandler
                0x000002f4                CAN0_IRQ0_DriverIRQHandler
                0x000002f4                Reserved64_DriverIRQHandler
                0x000002f4                PIN_INT3_DriverIRQHandler
                0x000002f4                PIN_INT2_DriverIRQHandler
                0x000002f4                ELS_DriverIRQHandler
                0x000002f4                FLEXPWM1_COMPARE0_DriverIRQHandler
                0x000002f4                Reserved56_DriverIRQHandler
                0x000002f4                PIN_INT0_DriverIRQHandler
                0x000002f4                FLEXPWM0_RELOAD3_DriverIRQHandler
                0x000002f4                Reserved63_DriverIRQHandler
                0x000002f4                DAC1_DriverIRQHandler
                0x000002f4                CTIMER2_DriverIRQHandler
                0x000002f4                ITRC0_DriverIRQHandler
                0x000002f4                Freqme_DriverIRQHandler
                0x000002f4                FLEXPWM1_RELOAD2_DriverIRQHandler
                0x000002f4                Reserved80_DriverIRQHandler
                0x000002f4                IntDefaultHandler
                0x000002f4                USB0_DriverIRQHandler
                0x000002f4                ENC0_WDG_DriverIRQHandler
                0x000002f4                ELS_ERR_DriverIRQHandler
                0x000002f4                DAC0_DriverIRQHandler
                0x000002f4                MRT0_DriverIRQHandler
                0x000002f4                UTICK0_DriverIRQHandler
                0x000002f4                PIN_INT4_DriverIRQHandler
                0x000002f4                PIN_INT5_DriverIRQHandler
                0x000002f4                FLEXPWM0_RELOAD0_DriverIRQHandler
                0x000002f4                SEC_GPIO_INT0_IRQ0_DriverIRQHandler
                0x000002f4                Reserved84_DriverIRQHandler
                0x000002f4                CTIMER4_DriverIRQHandler
                0x000002f4                GINT1_DriverIRQHandler
                0x000002f4                FLEXPWM0_FAULT_DriverIRQHandler
                0x000002f4                FLEXPWM0_RELOAD2_DriverIRQHandler
                0x000002f4                PIN_INT7_DriverIRQHandler
                0x000002f4                EZH_ARCH_B0_DriverIRQHandler
                0x000002f4                CAN0_IRQ1_DriverIRQHandler
                0x000002f4                USB0_NEEDCLK_DriverIRQHandler
                0x000002f4                POWERQUAD_DriverIRQHandler
                0x000002f4                FLASH_DriverIRQHandler
                0x000002f4                FLEXPWM0_COMPARE1_DriverIRQHandler
                0x000002f4                FLEXPWM1_FAULT_DriverIRQHandler
                0x000002f4                CTIMER0_DriverIRQHandler
                0x000002f4                Reserved79_DriverIRQHandler
                0x000002f4                CTIMER1_DriverIRQHandler
                0x000002f4                ADC1_DriverIRQHandler
                0x000002f4                ENC0_HOME_DriverIRQHandler
                0x000002f4                PIN_INT6_DriverIRQHandler
                0x000002f4                FlexSPI0_DriverIRQHandler
                0x000002f4                PIN_INT1_DriverIRQHandler
                0x000002f4                CTIMER3_DriverIRQHandler
                0x000002f4                Reserved89_DriverIRQHandler
                0x000002f4                HWVAD0_DriverIRQHandler
                0x000002f4                Reserved130_DriverIRQHandler
                0x000002f4                FLEXPWM0_CAPTURE_DriverIRQHandler
                0x000002f4                Reserved83_DriverIRQHandler
                0x000002f4                FLEXPWM0_COMPARE2_DriverIRQHandler
                0x000002f4                Tamper_DriverIRQHandler
                0x000002f4                SEC_GPIO_INT0_IRQ1_DriverIRQHandler
                0x000002f4                PUF_DriverIRQHandler
                0x000002f4                WAKEUP_DriverIRQHandler
                0x000002f4                SPI_FILTER_DriverIRQHandler
                0x000002f4                RTC_DriverIRQHandler
                0x000002f4                FLEXPWM0_RELOAD1_DriverIRQHandler
                0x000002f4                FLEXPWM1_COMPARE1_DriverIRQHandler
                0x000002f4                HSCMP2_DriverIRQHandler
                0x000002f4                Reserved62_DriverIRQHandler
                0x000002f4                CDOG_DriverIRQHandler
                0x000002f4                FLEXPWM1_RELOAD_ERROR_DriverIRQHandler
                0x000002f4                ENC1_WDG_DriverIRQHandler
                0x000002f4                FLEXPWM1_COMPARE3_DriverIRQHandler
                0x000002f4                DMIC_DriverIRQHandler
                0x000002f4                DMA1_DriverIRQHandler
                0x000002f4                FLEXPWM1_CAPTURE_DriverIRQHandler
                0x000002f4                FLEXPWM1_RELOAD3_DriverIRQHandler
                0x000002f4                FLEXPWM0_COMPARE3_DriverIRQHandler
                0x000002f4                Reserved77_DriverIRQHandler
                0x000002f4                ENC1_HOME_DriverIRQHandler
                0x000002f4                Reserved131_DriverIRQHandler
                0x000002f4                FLEXPWM1_RELOAD0_DriverIRQHandler
                0x000002f4                Reserved127_DriverIRQHandler
                0x000002f4                Reserved85_DriverIRQHandler
                0x000002f4                ENC1_IDX_DriverIRQHandler
                0x000002f4                Reserved88_DriverIRQHandler
                0x000002f4                ADC0_DriverIRQHandler
                0x000002f4                FLEXPWM1_RELOAD1_DriverIRQHandler
                0x000002f4                DAC2_DriverIRQHandler
                0x000002f4                HSCMP0_DriverIRQHandler
                0x000002f4                GINT0_DriverIRQHandler
                0x000002f4                FLEXPWM0_COMPARE0_DriverIRQHandler
                0x000002f4                Reserved132_DriverIRQHandler
                0x000002f4                ENC0_COMPARE_DriverIRQHandler
                0x000002f4                ACMP_DriverIRQHandler
                0x000002f4                Reserved58_DriverIRQHandler
                0x000002f4                Reserved57_DriverIRQHandler
                0x000002f4                Reserved86_DriverIRQHandler
                0x000002f4                WDT_BOD_DriverIRQHandler
                0x000002f4                SCT0_DriverIRQHandler
                0x000002f4                ENC1_COMPARE_DriverIRQHandler
                0x000002f4                ELS_IRQ1_DriverIRQHandler
                0x000002f4                OS_EVENT_DriverIRQHandler
                0x000002f4                Reserved87_DriverIRQHandler
                0x000002f4                SEC_HYPERVISOR_CALL_DriverIRQHandler
                0x000002f4                HSCMP1_DriverIRQHandler
                0x000002f4                FLEXPWM1_COMPARE2_DriverIRQHandler
                0x000002f4                I3C0_DriverIRQHandler
                0x000002f4                PKC_ERR_DriverIRQHandler
                0x000002f4                DMA0_DriverIRQHandler
                0x000002f4                ENC0_IDX_DriverIRQHandler
                0x000002f4                FLEXPWM0_RELOAD_ERROR_DriverIRQHandler
                0x000002f4                Reserved133_DriverIRQHandler
 *(SORT_BY_ALIGNMENT(.text*))
 *fill*         0x000002f6        0x2 ff
 .text.__assertion_failed
                0x000002f8       0x2c ./utilities/fsl_assert.o
                0x000002f8                __assertion_failed
 .text.handling_I2C_target
                0x00000324       0x2c ./source/i2c_polling_b2b_slave.o
                0x00000324                handling_I2C_target
 .text.target_mem_transfer
                0x00000350       0xcc ./source/i2c_polling_b2b_slave.o
                0x00000350                target_mem_transfer
 .text.init_I2C_target
                0x0000041c       0x90 ./source/i2c_polling_b2b_slave.o
                0x0000041c                init_I2C_target
 .text.POWER_EnablePD
                0x000004ac       0x40 ./drivers/fsl_clock.o
 .text.POWER_DisablePD
                0x000004ec       0x40 ./drivers/fsl_clock.o
 .text.CLOCK_AttachClk
                0x0000052c       0xbc ./drivers/fsl_clock.o
                0x0000052c                CLOCK_AttachClk
 .text.CLOCK_SetClkDiv
                0x000005e8       0x80 ./drivers/fsl_clock.o
                0x000005e8                CLOCK_SetClkDiv
 .text.CLOCK_SetupFROClocking
                0x00000668       0x78 ./drivers/fsl_clock.o
                0x00000668                CLOCK_SetupFROClocking
 .text.CLOCK_SetFLASHAccessCyclesForFreq
                0x000006e0       0xd8 ./drivers/fsl_clock.o
                0x000006e0                CLOCK_SetFLASHAccessCyclesForFreq
 .text.CLOCK_SetupExtClocking
                0x000007b8       0x64 ./drivers/fsl_clock.o
                0x000007b8                CLOCK_SetupExtClocking
 .text.CLOCK_GetFro1MFreq
                0x0000081c       0x28 ./drivers/fsl_clock.o
                0x0000081c                CLOCK_GetFro1MFreq
 .text.CLOCK_GetExtClkFreq
                0x00000844       0x2c ./drivers/fsl_clock.o
                0x00000844                CLOCK_GetExtClkFreq
 .text.CLOCK_GetOsc32KFreq
                0x00000870       0x58 ./drivers/fsl_clock.o
                0x00000870                CLOCK_GetOsc32KFreq
 .text.CLOCK_GetPLL0InClockRate
                0x000008c8       0x64 ./drivers/fsl_clock.o
                0x000008c8                CLOCK_GetPLL0InClockRate
 .text.CLOCK_SetPLL0Freq
                0x0000092c      0x14c ./drivers/fsl_clock.o
                0x0000092c                CLOCK_SetPLL0Freq
 .text.CLOCK_FroHfTrim
                0x00000a78       0x38 ./drivers/fsl_clock.o
                0x00000a78                CLOCK_FroHfTrim
 .text.SDK_DelayAtLeastUs
                0x00000ab0       0x8c ./drivers/fsl_common_arm.o
                0x00000ab0                SDK_DelayAtLeastUs
 .text.FLEXCOMM_GetInstance
                0x00000b3c       0x4c ./drivers/fsl_flexcomm.o
                0x00000b3c                FLEXCOMM_GetInstance
 .text.FLEXCOMM_Init
                0x00000b88       0x50 ./drivers/fsl_flexcomm.o
                0x00000b88                FLEXCOMM_Init
 .text.FLEXCOMM0_DriverIRQHandler
                0x00000bd8       0x5c ./drivers/fsl_flexcomm.o
                0x00000bd8                FLEXCOMM0_DriverIRQHandler
 .text.FLEXCOMM1_DriverIRQHandler
                0x00000c34       0x5c ./drivers/fsl_flexcomm.o
                0x00000c34                FLEXCOMM1_DriverIRQHandler
 .text.FLEXCOMM2_DriverIRQHandler
                0x00000c90       0x5c ./drivers/fsl_flexcomm.o
                0x00000c90                FLEXCOMM2_DriverIRQHandler
 .text.FLEXCOMM3_DriverIRQHandler
                0x00000cec       0x5c ./drivers/fsl_flexcomm.o
                0x00000cec                FLEXCOMM3_DriverIRQHandler
 .text.FLEXCOMM4_DriverIRQHandler
                0x00000d48       0x5c ./drivers/fsl_flexcomm.o
                0x00000d48                FLEXCOMM4_DriverIRQHandler
 .text.FLEXCOMM5_DriverIRQHandler
                0x00000da4       0x5c ./drivers/fsl_flexcomm.o
                0x00000da4                FLEXCOMM5_DriverIRQHandler
 .text.FLEXCOMM6_DriverIRQHandler
                0x00000e00       0x5c ./drivers/fsl_flexcomm.o
                0x00000e00                FLEXCOMM6_DriverIRQHandler
 .text.FLEXCOMM7_DriverIRQHandler
                0x00000e5c       0x5c ./drivers/fsl_flexcomm.o
                0x00000e5c                FLEXCOMM7_DriverIRQHandler
 .text.FLEXCOMM8_DriverIRQHandler
                0x00000eb8       0x5c ./drivers/fsl_flexcomm.o
                0x00000eb8                FLEXCOMM8_DriverIRQHandler
 .text.I2C_SlaveDivVal
                0x00000f14       0xa8 ./drivers/fsl_i2c.o
 .text.I2C_SlaveGetDefaultConfig
                0x00000fbc       0x4c ./drivers/fsl_i2c.o
                0x00000fbc                I2C_SlaveGetDefaultConfig
 .text.POWER_PowerInit
                0x00001008       0x94 ./drivers/fsl_power.o
                0x00001008                POWER_PowerInit
 .text.POWER_SetVoltageForFreq
                0x0000109c       0xd4 ./drivers/fsl_power.o
                0x0000109c                POWER_SetVoltageForFreq
 .text.POWER_SetSystemPowerProfile
                0x00001170      0x108 ./drivers/fsl_power.o
 .text.POWER_GetPartProcessCorner
                0x00001278       0x9c ./drivers/fsl_power.o
 .text.POWER_SetSystemVoltage
                0x00001314      0x1fc ./drivers/fsl_power.o
 .text.RESET_SetPeripheralReset
                0x00001510       0x64 ./drivers/fsl_reset.o
                0x00001510                RESET_SetPeripheralReset
 .text.RESET_ClearPeripheralReset
                0x00001574       0x64 ./drivers/fsl_reset.o
                0x00001574                RESET_ClearPeripheralReset
 .text.SystemInit
                0x000015d8       0x9c ./device/system_LPC55S36.o
                0x000015d8                SystemInit
 .text.BOARD_InitDebugConsole
                0x00001674       0x38 ./board/board.o
                0x00001674                BOARD_InitDebugConsole
 .text.POWER_DisablePD
                0x000016ac       0x40 ./board/clock_config.o
 .text.BOARD_BootClockPLL150M
                0x000016ec       0xc0 ./board/clock_config.o
                0x000016ec                BOARD_BootClockPLL150M
 .text.BOARD_InitPins
                0x000017ac       0x60 ./board/pin_mux.o
                0x000017ac                BOARD_InitPins
 .text.malloc   0x0000180c       0xe8 /Applications/MCUXpressoIDE_11.9.0_2144/ide/plugins/com.nxp.mcuxpresso.tools.macosx_11.9.0.202307121226/tools/bin/../lib/gcc/arm-none-eabi/12.3.1/../../../../arm-none-eabi/lib/thumb/v8-m.main+fp/hard/libcr_c.a(alloc.o)
                0x0000180c                malloc
 .text._Csys_alloc
                0x000018f4       0x20 /Applications/MCUXpressoIDE_11.9.0_2144/ide/plugins/com.nxp.mcuxpresso.tools.macosx_11.9.0.202307121226/tools/bin/../lib/gcc/arm-none-eabi/12.3.1/../../../../arm-none-eabi/lib/thumb/v8-m.main+fp/hard/libcr_c.a(alloc.o)
                0x000018f4                _Csys_alloc
 .text._initio  0x00001914       0x78 /Applications/MCUXpressoIDE_11.9.0_2144/ide/plugins/com.nxp.mcuxpresso.tools.macosx_11.9.0.202307121226/tools/bin/../lib/gcc/arm-none-eabi/12.3.1/../../../../arm-none-eabi/lib/thumb/v8-m.main+fp/hard/libcr_c.a(initio.o)
                0x00001914                _initio
 .text.__vfprintf
                0x0000198c      0xb78 /Applications/MCUXpressoIDE_11.9.0_2144/ide/plugins/com.nxp.mcuxpresso.tools.macosx_11.9.0.202307121226/tools/bin/../lib/gcc/arm-none-eabi/12.3.1/../../../../arm-none-eabi/lib/thumb/v8-m.main+fp/hard/libcr_c.a(printf.o)
                0x0000198c                __vfprintf
 .text._vsnprintf
                0x00002504       0x68 /Applications/MCUXpressoIDE_11.9.0_2144/ide/plugins/com.nxp.mcuxpresso.tools.macosx_11.9.0.202307121226/tools/bin/../lib/gcc/arm-none-eabi/12.3.1/../../../../arm-none-eabi/lib/thumb/v8-m.main+fp/hard/libcr_c.a(printf.o)
                0x00002504                _vsnprintf
 .text._printf  0x0000256c       0x54 /Applications/MCUXpressoIDE_11.9.0_2144/ide/plugins/com.nxp.mcuxpresso.tools.macosx_11.9.0.202307121226/tools/bin/../lib/gcc/arm-none-eabi/12.3.1/../../../../arm-none-eabi/lib/thumb/v8-m.main+fp/hard/libcr_c.a(printf.o)
                0x0000256c                _printf
 .text._sbrk    0x000025c0       0x3c /Applications/MCUXpressoIDE_11.9.0_2144/ide/plugins/com.nxp.mcuxpresso.tools.macosx_11.9.0.202307121226/tools/bin/../lib/gcc/arm-none-eabi/12.3.1/../../../../arm-none-eabi/lib/thumb/v8-m.main+fp/hard/libcr_c.a(_cr_sbrk.o)
                0x000025c0                _sbrk
 .text._Cwritebuf
                0x000025fc       0x6c /Applications/MCUXpressoIDE_11.9.0_2144/ide/plugins/com.nxp.mcuxpresso.tools.macosx_11.9.0.202307121226/tools/bin/../lib/gcc/arm-none-eabi/12.3.1/../../../../arm-none-eabi/lib/thumb/v8-m.main+fp/hard/libcr_c.a(_writebuf.o)
                0x000025fc                _Cwritebuf
 .text.fflush   0x00002668       0x3c /Applications/MCUXpressoIDE_11.9.0_2144/ide/plugins/com.nxp.mcuxpresso.tools.macosx_11.9.0.202307121226/tools/bin/../lib/gcc/arm-none-eabi/12.3.1/../../../../arm-none-eabi/lib/thumb/v8-m.main+fp/hard/libcr_c.a(fflush.o)
                0x00002668                fflush
 .text.fseek    0x000026a4       0xf8 /Applications/MCUXpressoIDE_11.9.0_2144/ide/plugins/com.nxp.mcuxpresso.tools.macosx_11.9.0.202307121226/tools/bin/../lib/gcc/arm-none-eabi/12.3.1/../../../../arm-none-eabi/lib/thumb/v8-m.main+fp/hard/libcr_c.a(fseek.o)
                0x000026a4                fseek
 .text.ftell    0x0000279c       0x44 /Applications/MCUXpressoIDE_11.9.0_2144/ide/plugins/com.nxp.mcuxpresso.tools.macosx_11.9.0.202307121226/tools/bin/../lib/gcc/arm-none-eabi/12.3.1/../../../../arm-none-eabi/lib/thumb/v8-m.main+fp/hard/libcr_c.a(ftell.o)
                0x0000279c                ftell
 .text.__check_heap_overflow
                0x000027e0       0x18 /Applications/MCUXpressoIDE_11.9.0_2144/ide/plugins/com.nxp.mcuxpresso.tools.macosx_11.9.0.202307121226/tools/bin/../lib/gcc/arm-none-eabi/12.3.1/../../../../arm-none-eabi/lib/thumb/v8-m.main+fp/hard/libcr_c.a(_cr_check_heap.o)
                0x000027e0                __check_heap_overflow
 .text.__sys_appexit
                0x000027f8        0xc /Applications/MCUXpressoIDE_11.9.0_2144/ide/plugins/com.nxp.mcuxpresso.tools.macosx_11.9.0.202307121226/tools/bin/../lib/gcc/arm-none-eabi/12.3.1/../../../../arm-none-eabi/lib/thumb/v8-m.main+fp/hard/libcr_semihost_nf.a(__sys_appexit.o)
                0x000027f8                __exit
                0x000027f8                __sys_appexit
 .text.fsl_assert_hook
                0x00002804       0x1a ./utilities/fsl_assert.o
                0x00002804                fsl_assert_hook
 .text.WDT_BOD_IRQHandler
                0x0000281e        0x8 ./startup/startup_lpc55s36.o
                0x0000281e                WDT_BOD_IRQHandler
 .text.DMA0_IRQHandler
                0x00002826        0x8 ./startup/startup_lpc55s36.o
                0x00002826                DMA0_IRQHandler
 .text.GINT0_IRQHandler
                0x0000282e        0x8 ./startup/startup_lpc55s36.o
                0x0000282e                GINT0_IRQHandler
 .text.GINT1_IRQHandler
                0x00002836        0x8 ./startup/startup_lpc55s36.o
                0x00002836                GINT1_IRQHandler
 .text.PIN_INT0_IRQHandler
                0x0000283e        0x8 ./startup/startup_lpc55s36.o
                0x0000283e                PIN_INT0_IRQHandler
 .text.PIN_INT1_IRQHandler
                0x00002846        0x8 ./startup/startup_lpc55s36.o
                0x00002846                PIN_INT1_IRQHandler
 .text.PIN_INT2_IRQHandler
                0x0000284e        0x8 ./startup/startup_lpc55s36.o
                0x0000284e                PIN_INT2_IRQHandler
 .text.PIN_INT3_IRQHandler
                0x00002856        0x8 ./startup/startup_lpc55s36.o
                0x00002856                PIN_INT3_IRQHandler
 .text.UTICK0_IRQHandler
                0x0000285e        0x8 ./startup/startup_lpc55s36.o
                0x0000285e                UTICK0_IRQHandler
 .text.MRT0_IRQHandler
                0x00002866        0x8 ./startup/startup_lpc55s36.o
                0x00002866                MRT0_IRQHandler
 .text.CTIMER0_IRQHandler
                0x0000286e        0x8 ./startup/startup_lpc55s36.o
                0x0000286e                CTIMER0_IRQHandler
 .text.CTIMER1_IRQHandler
                0x00002876        0x8 ./startup/startup_lpc55s36.o
                0x00002876                CTIMER1_IRQHandler
 .text.SCT0_IRQHandler
                0x0000287e        0x8 ./startup/startup_lpc55s36.o
                0x0000287e                SCT0_IRQHandler
 .text.CTIMER3_IRQHandler
                0x00002886        0x8 ./startup/startup_lpc55s36.o
                0x00002886                CTIMER3_IRQHandler
 .text.FLEXCOMM0_IRQHandler
                0x0000288e        0x8 ./startup/startup_lpc55s36.o
                0x0000288e                FLEXCOMM0_IRQHandler
 .text.FLEXCOMM1_IRQHandler
                0x00002896        0x8 ./startup/startup_lpc55s36.o
                0x00002896                FLEXCOMM1_IRQHandler
 .text.FLEXCOMM2_IRQHandler
                0x0000289e        0x8 ./startup/startup_lpc55s36.o
                0x0000289e                FLEXCOMM2_IRQHandler
 .text.FLEXCOMM3_IRQHandler
                0x000028a6        0x8 ./startup/startup_lpc55s36.o
                0x000028a6                FLEXCOMM3_IRQHandler
 .text.FLEXCOMM4_IRQHandler
                0x000028ae        0x8 ./startup/startup_lpc55s36.o
                0x000028ae                FLEXCOMM4_IRQHandler
 .text.FLEXCOMM5_IRQHandler
                0x000028b6        0x8 ./startup/startup_lpc55s36.o
                0x000028b6                FLEXCOMM5_IRQHandler
 .text.FLEXCOMM6_IRQHandler
                0x000028be        0x8 ./startup/startup_lpc55s36.o
                0x000028be                FLEXCOMM6_IRQHandler
 .text.FLEXCOMM7_IRQHandler
                0x000028c6        0x8 ./startup/startup_lpc55s36.o
                0x000028c6                FLEXCOMM7_IRQHandler
 .text.ADC0_IRQHandler
                0x000028ce        0x8 ./startup/startup_lpc55s36.o
                0x000028ce                ADC0_IRQHandler
 .text.ADC1_IRQHandler
                0x000028d6        0x8 ./startup/startup_lpc55s36.o
                0x000028d6                ADC1_IRQHandler
 .text.ACMP_IRQHandler
                0x000028de        0x8 ./startup/startup_lpc55s36.o
                0x000028de                ACMP_IRQHandler
 .text.DMIC_IRQHandler
                0x000028e6        0x8 ./startup/startup_lpc55s36.o
                0x000028e6                DMIC_IRQHandler
 .text.HWVAD0_IRQHandler
                0x000028ee        0x8 ./startup/startup_lpc55s36.o
                0x000028ee                HWVAD0_IRQHandler
 .text.USB0_NEEDCLK_IRQHandler
                0x000028f6        0x8 ./startup/startup_lpc55s36.o
                0x000028f6                USB0_NEEDCLK_IRQHandler
 .text.USB0_IRQHandler
                0x000028fe        0x8 ./startup/startup_lpc55s36.o
                0x000028fe                USB0_IRQHandler
 .text.RTC_IRQHandler
                0x00002906        0x8 ./startup/startup_lpc55s36.o
                0x00002906                RTC_IRQHandler
 .text.EZH_ARCH_B0_IRQHandler
                0x0000290e        0x8 ./startup/startup_lpc55s36.o
                0x0000290e                EZH_ARCH_B0_IRQHandler
 .text.WAKEUP_IRQHandler
                0x00002916        0x8 ./startup/startup_lpc55s36.o
                0x00002916                WAKEUP_IRQHandler
 .text.PIN_INT4_IRQHandler
                0x0000291e        0x8 ./startup/startup_lpc55s36.o
                0x0000291e                PIN_INT4_IRQHandler
 .text.PIN_INT5_IRQHandler
                0x00002926        0x8 ./startup/startup_lpc55s36.o
                0x00002926                PIN_INT5_IRQHandler
 .text.PIN_INT6_IRQHandler
                0x0000292e        0x8 ./startup/startup_lpc55s36.o
                0x0000292e                PIN_INT6_IRQHandler
 .text.PIN_INT7_IRQHandler
                0x00002936        0x8 ./startup/startup_lpc55s36.o
                0x00002936                PIN_INT7_IRQHandler
 .text.CTIMER2_IRQHandler
                0x0000293e        0x8 ./startup/startup_lpc55s36.o
                0x0000293e                CTIMER2_IRQHandler
 .text.CTIMER4_IRQHandler
                0x00002946        0x8 ./startup/startup_lpc55s36.o
                0x00002946                CTIMER4_IRQHandler
 .text.OS_EVENT_IRQHandler
                0x0000294e        0x8 ./startup/startup_lpc55s36.o
                0x0000294e                OS_EVENT_IRQHandler
 .text.FlexSPI0_IRQHandler
                0x00002956        0x8 ./startup/startup_lpc55s36.o
                0x00002956                FlexSPI0_IRQHandler
 .text.Reserved56_IRQHandler
                0x0000295e        0x8 ./startup/startup_lpc55s36.o
                0x0000295e                Reserved56_IRQHandler
 .text.Reserved57_IRQHandler
                0x00002966        0x8 ./startup/startup_lpc55s36.o
                0x00002966                Reserved57_IRQHandler
 .text.Reserved58_IRQHandler
                0x0000296e        0x8 ./startup/startup_lpc55s36.o
                0x0000296e                Reserved58_IRQHandler
 .text.CAN0_IRQ0_IRQHandler
                0x00002976        0x8 ./startup/startup_lpc55s36.o
                0x00002976                CAN0_IRQ0_IRQHandler
 .text.CAN0_IRQ1_IRQHandler
                0x0000297e        0x8 ./startup/startup_lpc55s36.o
                0x0000297e                CAN0_IRQ1_IRQHandler
 .text.SPI_FILTER_IRQHandler
                0x00002986        0x8 ./startup/startup_lpc55s36.o
                0x00002986                SPI_FILTER_IRQHandler
 .text.Reserved62_IRQHandler
                0x0000298e        0x8 ./startup/startup_lpc55s36.o
                0x0000298e                Reserved62_IRQHandler
 .text.Reserved63_IRQHandler
                0x00002996        0x8 ./startup/startup_lpc55s36.o
                0x00002996                Reserved63_IRQHandler
 .text.Reserved64_IRQHandler
                0x0000299e        0x8 ./startup/startup_lpc55s36.o
                0x0000299e                Reserved64_IRQHandler
 .text.SEC_HYPERVISOR_CALL_IRQHandler
                0x000029a6        0x8 ./startup/startup_lpc55s36.o
                0x000029a6                SEC_HYPERVISOR_CALL_IRQHandler
 .text.SEC_GPIO_INT0_IRQ0_IRQHandler
                0x000029ae        0x8 ./startup/startup_lpc55s36.o
                0x000029ae                SEC_GPIO_INT0_IRQ0_IRQHandler
 .text.SEC_GPIO_INT0_IRQ1_IRQHandler
                0x000029b6        0x8 ./startup/startup_lpc55s36.o
                0x000029b6                SEC_GPIO_INT0_IRQ1_IRQHandler
 .text.Freqme_IRQHandler
                0x000029be        0x8 ./startup/startup_lpc55s36.o
                0x000029be                Freqme_IRQHandler
 .text.SEC_VIO_IRQHandler
                0x000029c6        0x8 ./startup/startup_lpc55s36.o
                0x000029c6                SEC_VIO_IRQHandler
 .text.ELS_IRQHandler
                0x000029ce        0x8 ./startup/startup_lpc55s36.o
                0x000029ce                ELS_IRQHandler
 .text.PKC_IRQHandler
                0x000029d6        0x8 ./startup/startup_lpc55s36.o
                0x000029d6                PKC_IRQHandler
 .text.PUF_IRQHandler
                0x000029de        0x8 ./startup/startup_lpc55s36.o
                0x000029de                PUF_IRQHandler
 .text.POWERQUAD_IRQHandler
                0x000029e6        0x8 ./startup/startup_lpc55s36.o
                0x000029e6                POWERQUAD_IRQHandler
 .text.DMA1_IRQHandler
                0x000029ee        0x8 ./startup/startup_lpc55s36.o
                0x000029ee                DMA1_IRQHandler
 .text.FLEXCOMM8_IRQHandler
                0x000029f6        0x8 ./startup/startup_lpc55s36.o
                0x000029f6                FLEXCOMM8_IRQHandler
 .text.CDOG_IRQHandler
                0x000029fe        0x8 ./startup/startup_lpc55s36.o
                0x000029fe                CDOG_IRQHandler
 .text.Reserved77_IRQHandler
                0x00002a06        0x8 ./startup/startup_lpc55s36.o
                0x00002a06                Reserved77_IRQHandler
 .text.I3C0_IRQHandler
                0x00002a0e        0x8 ./startup/startup_lpc55s36.o
                0x00002a0e                I3C0_IRQHandler
 .text.Reserved79_IRQHandler
                0x00002a16        0x8 ./startup/startup_lpc55s36.o
                0x00002a16                Reserved79_IRQHandler
 .text.Reserved80_IRQHandler
                0x00002a1e        0x8 ./startup/startup_lpc55s36.o
                0x00002a1e                Reserved80_IRQHandler
 .text.ELS_IRQ1_IRQHandler
                0x00002a26        0x8 ./startup/startup_lpc55s36.o
                0x00002a26                ELS_IRQ1_IRQHandler
 .text.Tamper_IRQHandler
                0x00002a2e        0x8 ./startup/startup_lpc55s36.o
                0x00002a2e                Tamper_IRQHandler
 .text.Reserved83_IRQHandler
                0x00002a36        0x8 ./startup/startup_lpc55s36.o
                0x00002a36                Reserved83_IRQHandler
 .text.Reserved84_IRQHandler
                0x00002a3e        0x8 ./startup/startup_lpc55s36.o
                0x00002a3e                Reserved84_IRQHandler
 .text.Reserved85_IRQHandler
                0x00002a46        0x8 ./startup/startup_lpc55s36.o
                0x00002a46                Reserved85_IRQHandler
 .text.Reserved86_IRQHandler
                0x00002a4e        0x8 ./startup/startup_lpc55s36.o
                0x00002a4e                Reserved86_IRQHandler
 .text.Reserved87_IRQHandler
                0x00002a56        0x8 ./startup/startup_lpc55s36.o
                0x00002a56                Reserved87_IRQHandler
 .text.Reserved88_IRQHandler
                0x00002a5e        0x8 ./startup/startup_lpc55s36.o
                0x00002a5e                Reserved88_IRQHandler
 .text.Reserved89_IRQHandler
                0x00002a66        0x8 ./startup/startup_lpc55s36.o
                0x00002a66                Reserved89_IRQHandler
 .text.DAC0_IRQHandler
                0x00002a6e        0x8 ./startup/startup_lpc55s36.o
                0x00002a6e                DAC0_IRQHandler
 .text.DAC1_IRQHandler
                0x00002a76        0x8 ./startup/startup_lpc55s36.o
                0x00002a76                DAC1_IRQHandler
 .text.DAC2_IRQHandler
                0x00002a7e        0x8 ./startup/startup_lpc55s36.o
                0x00002a7e                DAC2_IRQHandler
 .text.HSCMP0_IRQHandler
                0x00002a86        0x8 ./startup/startup_lpc55s36.o
                0x00002a86                HSCMP0_IRQHandler
 .text.HSCMP1_IRQHandler
                0x00002a8e        0x8 ./startup/startup_lpc55s36.o
                0x00002a8e                HSCMP1_IRQHandler
 .text.HSCMP2_IRQHandler
                0x00002a96        0x8 ./startup/startup_lpc55s36.o
                0x00002a96                HSCMP2_IRQHandler
 .text.FLEXPWM0_CAPTURE_IRQHandler
                0x00002a9e        0x8 ./startup/startup_lpc55s36.o
                0x00002a9e                FLEXPWM0_CAPTURE_IRQHandler
 .text.FLEXPWM0_FAULT_IRQHandler
                0x00002aa6        0x8 ./startup/startup_lpc55s36.o
                0x00002aa6                FLEXPWM0_FAULT_IRQHandler
 .text.FLEXPWM0_RELOAD_ERROR_IRQHandler
                0x00002aae        0x8 ./startup/startup_lpc55s36.o
                0x00002aae                FLEXPWM0_RELOAD_ERROR_IRQHandler
 .text.FLEXPWM0_COMPARE0_IRQHandler
                0x00002ab6        0x8 ./startup/startup_lpc55s36.o
                0x00002ab6                FLEXPWM0_COMPARE0_IRQHandler
 .text.FLEXPWM0_RELOAD0_IRQHandler
                0x00002abe        0x8 ./startup/startup_lpc55s36.o
                0x00002abe                FLEXPWM0_RELOAD0_IRQHandler
 .text.FLEXPWM0_COMPARE1_IRQHandler
                0x00002ac6        0x8 ./startup/startup_lpc55s36.o
                0x00002ac6                FLEXPWM0_COMPARE1_IRQHandler
 .text.FLEXPWM0_RELOAD1_IRQHandler
                0x00002ace        0x8 ./startup/startup_lpc55s36.o
                0x00002ace                FLEXPWM0_RELOAD1_IRQHandler
 .text.FLEXPWM0_COMPARE2_IRQHandler
                0x00002ad6        0x8 ./startup/startup_lpc55s36.o
                0x00002ad6                FLEXPWM0_COMPARE2_IRQHandler
 .text.FLEXPWM0_RELOAD2_IRQHandler
                0x00002ade        0x8 ./startup/startup_lpc55s36.o
                0x00002ade                FLEXPWM0_RELOAD2_IRQHandler
 .text.FLEXPWM0_COMPARE3_IRQHandler
                0x00002ae6        0x8 ./startup/startup_lpc55s36.o
                0x00002ae6                FLEXPWM0_COMPARE3_IRQHandler
 .text.FLEXPWM0_RELOAD3_IRQHandler
                0x00002aee        0x8 ./startup/startup_lpc55s36.o
                0x00002aee                FLEXPWM0_RELOAD3_IRQHandler
 .text.FLEXPWM1_CAPTURE_IRQHandler
                0x00002af6        0x8 ./startup/startup_lpc55s36.o
                0x00002af6                FLEXPWM1_CAPTURE_IRQHandler
 .text.FLEXPWM1_FAULT_IRQHandler
                0x00002afe        0x8 ./startup/startup_lpc55s36.o
                0x00002afe                FLEXPWM1_FAULT_IRQHandler
 .text.FLEXPWM1_RELOAD_ERROR_IRQHandler
                0x00002b06        0x8 ./startup/startup_lpc55s36.o
                0x00002b06                FLEXPWM1_RELOAD_ERROR_IRQHandler
 .text.FLEXPWM1_COMPARE0_IRQHandler
                0x00002b0e        0x8 ./startup/startup_lpc55s36.o
                0x00002b0e                FLEXPWM1_COMPARE0_IRQHandler
 .text.FLEXPWM1_RELOAD0_IRQHandler
                0x00002b16        0x8 ./startup/startup_lpc55s36.o
                0x00002b16                FLEXPWM1_RELOAD0_IRQHandler
 .text.FLEXPWM1_COMPARE1_IRQHandler
                0x00002b1e        0x8 ./startup/startup_lpc55s36.o
                0x00002b1e                FLEXPWM1_COMPARE1_IRQHandler
 .text.FLEXPWM1_RELOAD1_IRQHandler
                0x00002b26        0x8 ./startup/startup_lpc55s36.o
                0x00002b26                FLEXPWM1_RELOAD1_IRQHandler
 .text.FLEXPWM1_COMPARE2_IRQHandler
                0x00002b2e        0x8 ./startup/startup_lpc55s36.o
                0x00002b2e                FLEXPWM1_COMPARE2_IRQHandler
 .text.FLEXPWM1_RELOAD2_IRQHandler
                0x00002b36        0x8 ./startup/startup_lpc55s36.o
                0x00002b36                FLEXPWM1_RELOAD2_IRQHandler
 .text.FLEXPWM1_COMPARE3_IRQHandler
                0x00002b3e        0x8 ./startup/startup_lpc55s36.o
                0x00002b3e                FLEXPWM1_COMPARE3_IRQHandler
 .text.FLEXPWM1_RELOAD3_IRQHandler
                0x00002b46        0x8 ./startup/startup_lpc55s36.o
                0x00002b46                FLEXPWM1_RELOAD3_IRQHandler
 .text.ENC0_COMPARE_IRQHandler
                0x00002b4e        0x8 ./startup/startup_lpc55s36.o
                0x00002b4e                ENC0_COMPARE_IRQHandler
 .text.ENC0_HOME_IRQHandler
                0x00002b56        0x8 ./startup/startup_lpc55s36.o
                0x00002b56                ENC0_HOME_IRQHandler
 .text.ENC0_WDG_IRQHandler
                0x00002b5e        0x8 ./startup/startup_lpc55s36.o
                0x00002b5e                ENC0_WDG_IRQHandler
 .text.ENC0_IDX_IRQHandler
                0x00002b66        0x8 ./startup/startup_lpc55s36.o
                0x00002b66                ENC0_IDX_IRQHandler
 .text.ENC1_COMPARE_IRQHandler
                0x00002b6e        0x8 ./startup/startup_lpc55s36.o
                0x00002b6e                ENC1_COMPARE_IRQHandler
 .text.ENC1_HOME_IRQHandler
                0x00002b76        0x8 ./startup/startup_lpc55s36.o
                0x00002b76                ENC1_HOME_IRQHandler
 .text.ENC1_WDG_IRQHandler
                0x00002b7e        0x8 ./startup/startup_lpc55s36.o
                0x00002b7e                ENC1_WDG_IRQHandler
 .text.ENC1_IDX_IRQHandler
                0x00002b86        0x8 ./startup/startup_lpc55s36.o
                0x00002b86                ENC1_IDX_IRQHandler
 .text.ITRC0_IRQHandler
                0x00002b8e        0x8 ./startup/startup_lpc55s36.o
                0x00002b8e                ITRC0_IRQHandler
 .text.Reserved127_IRQHandler
                0x00002b96        0x8 ./startup/startup_lpc55s36.o
                0x00002b96                Reserved127_IRQHandler
 .text.ELS_ERR_IRQHandler
                0x00002b9e        0x8 ./startup/startup_lpc55s36.o
                0x00002b9e                ELS_ERR_IRQHandler
 .text.PKC_ERR_IRQHandler
                0x00002ba6        0x8 ./startup/startup_lpc55s36.o
                0x00002ba6                PKC_ERR_IRQHandler
 .text.Reserved130_IRQHandler
                0x00002bae        0x8 ./startup/startup_lpc55s36.o
                0x00002bae                Reserved130_IRQHandler
 .text.Reserved131_IRQHandler
                0x00002bb6        0x8 ./startup/startup_lpc55s36.o
                0x00002bb6                Reserved131_IRQHandler
 .text.Reserved132_IRQHandler
                0x00002bbe        0x8 ./startup/startup_lpc55s36.o
                0x00002bbe                Reserved132_IRQHandler
 .text.Reserved133_IRQHandler
                0x00002bc6        0x8 ./startup/startup_lpc55s36.o
                0x00002bc6                Reserved133_IRQHandler
 .text.FLASH_IRQHandler
                0x00002bce        0x8 ./startup/startup_lpc55s36.o
                0x00002bce                FLASH_IRQHandler
 .text.RAM_PARITY_ECC_ERR_IRQHandler
                0x00002bd6        0x8 ./startup/startup_lpc55s36.o
                0x00002bd6                RAM_PARITY_ECC_ERR_IRQHandler
 .text.I2C_SlaveEnable
                0x00002bde       0x44 ./source/i2c_polling_b2b_slave.o
 .text.clock_stretch
                0x00002c22       0x2c ./source/i2c_polling_b2b_slave.o
                0x00002c22                clock_stretch
 .text.main     0x00002c4e       0x18 ./source/i2c_polling_b2b_slave.o
                0x00002c4e                main
 .text.HardFault_Handler
                0x00002c66       0x36 ./source/semihost_hardfault.o
                0x00002c66                HardFault_Handler
 .text.CLOCK_IsPLL0Locked
                0x00002c9c       0x24 ./drivers/fsl_clock.o
 .text.findPll0PreDiv
                0x00002cc0       0x3e ./drivers/fsl_clock.o
 .text.DelayLoop
                0x00002cfe       0x20 ./drivers/fsl_common_arm.o
 .text.CLOCK_EnableClock
                0x00002d1e       0x8c ./drivers/fsl_flexcomm.o
 .text.FLEXCOMM_PeripheralIsPresent
                0x00002daa       0x64 ./drivers/fsl_flexcomm.o
 .text.FLEXCOMM_SetPeriph
                0x00002e0e       0x74 ./drivers/fsl_flexcomm.o
 .text.I2C_SlavePollPending
                0x00002e82       0x28 ./drivers/fsl_i2c.o
                0x00002e82                I2C_SlavePollPending
 .text.I2C_SlaveSetAddress
                0x00002eaa       0x3c ./drivers/fsl_i2c.o
                0x00002eaa                I2C_SlaveSetAddress
 .text.I2C_SlaveInit
                0x00002ee6       0xae ./drivers/fsl_i2c.o
                0x00002ee6                I2C_SlaveInit
 .text.Chip_GetVersion
                0x00002f94       0x36 ./drivers/fsl_power.o
 .text.POWER_SetVoltageForProcess
                0x00002fca       0xaa ./drivers/fsl_power.o
 .text.RESET_PeripheralReset
                0x00003074       0x1c ./drivers/fsl_reset.o
                0x00003074                RESET_PeripheralReset
 .text.SystemInitHook
                0x00003090        0xe ./device/system_LPC55S36.o
                0x00003090                SystemInitHook
 .text.DbgConsole_Init
                0x0000309e       0x20 ./board/board.o
 .text.CLOCK_EnableClock
                0x000030be       0x8c ./board/pin_mux.o
 .text.IOCON_PinMuxSet
                0x0000314a       0x2e ./board/pin_mux.o
 .text.__main   0x00003178        0xe /Applications/MCUXpressoIDE_11.9.0_2144/ide/plugins/com.nxp.mcuxpresso.tools.macosx_11.9.0.202307121226/tools/bin/../lib/gcc/arm-none-eabi/12.3.1/../../../../arm-none-eabi/lib/thumb/v8-m.main+fp/hard/libcr_semihost_nf.a(_cr__main.o)
                0x00003178                __main
                0x00003178                __CR_SEMIHOST
 .text.memset   0x00003186        0x4 /Applications/MCUXpressoIDE_11.9.0_2144/ide/plugins/com.nxp.mcuxpresso.tools.macosx_11.9.0.202307121226/tools/bin/../lib/gcc/arm-none-eabi/12.3.1/../../../../arm-none-eabi/lib/thumb/v8-m.main+fp/hard/libcr_c.a(memset.o)
                0x00003186                memset
 .text.free     0x0000318a       0x30 /Applications/MCUXpressoIDE_11.9.0_2144/ide/plugins/com.nxp.mcuxpresso.tools.macosx_11.9.0.202307121226/tools/bin/../lib/gcc/arm-none-eabi/12.3.1/../../../../arm-none-eabi/lib/thumb/v8-m.main+fp/hard/libcr_c.a(alloc.o)
                0x0000318a                free
 .text.no_fp_display
                0x000031ba        0x4 /Applications/MCUXpressoIDE_11.9.0_2144/ide/plugins/com.nxp.mcuxpresso.tools.macosx_11.9.0.202307121226/tools/bin/../lib/gcc/arm-none-eabi/12.3.1/../../../../arm-none-eabi/lib/thumb/v8-m.main+fp/hard/libcr_c.a(printf.o)
 .text.setvbuf  0x000031be       0x3e /Applications/MCUXpressoIDE_11.9.0_2144/ide/plugins/com.nxp.mcuxpresso.tools.macosx_11.9.0.202307121226/tools/bin/../lib/gcc/arm-none-eabi/12.3.1/../../../../arm-none-eabi/lib/thumb/v8-m.main+fp/hard/libcr_c.a(setvbuf.o)
                0x000031be                setvbuf
 .text.strlen   0x000031fc       0x4e /Applications/MCUXpressoIDE_11.9.0_2144/ide/plugins/com.nxp.mcuxpresso.tools.macosx_11.9.0.202307121226/tools/bin/../lib/gcc/arm-none-eabi/12.3.1/../../../../arm-none-eabi/lib/thumb/v8-m.main+fp/hard/libcr_c.a(strlen.o)
                0x000031fc                strlen
 .text._deferredlazyseek
                0x0000324a       0x40 /Applications/MCUXpressoIDE_11.9.0_2144/ide/plugins/com.nxp.mcuxpresso.tools.macosx_11.9.0.202307121226/tools/bin/../lib/gcc/arm-none-eabi/12.3.1/../../../../arm-none-eabi/lib/thumb/v8-m.main+fp/hard/libcr_c.a(_deferredlazyseek.o)
                0x0000324a                _deferredlazyseek
 .text.__flsbuf
                0x0000328a      0x140 /Applications/MCUXpressoIDE_11.9.0_2144/ide/plugins/com.nxp.mcuxpresso.tools.macosx_11.9.0.202307121226/tools/bin/../lib/gcc/arm-none-eabi/12.3.1/../../../../arm-none-eabi/lib/thumb/v8-m.main+fp/hard/libcr_c.a(_deferredlazyseek.o)
                0x0000328a                __flsbuf
 .text._fdopen  0x000033ca       0x68 /Applications/MCUXpressoIDE_11.9.0_2144/ide/plugins/com.nxp.mcuxpresso.tools.macosx_11.9.0.202307121226/tools/bin/../lib/gcc/arm-none-eabi/12.3.1/../../../../arm-none-eabi/lib/thumb/v8-m.main+fp/hard/libcr_c.a(_fdopen.o)
                0x000033ca                _fdopen
 .text._fflush  0x00003432       0x52 /Applications/MCUXpressoIDE_11.9.0_2144/ide/plugins/com.nxp.mcuxpresso.tools.macosx_11.9.0.202307121226/tools/bin/../lib/gcc/arm-none-eabi/12.3.1/../../../../arm-none-eabi/lib/thumb/v8-m.main+fp/hard/libcr_c.a(_fflush.o)
                0x00003432                _fflush
 .text.fclose   0x00003484       0x58 /Applications/MCUXpressoIDE_11.9.0_2144/ide/plugins/com.nxp.mcuxpresso.tools.macosx_11.9.0.202307121226/tools/bin/../lib/gcc/arm-none-eabi/12.3.1/../../../../arm-none-eabi/lib/thumb/v8-m.main+fp/hard/libcr_c.a(fclose.o)
                0x00003484                fclose
 .text.remove   0x000034dc       0x14 /Applications/MCUXpressoIDE_11.9.0_2144/ide/plugins/com.nxp.mcuxpresso.tools.macosx_11.9.0.202307121226/tools/bin/../lib/gcc/arm-none-eabi/12.3.1/../../../../arm-none-eabi/lib/thumb/v8-m.main+fp/hard/libcr_c.a(remove.o)
                0x000034dc                remove
 .text._do_fflush
                0x000034f0       0x40 /Applications/MCUXpressoIDE_11.9.0_2144/ide/plugins/com.nxp.mcuxpresso.tools.macosx_11.9.0.202307121226/tools/bin/../lib/gcc/arm-none-eabi/12.3.1/../../../../arm-none-eabi/lib/thumb/v8-m.main+fp/hard/libcr_c.a(_do_fflush.o)
                0x000034f0                _do_fflush
 .text.__aeabi_division_uldivmod
                0x00003530      0x174 /Applications/MCUXpressoIDE_11.9.0_2144/ide/plugins/com.nxp.mcuxpresso.tools.macosx_11.9.0.202307121226/tools/bin/../lib/gcc/arm-none-eabi/12.3.1/thumb/v8-m.main+fp/hard/libcr_eabihelpers.a(division_64.o)
                0x00003530                __aeabi_uldivmod
                0x00003534                __bhs_ldivmod1
 .text.__aeabi_division_idiv0
                0x000036a4        0x2 /Applications/MCUXpressoIDE_11.9.0_2144/ide/plugins/com.nxp.mcuxpresso.tools.macosx_11.9.0.202307121226/tools/bin/../lib/gcc/arm-none-eabi/12.3.1/thumb/v8-m.main+fp/hard/libcr_eabihelpers.a(division_idiv0.o)
                0x000036a4                __aeabi_idiv0
 .text.__aeabi_memset_lowlevel
                0x000036a6       0x32 /Applications/MCUXpressoIDE_11.9.0_2144/ide/plugins/com.nxp.mcuxpresso.tools.macosx_11.9.0.202307121226/tools/bin/../lib/gcc/arm-none-eabi/12.3.1/thumb/v8-m.main+fp/hard/libcr_eabihelpers.a(memcpy.o)
                0x000036a6                __aeabi_lowlevel_memset
 .text.__sys_close
                0x000036d8        0xc /Applications/MCUXpressoIDE_11.9.0_2144/ide/plugins/com.nxp.mcuxpresso.tools.macosx_11.9.0.202307121226/tools/bin/../lib/gcc/arm-none-eabi/12.3.1/../../../../arm-none-eabi/lib/thumb/v8-m.main+fp/hard/libcr_semihost_nf.a(__sys_close.o)
                0x000036d8                __sys_close
 .text.__sys_flen
                0x000036e4        0xc /Applications/MCUXpressoIDE_11.9.0_2144/ide/plugins/com.nxp.mcuxpresso.tools.macosx_11.9.0.202307121226/tools/bin/../lib/gcc/arm-none-eabi/12.3.1/../../../../arm-none-eabi/lib/thumb/v8-m.main+fp/hard/libcr_semihost_nf.a(__sys_flen.o)
                0x000036e4                __sys_flen
 .text.__sys_istty
                0x000036f0        0xc /Applications/MCUXpressoIDE_11.9.0_2144/ide/plugins/com.nxp.mcuxpresso.tools.macosx_11.9.0.202307121226/tools/bin/../lib/gcc/arm-none-eabi/12.3.1/../../../../arm-none-eabi/lib/thumb/v8-m.main+fp/hard/libcr_semihost_nf.a(__sys_istty.o)
                0x000036f0                __sys_istty
 .text.__sys_remove
                0x000036fc        0xc /Applications/MCUXpressoIDE_11.9.0_2144/ide/plugins/com.nxp.mcuxpresso.tools.macosx_11.9.0.202307121226/tools/bin/../lib/gcc/arm-none-eabi/12.3.1/../../../../arm-none-eabi/lib/thumb/v8-m.main+fp/hard/libcr_semihost_nf.a(__sys_remove.o)
                0x000036fc                __sys_remove
 .text.__sys_seek
                0x00003708        0xc /Applications/MCUXpressoIDE_11.9.0_2144/ide/plugins/com.nxp.mcuxpresso.tools.macosx_11.9.0.202307121226/tools/bin/../lib/gcc/arm-none-eabi/12.3.1/../../../../arm-none-eabi/lib/thumb/v8-m.main+fp/hard/libcr_semihost_nf.a(__sys_seek.o)
                0x00003708                __sys_seek
 .text.__sys_tmpnam
                0x00003714        0xc /Applications/MCUXpressoIDE_11.9.0_2144/ide/plugins/com.nxp.mcuxpresso.tools.macosx_11.9.0.202307121226/tools/bin/../lib/gcc/arm-none-eabi/12.3.1/../../../../arm-none-eabi/lib/thumb/v8-m.main+fp/hard/libcr_semihost_nf.a(__sys_tmpnam.o)
                0x00003714                __sys_tmpnam
 .text.__sys_write
                0x00003720        0xc /Applications/MCUXpressoIDE_11.9.0_2144/ide/plugins/com.nxp.mcuxpresso.tools.macosx_11.9.0.202307121226/tools/bin/../lib/gcc/arm-none-eabi/12.3.1/../../../../arm-none-eabi/lib/thumb/v8-m.main+fp/hard/libcr_semihost_nf.a(__sys_write.o)
                0x00003720                __sys_write
 *(SORT_BY_ALIGNMENT(.rodata) SORT_BY_ALIGNMENT(.rodata.*) SORT_BY_ALIGNMENT(.constdata) SORT_BY_ALIGNMENT(.constdata.*))
 .rodata.__assertion_failed.str1.4
                0x0000372c       0x14 ./utilities/fsl_assert.o
 .rodata.init_I2C_target.str1.4
                0x00003740       0x39 ./source/i2c_polling_b2b_slave.o
 *fill*         0x00003779        0x3 ff
 .rodata.IntervalList
                0x0000377c       0x60 ./drivers/fsl_clock.o
 .rodata.SDK_DelayAtLeastUs.str1.4
                0x000037dc       0x2b ./drivers/fsl_common_arm.o
 *fill*         0x00003807        0x1 ff
 .rodata.s_flexcommBaseAddrs
                0x00003808       0x24 ./drivers/fsl_flexcomm.o
 .rodata.s_flexcommClocks
                0x0000382c       0x12 ./drivers/fsl_flexcomm.o
 *fill*         0x0000383e        0x2 ff
 .rodata.s_flexcommResets
                0x00003840       0x24 ./drivers/fsl_flexcomm.o
 .rodata.FLEXCOMM_GetInstance.str1.4
                0x00003864       0x41 ./drivers/fsl_flexcomm.o
 *fill*         0x000038a5        0x3 ff
 .rodata.FLEXCOMM0_DriverIRQHandler.str1.4
                0x000038a8       0x3c ./drivers/fsl_flexcomm.o
 .rodata.FLEXCOMM1_DriverIRQHandler.str1.4
                0x000038e4       0x3c ./drivers/fsl_flexcomm.o
 .rodata.FLEXCOMM2_DriverIRQHandler.str1.4
                0x00003920       0x3c ./drivers/fsl_flexcomm.o
 .rodata.FLEXCOMM3_DriverIRQHandler.str1.4
                0x0000395c       0x3c ./drivers/fsl_flexcomm.o
 .rodata.FLEXCOMM4_DriverIRQHandler.str1.4
                0x00003998       0x3c ./drivers/fsl_flexcomm.o
 .rodata.FLEXCOMM5_DriverIRQHandler.str1.4
                0x000039d4       0x3c ./drivers/fsl_flexcomm.o
 .rodata.FLEXCOMM6_DriverIRQHandler.str1.4
                0x00003a10       0x3c ./drivers/fsl_flexcomm.o
 .rodata.FLEXCOMM7_DriverIRQHandler.str1.4
                0x00003a4c       0x3c ./drivers/fsl_flexcomm.o
 .rodata.FLEXCOMM8_DriverIRQHandler.str1.4
                0x00003a88       0x3c ./drivers/fsl_flexcomm.o
 .rodata.I2C_SlaveGetDefaultConfig.str1.4
                0x00003ac4       0x25 ./drivers/fsl_i2c.o
 *fill*         0x00003ae9        0x3 ff
 .rodata.RESET_SetPeripheralReset.str1.4
                0x00003aec       0x1e ./drivers/fsl_reset.o
 *fill*         0x00003b0a        0x2 ff
 .rodata.RESET_ClearPeripheralReset.str1.4
                0x00003b0c       0x1e ./drivers/fsl_reset.o
 *fill*         0x00003b2a        0x2 ff
 .rodata.__num_Ciob_streams
                0x00003b2c        0x4 /Applications/MCUXpressoIDE_11.9.0_2144/ide/plugins/com.nxp.mcuxpresso.tools.macosx_11.9.0.202307121226/tools/bin/../lib/gcc/arm-none-eabi/12.3.1/../../../../arm-none-eabi/lib/thumb/v8-m.main+fp/hard/libcr_semihost_nf.a(__ciob.o)
                0x00003b2c                __num_Ciob_streams
 .rodata._Csys_alloc.str1.1
                0x00003b30       0x18 /Applications/MCUXpressoIDE_11.9.0_2144/ide/plugins/com.nxp.mcuxpresso.tools.macosx_11.9.0.202307121226/tools/bin/../lib/gcc/arm-none-eabi/12.3.1/../../../../arm-none-eabi/lib/thumb/v8-m.main+fp/hard/libcr_c.a(alloc.o)
 .rodata._initio.str1.1
                0x00003b48        0x4 /Applications/MCUXpressoIDE_11.9.0_2144/ide/plugins/com.nxp.mcuxpresso.tools.macosx_11.9.0.202307121226/tools/bin/../lib/gcc/arm-none-eabi/12.3.1/../../../../arm-none-eabi/lib/thumb/v8-m.main+fp/hard/libcr_c.a(initio.o)
 .rodata.__vfprintf.str1.1
                0x00003b4c       0x37 /Applications/MCUXpressoIDE_11.9.0_2144/ide/plugins/com.nxp.mcuxpresso.tools.macosx_11.9.0.202307121226/tools/bin/../lib/gcc/arm-none-eabi/12.3.1/../../../../arm-none-eabi/lib/thumb/v8-m.main+fp/hard/libcr_c.a(printf.o)
                                 0x38 (size before relaxing)
                0x00003b84                        . = ALIGN (0x4)
 *fill*         0x00003b83        0x1 ff

.glue_7         0x00003b84        0x0
 .glue_7        0x00003b84        0x0 linker stubs

.glue_7t        0x00003b84        0x0
 .glue_7t       0x00003b84        0x0 linker stubs

.vfp11_veneer   0x00003b84        0x0
 .vfp11_veneer  0x00003b84        0x0 linker stubs

.v4_bx          0x00003b84        0x0
 .v4_bx         0x00003b84        0x0 linker stubs

.iplt           0x00003b84        0x0
 .iplt          0x00003b84        0x0 ./utilities/fsl_assert.o

.rel.dyn        0x00003b84        0x0
 .rel.iplt      0x00003b84        0x0 ./utilities/fsl_assert.o

.ARM.extab
 *(SORT_BY_ALIGNMENT(.ARM.extab*) SORT_BY_ALIGNMENT(.gnu.linkonce.armextab.*))

.ARM.exidx      0x00003b84        0x0
                0x00003b84                        __exidx_start = .
 *(SORT_BY_ALIGNMENT(.ARM.exidx*) SORT_BY_ALIGNMENT(.gnu.linkonce.armexidx.*))
                0x00003b84                        __exidx_end = .
                0x00003b84                        _etext = .

.data_RAM2      0x04000000        0x0 load address 0x00003b84
 FILL mask 0xff
                [!provide]                        PROVIDE (__start_data_RAM2 = .)
                [!provide]                        PROVIDE (__start_data_SRAMX = .)
 *(SORT_BY_ALIGNMENT(.ramfunc.$RAM2))
 *(SORT_BY_ALIGNMENT(.ramfunc.$SRAMX))
 *(SORT_BY_ALIGNMENT(.data.$RAM2))
 *(SORT_BY_ALIGNMENT(.data.$SRAMX))
 *(SORT_BY_ALIGNMENT(.data.$RAM2.*))
 *(SORT_BY_ALIGNMENT(.data.$SRAMX.*))
                0x04000000                        . = ALIGN (0x4)
                [!provide]                        PROVIDE (__end_data_RAM2 = .)
                [!provide]                        PROVIDE (__end_data_SRAMX = .)

.uninit_RESERVED
                0x20000000        0x0
                0x20000000                        _start_uninit_RESERVED = .
 *(SORT_BY_ALIGNMENT(.bss.$RESERVED*))
                0x20000000                        . = ALIGN (0x4)
                0x20000000                        _end_uninit_RESERVED = .

.data           0x20000000        0x8 load address 0x00003b84
 FILL mask 0xff
                0x20000000                        _data = .
                [!provide]                        PROVIDE (__start_data_RAM = .)
                [!provide]                        PROVIDE (__start_data_SRAM = .)
 *(SORT_BY_ALIGNMENT(vtable))
 *(SORT_BY_ALIGNMENT(.ramfunc*))
 *(SORT_BY_ALIGNMENT(CodeQuickAccess))
 *(SORT_BY_ALIGNMENT(DataQuickAccess))
 *(SORT_BY_ALIGNMENT(RamFunction))
 *(SORT_BY_ALIGNMENT(.data*))
 .data.s_Ext_Clk_Freq
                0x20000000        0x4 ./drivers/fsl_clock.o
 .data.SystemCoreClock
                0x20000004        0x4 ./device/system_LPC55S36.o
                0x20000004                SystemCoreClock
                0x20000008                        . = ALIGN (0x4)
                0x20000008                        _edata = .
                [!provide]                        PROVIDE (__end_data_RAM = .)
                [!provide]                        PROVIDE (__end_data_SRAM = .)

.igot.plt       0x20000008        0x0 load address 0x00003b8c
 .igot.plt      0x20000008        0x0 ./utilities/fsl_assert.o

.bss_RAM2       0x04000000        0x0
                [!provide]                        PROVIDE (__start_bss_RAM2 = .)
                [!provide]                        PROVIDE (__start_bss_SRAMX = .)
 *(SORT_BY_ALIGNMENT(.bss.$RAM2))
 *(SORT_BY_ALIGNMENT(.bss.$SRAMX))
 *(SORT_BY_ALIGNMENT(.bss.$RAM2.*))
 *(SORT_BY_ALIGNMENT(.bss.$SRAMX.*))
                0x04000000                        . = ALIGN ((. != 0x0)?0x4:0x1)
                [!provide]                        PROVIDE (__end_bss_RAM2 = .)
                [!provide]                        PROVIDE (__end_bss_SRAMX = .)

.bss            0x20000008      0x210
                0x20000008                        _bss = .
                [!provide]                        PROVIDE (__start_bss_RAM = .)
                [!provide]                        PROVIDE (__start_bss_SRAM = .)
 *(SORT_BY_ALIGNMENT(.bss*))
 .bss.g_mem     0x20000008      0x100 ./source/i2c_polling_b2b_slave.o
                0x20000008                g_mem
 .bss.s_Pll0_Freq
                0x20000108        0x4 ./drivers/fsl_clock.o
 .bss.s_flexcommIrqHandler
                0x2000010c       0x24 ./drivers/fsl_flexcomm.o
 .bss.s_flexcommHandle
                0x20000130       0x24 ./drivers/fsl_flexcomm.o
 .bss.errno     0x20000154        0x4 /Applications/MCUXpressoIDE_11.9.0_2144/ide/plugins/com.nxp.mcuxpresso.tools.macosx_11.9.0.202307121226/tools/bin/../lib/gcc/arm-none-eabi/12.3.1/../../../../arm-none-eabi/lib/thumb/v8-m.main+fp/hard/libcr_c.a(errno.o)
                0x20000154                errno
 .bss.__end_of_heap
                0x20000158        0x4 /Applications/MCUXpressoIDE_11.9.0_2144/ide/plugins/com.nxp.mcuxpresso.tools.macosx_11.9.0.202307121226/tools/bin/../lib/gcc/arm-none-eabi/12.3.1/../../../../arm-none-eabi/lib/thumb/v8-m.main+fp/hard/libcr_c.a(__init_alloc.o)
                0x20000158                __end_of_heap
 .bss.__heaps   0x2000015c        0x4 /Applications/MCUXpressoIDE_11.9.0_2144/ide/plugins/com.nxp.mcuxpresso.tools.macosx_11.9.0.202307121226/tools/bin/../lib/gcc/arm-none-eabi/12.3.1/../../../../arm-none-eabi/lib/thumb/v8-m.main+fp/hard/libcr_c.a(__init_alloc.o)
                0x2000015c                __heaps
 .bss.__Ciob    0x20000160       0xb4 /Applications/MCUXpressoIDE_11.9.0_2144/ide/plugins/com.nxp.mcuxpresso.tools.macosx_11.9.0.202307121226/tools/bin/../lib/gcc/arm-none-eabi/12.3.1/../../../../arm-none-eabi/lib/thumb/v8-m.main+fp/hard/libcr_semihost_nf.a(__ciob.o)
                0x20000160                __Ciob
 .bss.ptr.0     0x20000214        0x1 ./source/i2c_polling_b2b_slave.o
 *(SORT_BY_ALIGNMENT(COMMON))
                0x20000218                        . = ALIGN (0x4)
 *fill*         0x20000215        0x3 
                0x20000218                        _ebss = .
                [!provide]                        PROVIDE (__end_bss_RAM = .)
                [!provide]                        PROVIDE (__end_bss_SRAM = .)
                [!provide]                        PROVIDE (end = .)

.noinit_RAM2    0x04000000        0x0
                [!provide]                        PROVIDE (__start_noinit_RAM2 = .)
                [!provide]                        PROVIDE (__start_noinit_SRAMX = .)
 *(SORT_BY_ALIGNMENT(.noinit.$RAM2))
 *(SORT_BY_ALIGNMENT(.noinit.$SRAMX))
 *(SORT_BY_ALIGNMENT(.noinit.$RAM2.*))
 *(SORT_BY_ALIGNMENT(.noinit.$SRAMX.*))
                0x04000000                        . = ALIGN (0x4)
                [!provide]                        PROVIDE (__end_noinit_RAM2 = .)
                [!provide]                        PROVIDE (__end_noinit_SRAMX = .)

.noinit         0x20000218        0x0
                0x20000218                        _noinit = .
                [!provide]                        PROVIDE (__start_noinit_RAM = .)
                [!provide]                        PROVIDE (__start_noinit_SRAM = .)
 *(SORT_BY_ALIGNMENT(.noinit*))
                0x20000218                        . = ALIGN (0x4)
                0x20000218                        _end_noinit = .
                [!provide]                        PROVIDE (__end_noinit_RAM = .)
                [!provide]                        PROVIDE (__end_noinit_SRAM = .)
                0x00001000                        _HeapSize = 0x1000

.heap           0x20000218     0x1000
                0x20000218                        _pvHeapStart = .
                0x20001218                        . = (. + _HeapSize)
 *fill*         0x20000218     0x1000 
                0x20001218                        . = ALIGN (0x4)
                0x20001218                        _pvHeapLimit = .
                0x00001000                        _StackSize = 0x1000

.heap2stackfill
                0x20001218     0x1000
                0x20002218                        . = (. + _StackSize)
 *fill*         0x20001218     0x1000 

.stack          0x2001b000        0x0
                0x2001b000                        _vStackBase = .
                0x2001b000                        . = ALIGN (0x4)
                0x2001c000                        _vStackTop = (. + _StackSize)
                [!provide]                        PROVIDE (__valid_user_code_checksum = (0x0 - ((((((_vStackTop + (ResetISR + 0x1)) + (NMI_Handler + 0x1)) + (HardFault_Handler + 0x1)) + (DEFINED (MemManage_Handler)?MemManage_Handler:0x0 + 0x1)) + (DEFINED (BusFault_Handler)?BusFault_Handler:0x0 + 0x1)) + (DEFINED (UsageFault_Handler)?UsageFault_Handler:0x0 + 0x1))))
                0x00000000                        _image_start = LOADADDR (.text)
                0x00003b8c                        _image_end = (LOADADDR (.data) + SIZEOF (.data))
                0x00003b8c                        _image_size = (_image_end - _image_start)
OUTPUT(lpcxpresso55s36_i2c_polling_b2b_slave.axf elf32-littlearm)
LOAD linker stubs

.debug_info     0x00000000    0x182dd
 .debug_info    0x00000000      0x135 ./utilities/fsl_assert.o
 .debug_info    0x00000135     0x109b ./startup/startup_lpc55s36.o
 .debug_info    0x000011d0     0x14fc ./source/i2c_polling_b2b_slave.o
 .debug_info    0x000026cc       0x3c ./source/semihost_hardfault.o
 .debug_info    0x00002708     0x3c84 ./drivers/fsl_clock.o
 .debug_info    0x0000638c     0x1a47 ./drivers/fsl_common_arm.o
 .debug_info    0x00007dd3     0x200f ./drivers/fsl_flexcomm.o
 .debug_info    0x00009de2     0x24e1 ./drivers/fsl_i2c.o
 .debug_info    0x0000c2c3     0x2dfa ./drivers/fsl_power.o
 .debug_info    0x0000f0bd     0x11fd ./drivers/fsl_reset.o
 .debug_info    0x000102ba     0x1679 ./device/system_LPC55S36.o
 .debug_info    0x00011933      0xb7f ./board/board.o
 .debug_info    0x000124b2     0x1117 ./board/clock_config.o
 .debug_info    0x000135c9     0x12ee ./board/pin_mux.o
 .debug_info    0x000148b7       0x85 /Applications/MCUXpressoIDE_11.9.0_2144/ide/plugins/com.nxp.mcuxpresso.tools.macosx_11.9.0.202307121226/tools/bin/../lib/gcc/arm-none-eabi/12.3.1/../../../../arm-none-eabi/lib/thumb/v8-m.main+fp/hard/libcr_semihost_nf.a(_cr__main.o)
 .debug_info    0x0001493c       0xe3 /Applications/MCUXpressoIDE_11.9.0_2144/ide/plugins/com.nxp.mcuxpresso.tools.macosx_11.9.0.202307121226/tools/bin/../lib/gcc/arm-none-eabi/12.3.1/../../../../arm-none-eabi/lib/thumb/v8-m.main+fp/hard/libcr_c.a(memset.o)
 .debug_info    0x00014a1f      0x506 /Applications/MCUXpressoIDE_11.9.0_2144/ide/plugins/com.nxp.mcuxpresso.tools.macosx_11.9.0.202307121226/tools/bin/../lib/gcc/arm-none-eabi/12.3.1/../../../../arm-none-eabi/lib/thumb/v8-m.main+fp/hard/libcr_c.a(alloc.o)
 .debug_info    0x00014f25       0x44 /Applications/MCUXpressoIDE_11.9.0_2144/ide/plugins/com.nxp.mcuxpresso.tools.macosx_11.9.0.202307121226/tools/bin/../lib/gcc/arm-none-eabi/12.3.1/../../../../arm-none-eabi/lib/thumb/v8-m.main+fp/hard/libcr_c.a(errno.o)
 .debug_info    0x00014f69      0x339 /Applications/MCUXpressoIDE_11.9.0_2144/ide/plugins/com.nxp.mcuxpresso.tools.macosx_11.9.0.202307121226/tools/bin/../lib/gcc/arm-none-eabi/12.3.1/../../../../arm-none-eabi/lib/thumb/v8-m.main+fp/hard/libcr_c.a(initio.o)
 .debug_info    0x000152a2     0x126c /Applications/MCUXpressoIDE_11.9.0_2144/ide/plugins/com.nxp.mcuxpresso.tools.macosx_11.9.0.202307121226/tools/bin/../lib/gcc/arm-none-eabi/12.3.1/../../../../arm-none-eabi/lib/thumb/v8-m.main+fp/hard/libcr_c.a(printf.o)
 .debug_info    0x0001650e      0x1f6 /Applications/MCUXpressoIDE_11.9.0_2144/ide/plugins/com.nxp.mcuxpresso.tools.macosx_11.9.0.202307121226/tools/bin/../lib/gcc/arm-none-eabi/12.3.1/../../../../arm-none-eabi/lib/thumb/v8-m.main+fp/hard/libcr_c.a(setvbuf.o)
 .debug_info    0x00016704       0xda /Applications/MCUXpressoIDE_11.9.0_2144/ide/plugins/com.nxp.mcuxpresso.tools.macosx_11.9.0.202307121226/tools/bin/../lib/gcc/arm-none-eabi/12.3.1/../../../../arm-none-eabi/lib/thumb/v8-m.main+fp/hard/libcr_c.a(strlen.o)
 .debug_info    0x000167de       0xd4 /Applications/MCUXpressoIDE_11.9.0_2144/ide/plugins/com.nxp.mcuxpresso.tools.macosx_11.9.0.202307121226/tools/bin/../lib/gcc/arm-none-eabi/12.3.1/../../../../arm-none-eabi/lib/thumb/v8-m.main+fp/hard/libcr_c.a(__init_alloc.o)
 .debug_info    0x000168b2      0x100 /Applications/MCUXpressoIDE_11.9.0_2144/ide/plugins/com.nxp.mcuxpresso.tools.macosx_11.9.0.202307121226/tools/bin/../lib/gcc/arm-none-eabi/12.3.1/../../../../arm-none-eabi/lib/thumb/v8-m.main+fp/hard/libcr_c.a(_cr_sbrk.o)
 .debug_info    0x000169b2      0x362 /Applications/MCUXpressoIDE_11.9.0_2144/ide/plugins/com.nxp.mcuxpresso.tools.macosx_11.9.0.202307121226/tools/bin/../lib/gcc/arm-none-eabi/12.3.1/../../../../arm-none-eabi/lib/thumb/v8-m.main+fp/hard/libcr_c.a(_deferredlazyseek.o)
 .debug_info    0x00016d14      0x244 /Applications/MCUXpressoIDE_11.9.0_2144/ide/plugins/com.nxp.mcuxpresso.tools.macosx_11.9.0.202307121226/tools/bin/../lib/gcc/arm-none-eabi/12.3.1/../../../../arm-none-eabi/lib/thumb/v8-m.main+fp/hard/libcr_c.a(_fdopen.o)
 .debug_info    0x00016f58      0x1e3 /Applications/MCUXpressoIDE_11.9.0_2144/ide/plugins/com.nxp.mcuxpresso.tools.macosx_11.9.0.202307121226/tools/bin/../lib/gcc/arm-none-eabi/12.3.1/../../../../arm-none-eabi/lib/thumb/v8-m.main+fp/hard/libcr_c.a(_fflush.o)
 .debug_info    0x0001713b      0x282 /Applications/MCUXpressoIDE_11.9.0_2144/ide/plugins/com.nxp.mcuxpresso.tools.macosx_11.9.0.202307121226/tools/bin/../lib/gcc/arm-none-eabi/12.3.1/../../../../arm-none-eabi/lib/thumb/v8-m.main+fp/hard/libcr_c.a(_writebuf.o)
 .debug_info    0x000173bd      0x318 /Applications/MCUXpressoIDE_11.9.0_2144/ide/plugins/com.nxp.mcuxpresso.tools.macosx_11.9.0.202307121226/tools/bin/../lib/gcc/arm-none-eabi/12.3.1/../../../../arm-none-eabi/lib/thumb/v8-m.main+fp/hard/libcr_c.a(fclose.o)
 .debug_info    0x000176d5      0x202 /Applications/MCUXpressoIDE_11.9.0_2144/ide/plugins/com.nxp.mcuxpresso.tools.macosx_11.9.0.202307121226/tools/bin/../lib/gcc/arm-none-eabi/12.3.1/../../../../arm-none-eabi/lib/thumb/v8-m.main+fp/hard/libcr_c.a(fflush.o)
 .debug_info    0x000178d7      0x276 /Applications/MCUXpressoIDE_11.9.0_2144/ide/plugins/com.nxp.mcuxpresso.tools.macosx_11.9.0.202307121226/tools/bin/../lib/gcc/arm-none-eabi/12.3.1/../../../../arm-none-eabi/lib/thumb/v8-m.main+fp/hard/libcr_c.a(fseek.o)
 .debug_info    0x00017b4d      0x190 /Applications/MCUXpressoIDE_11.9.0_2144/ide/plugins/com.nxp.mcuxpresso.tools.macosx_11.9.0.202307121226/tools/bin/../lib/gcc/arm-none-eabi/12.3.1/../../../../arm-none-eabi/lib/thumb/v8-m.main+fp/hard/libcr_c.a(ftell.o)
 .debug_info    0x00017cdd      0x1ca /Applications/MCUXpressoIDE_11.9.0_2144/ide/plugins/com.nxp.mcuxpresso.tools.macosx_11.9.0.202307121226/tools/bin/../lib/gcc/arm-none-eabi/12.3.1/../../../../arm-none-eabi/lib/thumb/v8-m.main+fp/hard/libcr_c.a(remove.o)
 .debug_info    0x00017ea7       0x71 /Applications/MCUXpressoIDE_11.9.0_2144/ide/plugins/com.nxp.mcuxpresso.tools.macosx_11.9.0.202307121226/tools/bin/../lib/gcc/arm-none-eabi/12.3.1/../../../../arm-none-eabi/lib/thumb/v8-m.main+fp/hard/libcr_c.a(_cr_check_heap.o)
 .debug_info    0x00017f18      0x23a /Applications/MCUXpressoIDE_11.9.0_2144/ide/plugins/com.nxp.mcuxpresso.tools.macosx_11.9.0.202307121226/tools/bin/../lib/gcc/arm-none-eabi/12.3.1/../../../../arm-none-eabi/lib/thumb/v8-m.main+fp/hard/libcr_c.a(_do_fflush.o)
 .debug_info    0x00018152      0x18b /Applications/MCUXpressoIDE_11.9.0_2144/ide/plugins/com.nxp.mcuxpresso.tools.macosx_11.9.0.202307121226/tools/bin/../lib/gcc/arm-none-eabi/12.3.1/../../../../arm-none-eabi/lib/thumb/v8-m.main+fp/hard/libcr_semihost_nf.a(__ciob.o)

.debug_abbrev   0x00000000     0x3400
 .debug_abbrev  0x00000000       0xbd ./utilities/fsl_assert.o
 .debug_abbrev  0x000000bd      0x147 ./startup/startup_lpc55s36.o
 .debug_abbrev  0x00000204      0x272 ./source/i2c_polling_b2b_slave.o
 .debug_abbrev  0x00000476       0x31 ./source/semihost_hardfault.o
 .debug_abbrev  0x000004a7      0x396 ./drivers/fsl_clock.o
 .debug_abbrev  0x0000083d      0x22f ./drivers/fsl_common_arm.o
 .debug_abbrev  0x00000a6c      0x2a8 ./drivers/fsl_flexcomm.o
 .debug_abbrev  0x00000d14      0x3a0 ./drivers/fsl_i2c.o
 .debug_abbrev  0x000010b4      0x373 ./drivers/fsl_power.o
 .debug_abbrev  0x00001427      0x16c ./drivers/fsl_reset.o
 .debug_abbrev  0x00001593      0x143 ./device/system_LPC55S36.o
 .debug_abbrev  0x000016d6      0x120 ./board/board.o
 .debug_abbrev  0x000017f6      0x1fc ./board/clock_config.o
 .debug_abbrev  0x000019f2      0x1d4 ./board/pin_mux.o
 .debug_abbrev  0x00001bc6       0x70 /Applications/MCUXpressoIDE_11.9.0_2144/ide/plugins/com.nxp.mcuxpresso.tools.macosx_11.9.0.202307121226/tools/bin/../lib/gcc/arm-none-eabi/12.3.1/../../../../arm-none-eabi/lib/thumb/v8-m.main+fp/hard/libcr_semihost_nf.a(_cr__main.o)
 .debug_abbrev  0x00001c36       0xa8 /Applications/MCUXpressoIDE_11.9.0_2144/ide/plugins/com.nxp.mcuxpresso.tools.macosx_11.9.0.202307121226/tools/bin/../lib/gcc/arm-none-eabi/12.3.1/../../../../arm-none-eabi/lib/thumb/v8-m.main+fp/hard/libcr_c.a(memset.o)
 .debug_abbrev  0x00001cde      0x284 /Applications/MCUXpressoIDE_11.9.0_2144/ide/plugins/com.nxp.mcuxpresso.tools.macosx_11.9.0.202307121226/tools/bin/../lib/gcc/arm-none-eabi/12.3.1/../../../../arm-none-eabi/lib/thumb/v8-m.main+fp/hard/libcr_c.a(alloc.o)
 .debug_abbrev  0x00001f62       0x44 /Applications/MCUXpressoIDE_11.9.0_2144/ide/plugins/com.nxp.mcuxpresso.tools.macosx_11.9.0.202307121226/tools/bin/../lib/gcc/arm-none-eabi/12.3.1/../../../../arm-none-eabi/lib/thumb/v8-m.main+fp/hard/libcr_c.a(errno.o)
 .debug_abbrev  0x00001fa6      0x169 /Applications/MCUXpressoIDE_11.9.0_2144/ide/plugins/com.nxp.mcuxpresso.tools.macosx_11.9.0.202307121226/tools/bin/../lib/gcc/arm-none-eabi/12.3.1/../../../../arm-none-eabi/lib/thumb/v8-m.main+fp/hard/libcr_c.a(initio.o)
 .debug_abbrev  0x0000210f      0x3c7 /Applications/MCUXpressoIDE_11.9.0_2144/ide/plugins/com.nxp.mcuxpresso.tools.macosx_11.9.0.202307121226/tools/bin/../lib/gcc/arm-none-eabi/12.3.1/../../../../arm-none-eabi/lib/thumb/v8-m.main+fp/hard/libcr_c.a(printf.o)
 .debug_abbrev  0x000024d6       0xe1 /Applications/MCUXpressoIDE_11.9.0_2144/ide/plugins/com.nxp.mcuxpresso.tools.macosx_11.9.0.202307121226/tools/bin/../lib/gcc/arm-none-eabi/12.3.1/../../../../arm-none-eabi/lib/thumb/v8-m.main+fp/hard/libcr_c.a(setvbuf.o)
 .debug_abbrev  0x000025b7       0xa7 /Applications/MCUXpressoIDE_11.9.0_2144/ide/plugins/com.nxp.mcuxpresso.tools.macosx_11.9.0.202307121226/tools/bin/../lib/gcc/arm-none-eabi/12.3.1/../../../../arm-none-eabi/lib/thumb/v8-m.main+fp/hard/libcr_c.a(strlen.o)
 .debug_abbrev  0x0000265e       0xaf /Applications/MCUXpressoIDE_11.9.0_2144/ide/plugins/com.nxp.mcuxpresso.tools.macosx_11.9.0.202307121226/tools/bin/../lib/gcc/arm-none-eabi/12.3.1/../../../../arm-none-eabi/lib/thumb/v8-m.main+fp/hard/libcr_c.a(__init_alloc.o)
 .debug_abbrev  0x0000270d       0xd3 /Applications/MCUXpressoIDE_11.9.0_2144/ide/plugins/com.nxp.mcuxpresso.tools.macosx_11.9.0.202307121226/tools/bin/../lib/gcc/arm-none-eabi/12.3.1/../../../../arm-none-eabi/lib/thumb/v8-m.main+fp/hard/libcr_c.a(_cr_sbrk.o)
 .debug_abbrev  0x000027e0      0x152 /Applications/MCUXpressoIDE_11.9.0_2144/ide/plugins/com.nxp.mcuxpresso.tools.macosx_11.9.0.202307121226/tools/bin/../lib/gcc/arm-none-eabi/12.3.1/../../../../arm-none-eabi/lib/thumb/v8-m.main+fp/hard/libcr_c.a(_deferredlazyseek.o)
 .debug_abbrev  0x00002932      0x119 /Applications/MCUXpressoIDE_11.9.0_2144/ide/plugins/com.nxp.mcuxpresso.tools.macosx_11.9.0.202307121226/tools/bin/../lib/gcc/arm-none-eabi/12.3.1/../../../../arm-none-eabi/lib/thumb/v8-m.main+fp/hard/libcr_c.a(_fdopen.o)
 .debug_abbrev  0x00002a4b       0xf1 /Applications/MCUXpressoIDE_11.9.0_2144/ide/plugins/com.nxp.mcuxpresso.tools.macosx_11.9.0.202307121226/tools/bin/../lib/gcc/arm-none-eabi/12.3.1/../../../../arm-none-eabi/lib/thumb/v8-m.main+fp/hard/libcr_c.a(_fflush.o)
 .debug_abbrev  0x00002b3c      0x126 /Applications/MCUXpressoIDE_11.9.0_2144/ide/plugins/com.nxp.mcuxpresso.tools.macosx_11.9.0.202307121226/tools/bin/../lib/gcc/arm-none-eabi/12.3.1/../../../../arm-none-eabi/lib/thumb/v8-m.main+fp/hard/libcr_c.a(_writebuf.o)
 .debug_abbrev  0x00002c62      0x155 /Applications/MCUXpressoIDE_11.9.0_2144/ide/plugins/com.nxp.mcuxpresso.tools.macosx_11.9.0.202307121226/tools/bin/../lib/gcc/arm-none-eabi/12.3.1/../../../../arm-none-eabi/lib/thumb/v8-m.main+fp/hard/libcr_c.a(fclose.o)
 .debug_abbrev  0x00002db7      0x125 /Applications/MCUXpressoIDE_11.9.0_2144/ide/plugins/com.nxp.mcuxpresso.tools.macosx_11.9.0.202307121226/tools/bin/../lib/gcc/arm-none-eabi/12.3.1/../../../../arm-none-eabi/lib/thumb/v8-m.main+fp/hard/libcr_c.a(fflush.o)
 .debug_abbrev  0x00002edc      0x11b /Applications/MCUXpressoIDE_11.9.0_2144/ide/plugins/com.nxp.mcuxpresso.tools.macosx_11.9.0.202307121226/tools/bin/../lib/gcc/arm-none-eabi/12.3.1/../../../../arm-none-eabi/lib/thumb/v8-m.main+fp/hard/libcr_c.a(fseek.o)
 .debug_abbrev  0x00002ff7       0xc2 /Applications/MCUXpressoIDE_11.9.0_2144/ide/plugins/com.nxp.mcuxpresso.tools.macosx_11.9.0.202307121226/tools/bin/../lib/gcc/arm-none-eabi/12.3.1/../../../../arm-none-eabi/lib/thumb/v8-m.main+fp/hard/libcr_c.a(ftell.o)
 .debug_abbrev  0x000030b9       0xfb /Applications/MCUXpressoIDE_11.9.0_2144/ide/plugins/com.nxp.mcuxpresso.tools.macosx_11.9.0.202307121226/tools/bin/../lib/gcc/arm-none-eabi/12.3.1/../../../../arm-none-eabi/lib/thumb/v8-m.main+fp/hard/libcr_c.a(remove.o)
 .debug_abbrev  0x000031b4       0x6b /Applications/MCUXpressoIDE_11.9.0_2144/ide/plugins/com.nxp.mcuxpresso.tools.macosx_11.9.0.202307121226/tools/bin/../lib/gcc/arm-none-eabi/12.3.1/../../../../arm-none-eabi/lib/thumb/v8-m.main+fp/hard/libcr_c.a(_cr_check_heap.o)
 .debug_abbrev  0x0000321f      0x12c /Applications/MCUXpressoIDE_11.9.0_2144/ide/plugins/com.nxp.mcuxpresso.tools.macosx_11.9.0.202307121226/tools/bin/../lib/gcc/arm-none-eabi/12.3.1/../../../../arm-none-eabi/lib/thumb/v8-m.main+fp/hard/libcr_c.a(_do_fflush.o)
 .debug_abbrev  0x0000334b       0xb5 /Applications/MCUXpressoIDE_11.9.0_2144/ide/plugins/com.nxp.mcuxpresso.tools.macosx_11.9.0.202307121226/tools/bin/../lib/gcc/arm-none-eabi/12.3.1/../../../../arm-none-eabi/lib/thumb/v8-m.main+fp/hard/libcr_semihost_nf.a(__ciob.o)

.debug_aranges  0x00000000      0xf48
 .debug_aranges
                0x00000000       0x28 ./utilities/fsl_assert.o
 .debug_aranges
                0x00000028      0x448 ./startup/startup_lpc55s36.o
 .debug_aranges
                0x00000470       0x50 ./source/i2c_polling_b2b_slave.o
 .debug_aranges
                0x000004c0       0x20 ./source/semihost_hardfault.o
 .debug_aranges
                0x000004e0      0x270 ./drivers/fsl_clock.o
 .debug_aranges
                0x00000750       0x68 ./drivers/fsl_common_arm.o
 .debug_aranges
                0x000007b8       0x90 ./drivers/fsl_flexcomm.o
 .debug_aranges
                0x00000848      0x1a0 ./drivers/fsl_i2c.o
 .debug_aranges
                0x000009e8      0x118 ./drivers/fsl_power.o
 .debug_aranges
                0x00000b00       0x30 ./drivers/fsl_reset.o
 .debug_aranges
                0x00000b30       0x30 ./device/system_LPC55S36.o
 .debug_aranges
                0x00000b60       0x28 ./board/board.o
 .debug_aranges
                0x00000b88       0x50 ./board/clock_config.o
 .debug_aranges
                0x00000bd8       0x38 ./board/pin_mux.o
 .debug_aranges
                0x00000c10       0x20 /Applications/MCUXpressoIDE_11.9.0_2144/ide/plugins/com.nxp.mcuxpresso.tools.macosx_11.9.0.202307121226/tools/bin/../lib/gcc/arm-none-eabi/12.3.1/../../../../arm-none-eabi/lib/thumb/v8-m.main+fp/hard/libcr_semihost_nf.a(_cr__main.o)
 .debug_aranges
                0x00000c30       0x20 /Applications/MCUXpressoIDE_11.9.0_2144/ide/plugins/com.nxp.mcuxpresso.tools.macosx_11.9.0.202307121226/tools/bin/../lib/gcc/arm-none-eabi/12.3.1/../../../../arm-none-eabi/lib/thumb/v8-m.main+fp/hard/libcr_c.a(memset.o)
 .debug_aranges
                0x00000c50       0x40 /Applications/MCUXpressoIDE_11.9.0_2144/ide/plugins/com.nxp.mcuxpresso.tools.macosx_11.9.0.202307121226/tools/bin/../lib/gcc/arm-none-eabi/12.3.1/../../../../arm-none-eabi/lib/thumb/v8-m.main+fp/hard/libcr_c.a(alloc.o)
 .debug_aranges
                0x00000c90       0x18 /Applications/MCUXpressoIDE_11.9.0_2144/ide/plugins/com.nxp.mcuxpresso.tools.macosx_11.9.0.202307121226/tools/bin/../lib/gcc/arm-none-eabi/12.3.1/../../../../arm-none-eabi/lib/thumb/v8-m.main+fp/hard/libcr_c.a(errno.o)
 .debug_aranges
                0x00000ca8       0x28 /Applications/MCUXpressoIDE_11.9.0_2144/ide/plugins/com.nxp.mcuxpresso.tools.macosx_11.9.0.202307121226/tools/bin/../lib/gcc/arm-none-eabi/12.3.1/../../../../arm-none-eabi/lib/thumb/v8-m.main+fp/hard/libcr_c.a(initio.o)
 .debug_aranges
                0x00000cd0       0x70 /Applications/MCUXpressoIDE_11.9.0_2144/ide/plugins/com.nxp.mcuxpresso.tools.macosx_11.9.0.202307121226/tools/bin/../lib/gcc/arm-none-eabi/12.3.1/../../../../arm-none-eabi/lib/thumb/v8-m.main+fp/hard/libcr_c.a(printf.o)
 .debug_aranges
                0x00000d40       0x20 /Applications/MCUXpressoIDE_11.9.0_2144/ide/plugins/com.nxp.mcuxpresso.tools.macosx_11.9.0.202307121226/tools/bin/../lib/gcc/arm-none-eabi/12.3.1/../../../../arm-none-eabi/lib/thumb/v8-m.main+fp/hard/libcr_c.a(setvbuf.o)
 .debug_aranges
                0x00000d60       0x20 /Applications/MCUXpressoIDE_11.9.0_2144/ide/plugins/com.nxp.mcuxpresso.tools.macosx_11.9.0.202307121226/tools/bin/../lib/gcc/arm-none-eabi/12.3.1/../../../../arm-none-eabi/lib/thumb/v8-m.main+fp/hard/libcr_c.a(strlen.o)
 .debug_aranges
                0x00000d80       0x20 /Applications/MCUXpressoIDE_11.9.0_2144/ide/plugins/com.nxp.mcuxpresso.tools.macosx_11.9.0.202307121226/tools/bin/../lib/gcc/arm-none-eabi/12.3.1/../../../../arm-none-eabi/lib/thumb/v8-m.main+fp/hard/libcr_c.a(__init_alloc.o)
 .debug_aranges
                0x00000da0       0x20 /Applications/MCUXpressoIDE_11.9.0_2144/ide/plugins/com.nxp.mcuxpresso.tools.macosx_11.9.0.202307121226/tools/bin/../lib/gcc/arm-none-eabi/12.3.1/../../../../arm-none-eabi/lib/thumb/v8-m.main+fp/hard/libcr_c.a(_cr_sbrk.o)
 .debug_aranges
                0x00000dc0       0x28 /Applications/MCUXpressoIDE_11.9.0_2144/ide/plugins/com.nxp.mcuxpresso.tools.macosx_11.9.0.202307121226/tools/bin/../lib/gcc/arm-none-eabi/12.3.1/../../../../arm-none-eabi/lib/thumb/v8-m.main+fp/hard/libcr_c.a(_deferredlazyseek.o)
 .debug_aranges
                0x00000de8       0x20 /Applications/MCUXpressoIDE_11.9.0_2144/ide/plugins/com.nxp.mcuxpresso.tools.macosx_11.9.0.202307121226/tools/bin/../lib/gcc/arm-none-eabi/12.3.1/../../../../arm-none-eabi/lib/thumb/v8-m.main+fp/hard/libcr_c.a(_fdopen.o)
 .debug_aranges
                0x00000e08       0x20 /Applications/MCUXpressoIDE_11.9.0_2144/ide/plugins/com.nxp.mcuxpresso.tools.macosx_11.9.0.202307121226/tools/bin/../lib/gcc/arm-none-eabi/12.3.1/../../../../arm-none-eabi/lib/thumb/v8-m.main+fp/hard/libcr_c.a(_fflush.o)
 .debug_aranges
                0x00000e28       0x20 /Applications/MCUXpressoIDE_11.9.0_2144/ide/plugins/com.nxp.mcuxpresso.tools.macosx_11.9.0.202307121226/tools/bin/../lib/gcc/arm-none-eabi/12.3.1/../../../../arm-none-eabi/lib/thumb/v8-m.main+fp/hard/libcr_c.a(_writebuf.o)
 .debug_aranges
                0x00000e48       0x20 /Applications/MCUXpressoIDE_11.9.0_2144/ide/plugins/com.nxp.mcuxpresso.tools.macosx_11.9.0.202307121226/tools/bin/../lib/gcc/arm-none-eabi/12.3.1/../../../../arm-none-eabi/lib/thumb/v8-m.main+fp/hard/libcr_c.a(fclose.o)
 .debug_aranges
                0x00000e68       0x20 /Applications/MCUXpressoIDE_11.9.0_2144/ide/plugins/com.nxp.mcuxpresso.tools.macosx_11.9.0.202307121226/tools/bin/../lib/gcc/arm-none-eabi/12.3.1/../../../../arm-none-eabi/lib/thumb/v8-m.main+fp/hard/libcr_c.a(fflush.o)
 .debug_aranges
                0x00000e88       0x20 /Applications/MCUXpressoIDE_11.9.0_2144/ide/plugins/com.nxp.mcuxpresso.tools.macosx_11.9.0.202307121226/tools/bin/../lib/gcc/arm-none-eabi/12.3.1/../../../../arm-none-eabi/lib/thumb/v8-m.main+fp/hard/libcr_c.a(fseek.o)
 .debug_aranges
                0x00000ea8       0x20 /Applications/MCUXpressoIDE_11.9.0_2144/ide/plugins/com.nxp.mcuxpresso.tools.macosx_11.9.0.202307121226/tools/bin/../lib/gcc/arm-none-eabi/12.3.1/../../../../arm-none-eabi/lib/thumb/v8-m.main+fp/hard/libcr_c.a(ftell.o)
 .debug_aranges
                0x00000ec8       0x28 /Applications/MCUXpressoIDE_11.9.0_2144/ide/plugins/com.nxp.mcuxpresso.tools.macosx_11.9.0.202307121226/tools/bin/../lib/gcc/arm-none-eabi/12.3.1/../../../../arm-none-eabi/lib/thumb/v8-m.main+fp/hard/libcr_c.a(remove.o)
 .debug_aranges
                0x00000ef0       0x20 /Applications/MCUXpressoIDE_11.9.0_2144/ide/plugins/com.nxp.mcuxpresso.tools.macosx_11.9.0.202307121226/tools/bin/../lib/gcc/arm-none-eabi/12.3.1/../../../../arm-none-eabi/lib/thumb/v8-m.main+fp/hard/libcr_c.a(_cr_check_heap.o)
 .debug_aranges
                0x00000f10       0x20 /Applications/MCUXpressoIDE_11.9.0_2144/ide/plugins/com.nxp.mcuxpresso.tools.macosx_11.9.0.202307121226/tools/bin/../lib/gcc/arm-none-eabi/12.3.1/../../../../arm-none-eabi/lib/thumb/v8-m.main+fp/hard/libcr_c.a(_do_fflush.o)
 .debug_aranges
                0x00000f30       0x18 /Applications/MCUXpressoIDE_11.9.0_2144/ide/plugins/com.nxp.mcuxpresso.tools.macosx_11.9.0.202307121226/tools/bin/../lib/gcc/arm-none-eabi/12.3.1/../../../../arm-none-eabi/lib/thumb/v8-m.main+fp/hard/libcr_semihost_nf.a(__ciob.o)

.debug_ranges   0x00000000      0xf90
 .debug_ranges  0x00000000       0x18 ./utilities/fsl_assert.o
 .debug_ranges  0x00000018      0x438 ./startup/startup_lpc55s36.o
 .debug_ranges  0x00000450       0x40 ./source/i2c_polling_b2b_slave.o
 .debug_ranges  0x00000490       0x10 ./source/semihost_hardfault.o
 .debug_ranges  0x000004a0      0x260 ./drivers/fsl_clock.o
 .debug_ranges  0x00000700       0x58 ./drivers/fsl_common_arm.o
 .debug_ranges  0x00000758       0x80 ./drivers/fsl_flexcomm.o
 .debug_ranges  0x000007d8      0x1d8 ./drivers/fsl_i2c.o
 .debug_ranges  0x000009b0      0x120 ./drivers/fsl_power.o
 .debug_ranges  0x00000ad0       0x20 ./drivers/fsl_reset.o
 .debug_ranges  0x00000af0       0x20 ./device/system_LPC55S36.o
 .debug_ranges  0x00000b10       0x18 ./board/board.o
 .debug_ranges  0x00000b28       0x40 ./board/clock_config.o
 .debug_ranges  0x00000b68       0x28 ./board/pin_mux.o
 .debug_ranges  0x00000b90       0x10 /Applications/MCUXpressoIDE_11.9.0_2144/ide/plugins/com.nxp.mcuxpresso.tools.macosx_11.9.0.202307121226/tools/bin/../lib/gcc/arm-none-eabi/12.3.1/../../../../arm-none-eabi/lib/thumb/v8-m.main+fp/hard/libcr_semihost_nf.a(_cr__main.o)
 .debug_ranges  0x00000ba0       0x10 /Applications/MCUXpressoIDE_11.9.0_2144/ide/plugins/com.nxp.mcuxpresso.tools.macosx_11.9.0.202307121226/tools/bin/../lib/gcc/arm-none-eabi/12.3.1/../../../../arm-none-eabi/lib/thumb/v8-m.main+fp/hard/libcr_c.a(memset.o)
 .debug_ranges  0x00000bb0       0x48 /Applications/MCUXpressoIDE_11.9.0_2144/ide/plugins/com.nxp.mcuxpresso.tools.macosx_11.9.0.202307121226/tools/bin/../lib/gcc/arm-none-eabi/12.3.1/../../../../arm-none-eabi/lib/thumb/v8-m.main+fp/hard/libcr_c.a(alloc.o)
 .debug_ranges  0x00000bf8       0x18 /Applications/MCUXpressoIDE_11.9.0_2144/ide/plugins/com.nxp.mcuxpresso.tools.macosx_11.9.0.202307121226/tools/bin/../lib/gcc/arm-none-eabi/12.3.1/../../../../arm-none-eabi/lib/thumb/v8-m.main+fp/hard/libcr_c.a(initio.o)
 .debug_ranges  0x00000c10      0x230 /Applications/MCUXpressoIDE_11.9.0_2144/ide/plugins/com.nxp.mcuxpresso.tools.macosx_11.9.0.202307121226/tools/bin/../lib/gcc/arm-none-eabi/12.3.1/../../../../arm-none-eabi/lib/thumb/v8-m.main+fp/hard/libcr_c.a(printf.o)
 .debug_ranges  0x00000e40       0x10 /Applications/MCUXpressoIDE_11.9.0_2144/ide/plugins/com.nxp.mcuxpresso.tools.macosx_11.9.0.202307121226/tools/bin/../lib/gcc/arm-none-eabi/12.3.1/../../../../arm-none-eabi/lib/thumb/v8-m.main+fp/hard/libcr_c.a(setvbuf.o)
 .debug_ranges  0x00000e50       0x10 /Applications/MCUXpressoIDE_11.9.0_2144/ide/plugins/com.nxp.mcuxpresso.tools.macosx_11.9.0.202307121226/tools/bin/../lib/gcc/arm-none-eabi/12.3.1/../../../../arm-none-eabi/lib/thumb/v8-m.main+fp/hard/libcr_c.a(strlen.o)
 .debug_ranges  0x00000e60       0x10 /Applications/MCUXpressoIDE_11.9.0_2144/ide/plugins/com.nxp.mcuxpresso.tools.macosx_11.9.0.202307121226/tools/bin/../lib/gcc/arm-none-eabi/12.3.1/../../../../arm-none-eabi/lib/thumb/v8-m.main+fp/hard/libcr_c.a(__init_alloc.o)
 .debug_ranges  0x00000e70       0x10 /Applications/MCUXpressoIDE_11.9.0_2144/ide/plugins/com.nxp.mcuxpresso.tools.macosx_11.9.0.202307121226/tools/bin/../lib/gcc/arm-none-eabi/12.3.1/../../../../arm-none-eabi/lib/thumb/v8-m.main+fp/hard/libcr_c.a(_cr_sbrk.o)
 .debug_ranges  0x00000e80       0x38 /Applications/MCUXpressoIDE_11.9.0_2144/ide/plugins/com.nxp.mcuxpresso.tools.macosx_11.9.0.202307121226/tools/bin/../lib/gcc/arm-none-eabi/12.3.1/../../../../arm-none-eabi/lib/thumb/v8-m.main+fp/hard/libcr_c.a(_deferredlazyseek.o)
 .debug_ranges  0x00000eb8       0x10 /Applications/MCUXpressoIDE_11.9.0_2144/ide/plugins/com.nxp.mcuxpresso.tools.macosx_11.9.0.202307121226/tools/bin/../lib/gcc/arm-none-eabi/12.3.1/../../../../arm-none-eabi/lib/thumb/v8-m.main+fp/hard/libcr_c.a(_fdopen.o)
 .debug_ranges  0x00000ec8       0x10 /Applications/MCUXpressoIDE_11.9.0_2144/ide/plugins/com.nxp.mcuxpresso.tools.macosx_11.9.0.202307121226/tools/bin/../lib/gcc/arm-none-eabi/12.3.1/../../../../arm-none-eabi/lib/thumb/v8-m.main+fp/hard/libcr_c.a(_fflush.o)
 .debug_ranges  0x00000ed8       0x10 /Applications/MCUXpressoIDE_11.9.0_2144/ide/plugins/com.nxp.mcuxpresso.tools.macosx_11.9.0.202307121226/tools/bin/../lib/gcc/arm-none-eabi/12.3.1/../../../../arm-none-eabi/lib/thumb/v8-m.main+fp/hard/libcr_c.a(_writebuf.o)
 .debug_ranges  0x00000ee8       0x10 /Applications/MCUXpressoIDE_11.9.0_2144/ide/plugins/com.nxp.mcuxpresso.tools.macosx_11.9.0.202307121226/tools/bin/../lib/gcc/arm-none-eabi/12.3.1/../../../../arm-none-eabi/lib/thumb/v8-m.main+fp/hard/libcr_c.a(fclose.o)
 .debug_ranges  0x00000ef8       0x28 /Applications/MCUXpressoIDE_11.9.0_2144/ide/plugins/com.nxp.mcuxpresso.tools.macosx_11.9.0.202307121226/tools/bin/../lib/gcc/arm-none-eabi/12.3.1/../../../../arm-none-eabi/lib/thumb/v8-m.main+fp/hard/libcr_c.a(fflush.o)
 .debug_ranges  0x00000f20       0x10 /Applications/MCUXpressoIDE_11.9.0_2144/ide/plugins/com.nxp.mcuxpresso.tools.macosx_11.9.0.202307121226/tools/bin/../lib/gcc/arm-none-eabi/12.3.1/../../../../arm-none-eabi/lib/thumb/v8-m.main+fp/hard/libcr_c.a(fseek.o)
 .debug_ranges  0x00000f30       0x10 /Applications/MCUXpressoIDE_11.9.0_2144/ide/plugins/com.nxp.mcuxpresso.tools.macosx_11.9.0.202307121226/tools/bin/../lib/gcc/arm-none-eabi/12.3.1/../../../../arm-none-eabi/lib/thumb/v8-m.main+fp/hard/libcr_c.a(ftell.o)
 .debug_ranges  0x00000f40       0x18 /Applications/MCUXpressoIDE_11.9.0_2144/ide/plugins/com.nxp.mcuxpresso.tools.macosx_11.9.0.202307121226/tools/bin/../lib/gcc/arm-none-eabi/12.3.1/../../../../arm-none-eabi/lib/thumb/v8-m.main+fp/hard/libcr_c.a(remove.o)
 .debug_ranges  0x00000f58       0x10 /Applications/MCUXpressoIDE_11.9.0_2144/ide/plugins/com.nxp.mcuxpresso.tools.macosx_11.9.0.202307121226/tools/bin/../lib/gcc/arm-none-eabi/12.3.1/../../../../arm-none-eabi/lib/thumb/v8-m.main+fp/hard/libcr_c.a(_cr_check_heap.o)
 .debug_ranges  0x00000f68       0x28 /Applications/MCUXpressoIDE_11.9.0_2144/ide/plugins/com.nxp.mcuxpresso.tools.macosx_11.9.0.202307121226/tools/bin/../lib/gcc/arm-none-eabi/12.3.1/../../../../arm-none-eabi/lib/thumb/v8-m.main+fp/hard/libcr_c.a(_do_fflush.o)

.debug_macro    0x00000000    0x2c21e
 .debug_macro   0x00000000      0x161 ./utilities/fsl_assert.o
 .debug_macro   0x00000161      0xaea ./utilities/fsl_assert.o
 .debug_macro   0x00000c4b       0x10 ./utilities/fsl_assert.o
 .debug_macro   0x00000c5b       0x1c ./utilities/fsl_assert.o
 .debug_macro   0x00000c77       0x22 ./utilities/fsl_assert.o
 .debug_macro   0x00000c99      0x12e ./utilities/fsl_assert.o
 .debug_macro   0x00000dc7      0x5b3 ./utilities/fsl_assert.o
 .debug_macro   0x0000137a       0x22 ./utilities/fsl_assert.o
 .debug_macro   0x0000139c       0x10 ./utilities/fsl_assert.o
 .debug_macro   0x000013ac       0x46 ./utilities/fsl_assert.o
 .debug_macro   0x000013f2       0x1c ./utilities/fsl_assert.o
 .debug_macro   0x0000140e       0x29 ./utilities/fsl_assert.o
 .debug_macro   0x00001437       0xfb ./utilities/fsl_assert.o
 .debug_macro   0x00001532     0x167e ./utilities/fsl_assert.o
 .debug_macro   0x00002bb0       0x5e ./utilities/fsl_assert.o
 .debug_macro   0x00002c0e       0x2e ./utilities/fsl_assert.o
 .debug_macro   0x00002c3c    0x2688e ./utilities/fsl_assert.o
 .debug_macro   0x000294ca      0x69d ./utilities/fsl_assert.o
 .debug_macro   0x00029b67       0x7a ./utilities/fsl_assert.o
 .debug_macro   0x00029be1       0xaf ./utilities/fsl_assert.o
 .debug_macro   0x00029c90      0x380 ./utilities/fsl_assert.o
 .debug_macro   0x0002a010       0x16 ./utilities/fsl_assert.o
 .debug_macro   0x0002a026       0xf6 ./utilities/fsl_assert.o
 .debug_macro   0x0002a11c       0x1c ./utilities/fsl_assert.o
 .debug_macro   0x0002a138       0xd2 ./utilities/fsl_assert.o
 .debug_macro   0x0002a20a       0x34 ./utilities/fsl_assert.o
 .debug_macro   0x0002a23e       0x29 ./startup/startup_lpc55s36.o
 .debug_macro   0x0002a267      0x1b9 ./source/i2c_polling_b2b_slave.o
 .debug_macro   0x0002a420       0x22 ./source/i2c_polling_b2b_slave.o
 .debug_macro   0x0002a442       0xd8 ./source/i2c_polling_b2b_slave.o