Archive member included to satisfy reference by file (symbol)

/Applications/MCUXpressoIDE_11.9.0_2144/ide/plugins/com.nxp.mcuxpresso.tools.macosx_11.9.0.202307121226/tools/bin/../lib/gcc/arm-none-eabi/12.3.1/../../../../arm-none-eabi/lib/thumb/v8-m.main+fp/hard/libcr_nohost_nf.a(_cr__main.o)
                              ./startup/startup_lpc55s36.o (__main)
/Applications/MCUXpressoIDE_11.9.0_2144/ide/plugins/com.nxp.mcuxpresso.tools.macosx_11.9.0.202307121226/tools/bin/../lib/gcc/arm-none-eabi/12.3.1/../../../../arm-none-eabi/lib/thumb/v8-m.main+fp/hard/libcr_c.a(memset.o)
                              ./source/i2c_polling_b2b_slave.o (memset)
/Applications/MCUXpressoIDE_11.9.0_2144/ide/plugins/com.nxp.mcuxpresso.tools.macosx_11.9.0.202307121226/tools/bin/../lib/gcc/arm-none-eabi/12.3.1/../../../../arm-none-eabi/lib/thumb/v8-m.main+fp/hard/libcr_c.a(alloc.o)
                              ./drivers/fsl_common.o (malloc)
/Applications/MCUXpressoIDE_11.9.0_2144/ide/plugins/com.nxp.mcuxpresso.tools.macosx_11.9.0.202307121226/tools/bin/../lib/gcc/arm-none-eabi/12.3.1/../../../../arm-none-eabi/lib/thumb/v8-m.main+fp/hard/libcr_c.a(errno.o)
                              ./utilities/fsl_str.o (errno)
/Applications/MCUXpressoIDE_11.9.0_2144/ide/plugins/com.nxp.mcuxpresso.tools.macosx_11.9.0.202307121226/tools/bin/../lib/gcc/arm-none-eabi/12.3.1/../../../../arm-none-eabi/lib/thumb/v8-m.main+fp/hard/libcr_c.a(initio.o)
                              /Applications/MCUXpressoIDE_11.9.0_2144/ide/plugins/com.nxp.mcuxpresso.tools.macosx_11.9.0.202307121226/tools/bin/../lib/gcc/arm-none-eabi/12.3.1/../../../../arm-none-eabi/lib/thumb/v8-m.main+fp/hard/libcr_nohost_nf.a(_cr__main.o) (_initio)
/Applications/MCUXpressoIDE_11.9.0_2144/ide/plugins/com.nxp.mcuxpresso.tools.macosx_11.9.0.202307121226/tools/bin/../lib/gcc/arm-none-eabi/12.3.1/../../../../arm-none-eabi/lib/thumb/v8-m.main+fp/hard/libcr_c.a(scanf.o)
                              ./utilities/fsl_str.o (strtoul)
/Applications/MCUXpressoIDE_11.9.0_2144/ide/plugins/com.nxp.mcuxpresso.tools.macosx_11.9.0.202307121226/tools/bin/../lib/gcc/arm-none-eabi/12.3.1/../../../../arm-none-eabi/lib/thumb/v8-m.main+fp/hard/libcr_c.a(setvbuf.o)
                              /Applications/MCUXpressoIDE_11.9.0_2144/ide/plugins/com.nxp.mcuxpresso.tools.macosx_11.9.0.202307121226/tools/bin/../lib/gcc/arm-none-eabi/12.3.1/../../../../arm-none-eabi/lib/thumb/v8-m.main+fp/hard/libcr_c.a(initio.o) (setvbuf)
/Applications/MCUXpressoIDE_11.9.0_2144/ide/plugins/com.nxp.mcuxpresso.tools.macosx_11.9.0.202307121226/tools/bin/../lib/gcc/arm-none-eabi/12.3.1/../../../../arm-none-eabi/lib/thumb/v8-m.main+fp/hard/libcr_c.a(strlen.o)
                              ./utilities/fsl_debug_console.o (strlen)
/Applications/MCUXpressoIDE_11.9.0_2144/ide/plugins/com.nxp.mcuxpresso.tools.macosx_11.9.0.202307121226/tools/bin/../lib/gcc/arm-none-eabi/12.3.1/../../../../arm-none-eabi/lib/thumb/v8-m.main+fp/hard/libcr_c.a(ungetc.o)
                              /Applications/MCUXpressoIDE_11.9.0_2144/ide/plugins/com.nxp.mcuxpresso.tools.macosx_11.9.0.202307121226/tools/bin/../lib/gcc/arm-none-eabi/12.3.1/../../../../arm-none-eabi/lib/thumb/v8-m.main+fp/hard/libcr_c.a(scanf.o) (ungetc)
/Applications/MCUXpressoIDE_11.9.0_2144/ide/plugins/com.nxp.mcuxpresso.tools.macosx_11.9.0.202307121226/tools/bin/../lib/gcc/arm-none-eabi/12.3.1/../../../../arm-none-eabi/lib/thumb/v8-m.main+fp/hard/libcr_c.a(__fillbuf.o)
                              /Applications/MCUXpressoIDE_11.9.0_2144/ide/plugins/com.nxp.mcuxpresso.tools.macosx_11.9.0.202307121226/tools/bin/../lib/gcc/arm-none-eabi/12.3.1/../../../../arm-none-eabi/lib/thumb/v8-m.main+fp/hard/libcr_c.a(scanf.o) (__filbuf)
/Applications/MCUXpressoIDE_11.9.0_2144/ide/plugins/com.nxp.mcuxpresso.tools.macosx_11.9.0.202307121226/tools/bin/../lib/gcc/arm-none-eabi/12.3.1/../../../../arm-none-eabi/lib/thumb/v8-m.main+fp/hard/libcr_c.a(__init_alloc.o)
                              /Applications/MCUXpressoIDE_11.9.0_2144/ide/plugins/com.nxp.mcuxpresso.tools.macosx_11.9.0.202307121226/tools/bin/../lib/gcc/arm-none-eabi/12.3.1/../../../../arm-none-eabi/lib/thumb/v8-m.main+fp/hard/libcr_c.a(alloc.o) (__heaps)
/Applications/MCUXpressoIDE_11.9.0_2144/ide/plugins/com.nxp.mcuxpresso.tools.macosx_11.9.0.202307121226/tools/bin/../lib/gcc/arm-none-eabi/12.3.1/../../../../arm-none-eabi/lib/thumb/v8-m.main+fp/hard/libcr_c.a(_cr_sbrk.o)
                              /Applications/MCUXpressoIDE_11.9.0_2144/ide/plugins/com.nxp.mcuxpresso.tools.macosx_11.9.0.202307121226/tools/bin/../lib/gcc/arm-none-eabi/12.3.1/../../../../arm-none-eabi/lib/thumb/v8-m.main+fp/hard/libcr_c.a(alloc.o) (_sbrk)
/Applications/MCUXpressoIDE_11.9.0_2144/ide/plugins/com.nxp.mcuxpresso.tools.macosx_11.9.0.202307121226/tools/bin/../lib/gcc/arm-none-eabi/12.3.1/../../../../arm-none-eabi/lib/thumb/v8-m.main+fp/hard/libcr_c.a(_deferredlazyseek.o)
[...]
Memory Configuration

Name             Origin             Length             Attributes
PROGRAM_FLASH    0x00000000         0x0003d800         xr
QSPI_FLASH       0x80000000         0x04000000         xr
SRAM             0x20000000         0x0001c000         xrw
SRAMX            0x04000000         0x00004000         xrw
*default*        0x00000000         0xffffffff

Linker script and memory map

LOAD ./utilities/fsl_assert.o
LOAD ./utilities/fsl_debug_console.o
LOAD ./utilities/fsl_memcpy.o
LOAD ./utilities/fsl_str.o
LOAD ./startup/startup_lpc55s36.o
LOAD ./source/i2c_polling_b2b_slave.o
LOAD ./source/semihost_hardfault.o
LOAD ./drivers/fsl_clock.o
LOAD ./drivers/fsl_common.o
LOAD ./drivers/fsl_common_arm.o
LOAD ./drivers/fsl_flexcomm.o
LOAD ./drivers/fsl_gpio.o
LOAD ./drivers/fsl_i2c.o
LOAD ./drivers/fsl_inputmux.o
LOAD ./drivers/fsl_power.o
LOAD ./drivers/fsl_reset.o
LOAD ./drivers/fsl_usart.o
LOAD ./device/system_LPC55S36.o
LOAD ./component/uart/fsl_adapter_usart.o
LOAD ./component/lists/fsl_component_generic_list.o
LOAD ./board/board.o
LOAD ./board/clock_config.o
LOAD ./board/pin_mux.o
START GROUP
LOAD /Applications/MCUXpressoIDE_11.9.0_2144/ide/plugins/com.nxp.mcuxpresso.tools.macosx_11.9.0.202307121226/tools/bin/../lib/gcc/arm-none-eabi/12.3.1/../../../../arm-none-eabi/lib/thumb/v8-m.main+fp/hard/libcr_nohost_nf.a
LOAD /Applications/MCUXpressoIDE_11.9.0_2144/ide/plugins/com.nxp.mcuxpresso.tools.macosx_11.9.0.202307121226/tools/bin/../lib/gcc/arm-none-eabi/12.3.1/../../../../arm-none-eabi/lib/thumb/v8-m.main+fp/hard/libcr_c.a
LOAD /Applications/MCUXpressoIDE_11.9.0_2144/ide/plugins/com.nxp.mcuxpresso.tools.macosx_11.9.0.202307121226/tools/bin/../lib/gcc/arm-none-eabi/12.3.1/thumb/v8-m.main+fp/hard/libcr_eabihelpers.a
LOAD /Applications/MCUXpressoIDE_11.9.0_2144/ide/plugins/com.nxp.mcuxpresso.tools.macosx_11.9.0.202307121226/tools/bin/../lib/gcc/arm-none-eabi/12.3.1/thumb/v8-m.main+fp/hard/libgcc.a
END GROUP
                0x00000000                        __base_PROGRAM_FLASH = 0x0
                0x00000000                        __base_Flash = 0x0
                0x0003d800                        __top_PROGRAM_FLASH = 0x3d800
                0x0003d800                        __top_Flash = 0x3d800
                0x80000000                        __base_QSPI_FLASH = 0x80000000
                0x80000000                        __base_Flash2 = 0x80000000
                0x84000000                        __top_QSPI_FLASH = 0x84000000
                0x84000000                        __top_Flash2 = 0x84000000
                0x20000000                        __base_SRAM = 0x20000000
                0x20000000                        __base_RAM = 0x20000000
                0x2001c000                        __top_SRAM = 0x2001c000
                0x2001c000                        __top_RAM = 0x2001c000
                0x04000000                        __base_SRAMX = 0x4000000
                0x04000000                        __base_RAM2 = 0x4000000
                0x04004000                        __top_SRAMX = 0x4004000
                0x04004000                        __top_RAM2 = 0x4004000

.text_Flash2    0x80000000        0x0
 FILL mask 0xff
 *(SORT_BY_ALIGNMENT(.text_Flash2))
 *(SORT_BY_ALIGNMENT(.text_QSPI_FLASH))
 *(SORT_BY_ALIGNMENT(.text.$Flash2))
 *(SORT_BY_ALIGNMENT(.text.$QSPI_FLASH))
 *(SORT_BY_ALIGNMENT(.text_Flash2.*))
 *(SORT_BY_ALIGNMENT(.text_QSPI_FLASH.*))
 *(SORT_BY_ALIGNMENT(.text.$Flash2.*))
 *(SORT_BY_ALIGNMENT(.text.$QSPI_FLASH.*))
 *(SORT_BY_ALIGNMENT(.rodata.$Flash2))
 *(SORT_BY_ALIGNMENT(.rodata.$QSPI_FLASH))
 *(SORT_BY_ALIGNMENT(.rodata.$Flash2.*))
 *(SORT_BY_ALIGNMENT(.rodata.$QSPI_FLASH.*))

.text           0x00000000     0x3e98
 FILL mask 0xff
                0x00000000                        __vectors_start__ = ABSOLUTE (.)
 *(SORT_BY_ALIGNMENT(.isr_vector))
 .isr_vector    0x00000000      0x220 ./startup/startup_lpc55s36.o
                0x00000000                __Vectors
                0x00000000                g_pfnVectors
                0x00000220                        . = ALIGN (0x4)
                0x00000220                        __section_table_start = .
                0x00000220                        __data_section_table = .
                0x00000220        0x4 LONG 0x3e98 LOADADDR (.data)
                0x00000224        0x4 LONG 0x20000000 ADDR (.data)
                0x00000228        0x4 LONG 0x8 SIZEOF (.data)
                0x0000022c        0x4 LONG 0x3e98 LOADADDR (.data_RAM2)
                0x00000230        0x4 LONG 0x4000000 ADDR (.data_RAM2)
                0x00000234        0x4 LONG 0x0 SIZEOF (.data_RAM2)
                0x00000238                        __data_section_table_end = .
                0x00000238                        __bss_section_table = .
                0x00000238        0x4 LONG 0x20000008 ADDR (.bss)
                0x0000023c        0x4 LONG 0x198 SIZEOF (.bss)
                0x00000240        0x4 LONG 0x4000000 ADDR (.bss_RAM2)
                0x00000244        0x4 LONG 0x0 SIZEOF (.bss_RAM2)
                0x00000248                        __bss_section_table_end = .
                0x00000248                        __section_table_end = .
 *(SORT_BY_ALIGNMENT(.after_vectors*))
 .after_vectors.reset
                0x00000248       0x68 ./startup/startup_lpc55s36.o
                0x00000248                ResetISR
 .after_vectors.init_data
                0x000002b0       0x1e ./startup/startup_lpc55s36.o
                0x000002b0                data_init
 .after_vectors.init_bss
                0x000002ce       0x12 ./startup/startup_lpc55s36.o
                0x000002ce                bss_init
 .after_vectors
                0x000002e0       0x16 ./startup/startup_lpc55s36.o
                0x000002e0                NMI_Handler
                0x000002e4                MemManage_Handler
                0x000002e6                BusFault_Handler
                0x000002e8                UsageFault_Handler
                0x000002ea                SecureFault_Handler
                0x000002ec                SVC_Handler
                0x000002ee                DebugMon_Handler
                0x000002f0                PendSV_Handler
                0x000002f2                SysTick_Handler
                0x000002f4                RAM_PARITY_ECC_ERR_DriverIRQHandler
                0x000002f4                SEC_VIO_DriverIRQHandler
                0x000002f4                PKC_DriverIRQHandler
                0x000002f4                CAN0_IRQ0_DriverIRQHandler
                0x000002f4                Reserved64_DriverIRQHandler
                0x000002f4                PIN_INT3_DriverIRQHandler
                0x000002f4                PIN_INT2_DriverIRQHandler
                0x000002f4                ELS_DriverIRQHandler
                0x000002f4                FLEXPWM1_COMPARE0_DriverIRQHandler
                0x000002f4                Reserved56_DriverIRQHandler
                0x000002f4                PIN_INT0_DriverIRQHandler
                0x000002f4                FLEXPWM0_RELOAD3_DriverIRQHandler
                0x000002f4                Reserved63_DriverIRQHandler
                0x000002f4                DAC1_DriverIRQHandler
                0x000002f4                CTIMER2_DriverIRQHandler
                0x000002f4                ITRC0_DriverIRQHandler
                0x000002f4                Freqme_DriverIRQHandler
                0x000002f4                FLEXPWM1_RELOAD2_DriverIRQHandler
                0x000002f4                Reserved80_DriverIRQHandler
                0x000002f4                IntDefaultHandler
                0x000002f4                USB0_DriverIRQHandler
                0x000002f4                ENC0_WDG_DriverIRQHandler
                0x000002f4                ELS_ERR_DriverIRQHandler
                0x000002f4                DAC0_DriverIRQHandler
                0x000002f4                MRT0_DriverIRQHandler
                0x000002f4                UTICK0_DriverIRQHandler
                0x000002f4                PIN_INT4_DriverIRQHandler
                0x000002f4                PIN_INT5_DriverIRQHandler
                0x000002f4                FLEXPWM0_RELOAD0_DriverIRQHandler
                0x000002f4                SEC_GPIO_INT0_IRQ0_DriverIRQHandler
                0x000002f4                Reserved84_DriverIRQHandler
                0x000002f4                CTIMER4_DriverIRQHandler
                0x000002f4                GINT1_DriverIRQHandler
                0x000002f4                FLEXPWM0_FAULT_DriverIRQHandler
                0x000002f4                FLEXPWM0_RELOAD2_DriverIRQHandler
                0x000002f4                PIN_INT7_DriverIRQHandler
                0x000002f4                EZH_ARCH_B0_DriverIRQHandler
                0x000002f4                CAN0_IRQ1_DriverIRQHandler
                0x000002f4                USB0_NEEDCLK_DriverIRQHandler
                0x000002f4                POWERQUAD_DriverIRQHandler
                0x000002f4                FLASH_DriverIRQHandler
                0x000002f4                FLEXPWM0_COMPARE1_DriverIRQHandler
                0x000002f4                FLEXPWM1_FAULT_DriverIRQHandler
                0x000002f4                CTIMER0_DriverIRQHandler
                0x000002f4                Reserved79_DriverIRQHandler
                0x000002f4                CTIMER1_DriverIRQHandler
                0x000002f4                ADC1_DriverIRQHandler
                0x000002f4                ENC0_HOME_DriverIRQHandler
                0x000002f4                PIN_INT6_DriverIRQHandler
                0x000002f4                FlexSPI0_DriverIRQHandler
                0x000002f4                PIN_INT1_DriverIRQHandler
                0x000002f4                CTIMER3_DriverIRQHandler
                0x000002f4                Reserved89_DriverIRQHandler
                0x000002f4                HWVAD0_DriverIRQHandler
                0x000002f4                Reserved130_DriverIRQHandler
                0x000002f4                FLEXPWM0_CAPTURE_DriverIRQHandler
                0x000002f4                Reserved83_DriverIRQHandler
                0x000002f4                FLEXPWM0_COMPARE2_DriverIRQHandler
                0x000002f4                Tamper_DriverIRQHandler
                0x000002f4                SEC_GPIO_INT0_IRQ1_DriverIRQHandler
                0x000002f4                PUF_DriverIRQHandler
                0x000002f4                WAKEUP_DriverIRQHandler
                0x000002f4                SPI_FILTER_DriverIRQHandler
                0x000002f4                RTC_DriverIRQHandler
                0x000002f4                FLEXPWM0_RELOAD1_DriverIRQHandler
                0x000002f4                FLEXPWM1_COMPARE1_DriverIRQHandler
                0x000002f4                HSCMP2_DriverIRQHandler
                0x000002f4                Reserved62_DriverIRQHandler
                0x000002f4                CDOG_DriverIRQHandler
                0x000002f4                FLEXPWM1_RELOAD_ERROR_DriverIRQHandler
                0x000002f4                ENC1_WDG_DriverIRQHandler
                0x000002f4                FLEXPWM1_COMPARE3_DriverIRQHandler
                0x000002f4                DMIC_DriverIRQHandler
                0x000002f4                DMA1_DriverIRQHandler
                0x000002f4                FLEXPWM1_CAPTURE_DriverIRQHandler
                0x000002f4                FLEXPWM1_RELOAD3_DriverIRQHandler
                0x000002f4                FLEXPWM0_COMPARE3_DriverIRQHandler
                0x000002f4                Reserved77_DriverIRQHandler
                0x000002f4                ENC1_HOME_DriverIRQHandler
                0x000002f4                Reserved131_DriverIRQHandler
                0x000002f4                FLEXPWM1_RELOAD0_DriverIRQHandler
                0x000002f4                Reserved127_DriverIRQHandler
                0x000002f4                Reserved85_DriverIRQHandler
                0x000002f4                ENC1_IDX_DriverIRQHandler
                0x000002f4                Reserved88_DriverIRQHandler
                0x000002f4                ADC0_DriverIRQHandler
                0x000002f4                FLEXPWM1_RELOAD1_DriverIRQHandler
                0x000002f4                DAC2_DriverIRQHandler
                0x000002f4                HSCMP0_DriverIRQHandler
                0x000002f4                GINT0_DriverIRQHandler
                0x000002f4                FLEXPWM0_COMPARE0_DriverIRQHandler
                0x000002f4                Reserved132_DriverIRQHandler
                0x000002f4                ENC0_COMPARE_DriverIRQHandler
                0x000002f4                ACMP_DriverIRQHandler
                0x000002f4                Reserved58_DriverIRQHandler
                0x000002f4                Reserved57_DriverIRQHandler
                0x000002f4                Reserved86_DriverIRQHandler
                0x000002f4                WDT_BOD_DriverIRQHandler
                0x000002f4                SCT0_DriverIRQHandler
                0x000002f4                ENC1_COMPARE_DriverIRQHandler
                0x000002f4                ELS_IRQ1_DriverIRQHandler
                0x000002f4                OS_EVENT_DriverIRQHandler
                0x000002f4                Reserved87_DriverIRQHandler
                0x000002f4                SEC_HYPERVISOR_CALL_DriverIRQHandler
                0x000002f4                HSCMP1_DriverIRQHandler
                0x000002f4                FLEXPWM1_COMPARE2_DriverIRQHandler
                0x000002f4                I3C0_DriverIRQHandler
                0x000002f4                PKC_ERR_DriverIRQHandler
                0x000002f4                DMA0_DriverIRQHandler
                0x000002f4                ENC0_IDX_DriverIRQHandler
                0x000002f4                FLEXPWM0_RELOAD_ERROR_DriverIRQHandler
                0x000002f4                Reserved133_DriverIRQHandler
 *(SORT_BY_ALIGNMENT(.text*))
 *fill*         0x000002f6        0x2 ff
 .text.__assertion_failed
                0x000002f8       0x2c ./utilities/fsl_assert.o
                0x000002f8                __assertion_failed
 .text.DbgConsole_Init
                0x00000324       0x88 ./utilities/fsl_debug_console.o
                0x00000324                DbgConsole_Init
 .text.DbgConsole_Vprintf
                0x000003ac       0x3c ./utilities/fsl_debug_console.o
                0x000003ac                DbgConsole_Vprintf
 .text.DbgConsole_Putchar
                0x000003e8       0x30 ./utilities/fsl_debug_console.o
                0x000003e8                DbgConsole_Putchar
 .text.DbgConsole_PrintfFormattedData
                0x00000418      0x3e0 ./utilities/fsl_debug_console.o
 .text          0x000007f8       0xa0 ./utilities/fsl_memcpy.o
                0x000007f8                memcpy
 .text.init_I2C_target
                0x00000898       0x90 ./source/i2c_polling_b2b_slave.o
                0x00000898                init_I2C_target
 .text.handling_I2C_target
                0x00000928       0x40 ./source/i2c_polling_b2b_slave.o
                0x00000928                handling_I2C_target
 .text.POWER_EnablePD
                0x00000968       0x40 ./drivers/fsl_clock.o
 .text.POWER_DisablePD
                0x000009a8       0x40 ./drivers/fsl_clock.o
 .text.CLOCK_AttachClk
                0x000009e8       0xbc ./drivers/fsl_clock.o
                0x000009e8                CLOCK_AttachClk
 .text.CLOCK_SetClkDiv
                0x00000aa4       0x80 ./drivers/fsl_clock.o
                0x00000aa4                CLOCK_SetClkDiv
 .text.CLOCK_SetupFROClocking
                0x00000b24       0x78 ./drivers/fsl_clock.o
                0x00000b24                CLOCK_SetupFROClocking
 .text.CLOCK_SetFLASHAccessCyclesForFreq
                0x00000b9c       0xd8 ./drivers/fsl_clock.o
                0x00000b9c                CLOCK_SetFLASHAccessCyclesForFreq
 .text.CLOCK_SetupExtClocking
                0x00000c74       0x64 ./drivers/fsl_clock.o
                0x00000c74                CLOCK_SetupExtClocking
 .text.CLOCK_GetFro1MFreq
                0x00000cd8       0x28 ./drivers/fsl_clock.o
                0x00000cd8                CLOCK_GetFro1MFreq
 .text.CLOCK_GetExtClkFreq
                0x00000d00       0x2c ./drivers/fsl_clock.o
                0x00000d00                CLOCK_GetExtClkFreq
 .text.CLOCK_GetOsc32KFreq
                0x00000d2c       0x58 ./drivers/fsl_clock.o
                0x00000d2c                CLOCK_GetOsc32KFreq
 .text.CLOCK_GetPLL0InClockRate
                0x00000d84       0x64 ./drivers/fsl_clock.o
                0x00000d84                CLOCK_GetPLL0InClockRate
 .text.CLOCK_SetPLL0Freq
                0x00000de8      0x14c ./drivers/fsl_clock.o
                0x00000de8                CLOCK_SetPLL0Freq
 .text.CLOCK_FroHfTrim
                0x00000f34       0x38 ./drivers/fsl_clock.o
                0x00000f34                CLOCK_FroHfTrim
 .text.SDK_DelayAtLeastUs
                0x00000f6c       0x8c ./drivers/fsl_common_arm.o
                0x00000f6c                SDK_DelayAtLeastUs
 .text.FLEXCOMM_GetInstance
                0x00000ff8       0x4c ./drivers/fsl_flexcomm.o
                0x00000ff8                FLEXCOMM_GetInstance
 .text.FLEXCOMM_Init
                0x00001044       0x50 ./drivers/fsl_flexcomm.o
                0x00001044                FLEXCOMM_Init
 .text.FLEXCOMM0_DriverIRQHandler
                0x00001094       0x5c ./drivers/fsl_flexcomm.o
                0x00001094                FLEXCOMM0_DriverIRQHandler
 .text.FLEXCOMM1_DriverIRQHandler
                0x000010f0       0x5c ./drivers/fsl_flexcomm.o
                0x000010f0                FLEXCOMM1_DriverIRQHandler
 .text.FLEXCOMM2_DriverIRQHandler
                0x0000114c       0x5c ./drivers/fsl_flexcomm.o
                0x0000114c                FLEXCOMM2_DriverIRQHandler
 .text.FLEXCOMM3_DriverIRQHandler
                0x000011a8       0x5c ./drivers/fsl_flexcomm.o
                0x000011a8                FLEXCOMM3_DriverIRQHandler
 .text.FLEXCOMM4_DriverIRQHandler
                0x00001204       0x5c ./drivers/fsl_flexcomm.o
                0x00001204                FLEXCOMM4_DriverIRQHandler
 .text.FLEXCOMM5_DriverIRQHandler
                0x00001260       0x5c ./drivers/fsl_flexcomm.o
                0x00001260                FLEXCOMM5_DriverIRQHandler
 .text.FLEXCOMM6_DriverIRQHandler
                0x000012bc       0x5c ./drivers/fsl_flexcomm.o
                0x000012bc                FLEXCOMM6_DriverIRQHandler
 .text.FLEXCOMM7_DriverIRQHandler
                0x00001318       0x5c ./drivers/fsl_flexcomm.o
                0x00001318                FLEXCOMM7_DriverIRQHandler
 .text.FLEXCOMM8_DriverIRQHandler
                0x00001374       0x5c ./drivers/fsl_flexcomm.o
                0x00001374                FLEXCOMM8_DriverIRQHandler
 .text.I2C_SlaveDivVal
                0x000013d0       0xa8 ./drivers/fsl_i2c.o
 .text.I2C_SlaveGetDefaultConfig
                0x00001478       0x4c ./drivers/fsl_i2c.o
                0x00001478                I2C_SlaveGetDefaultConfig
 .text.POWER_PowerInit
                0x000014c4       0x94 ./drivers/fsl_power.o
                0x000014c4                POWER_PowerInit
 .text.POWER_SetVoltageForFreq
                0x00001558       0xd4 ./drivers/fsl_power.o
                0x00001558                POWER_SetVoltageForFreq
 .text.POWER_SetSystemPowerProfile
                0x0000162c      0x108 ./drivers/fsl_power.o
 .text.POWER_GetPartProcessCorner
                0x00001734       0x9c ./drivers/fsl_power.o
 .text.POWER_SetSystemVoltage
                0x000017d0      0x1fc ./drivers/fsl_power.o
 .text.RESET_SetPeripheralReset
                0x000019cc       0x64 ./drivers/fsl_reset.o
                0x000019cc                RESET_SetPeripheralReset
 .text.RESET_ClearPeripheralReset
                0x00001a30       0x64 ./drivers/fsl_reset.o
                0x00001a30                RESET_ClearPeripheralReset
 .text.USART_Init
                0x00001a94      0x1d8 ./drivers/fsl_usart.o
                0x00001a94                USART_Init
 .text.USART_GetDefaultConfig
                0x00001c6c       0xa0 ./drivers/fsl_usart.o
                0x00001c6c                USART_GetDefaultConfig
 .text.USART_SetBaudRate
                0x00001d0c      0x18c ./drivers/fsl_usart.o
                0x00001d0c                USART_SetBaudRate
 .text.USART_WriteBlocking
                0x00001e98       0x8c ./drivers/fsl_usart.o
                0x00001e98                USART_WriteBlocking
 .text.USART_ReadBlocking
                0x00001f24      0x104 ./drivers/fsl_usart.o
                0x00001f24                USART_ReadBlocking
 .text.SystemInit
                0x00002028       0x9c ./device/system_LPC55S36.o
                0x00002028                SystemInit
 .text.HAL_UartInitCommon
                0x000020c4      0x110 ./component/uart/fsl_adapter_usart.o
 .text.HAL_UartReceiveBlocking
                0x000021d4       0x6c ./component/uart/fsl_adapter_usart.o
                0x000021d4                HAL_UartReceiveBlocking
 .text.HAL_UartSendBlocking
                0x00002240       0x64 ./component/uart/fsl_adapter_usart.o
                0x00002240                HAL_UartSendBlocking
 .text.BOARD_InitDebugConsole
                0x000022a4       0x38 ./board/board.o
                0x000022a4                BOARD_InitDebugConsole
 .text.POWER_DisablePD
                0x000022dc       0x40 ./board/clock_config.o
 .text.BOARD_BootClockPLL150M
                0x0000231c       0xc0 ./board/clock_config.o
                0x0000231c                BOARD_BootClockPLL150M
 .text.BOARD_InitPins
                0x000023dc       0x60 ./board/pin_mux.o
                0x000023dc                BOARD_InitPins
 .text._initio  0x0000243c       0x78 /Applications/MCUXpressoIDE_11.9.0_2144/ide/plugins/com.nxp.mcuxpresso.tools.macosx_11.9.0.202307121226/tools/bin/../lib/gcc/arm-none-eabi/12.3.1/../../../../arm-none-eabi/lib/thumb/v8-m.main+fp/hard/libcr_c.a(initio.o)
                0x0000243c                _initio
 .text._Cwritebuf
                0x000024b4       0x6c /Applications/MCUXpressoIDE_11.9.0_2144/ide/plugins/com.nxp.mcuxpresso.tools.macosx_11.9.0.202307121226/tools/bin/../lib/gcc/arm-none-eabi/12.3.1/../../../../arm-none-eabi/lib/thumb/v8-m.main+fp/hard/libcr_c.a(_writebuf.o)
                0x000024b4                _Cwritebuf
 .text.fflush   0x00002520       0x3c /Applications/MCUXpressoIDE_11.9.0_2144/ide/plugins/com.nxp.mcuxpresso.tools.macosx_11.9.0.202307121226/tools/bin/../lib/gcc/arm-none-eabi/12.3.1/../../../../arm-none-eabi/lib/thumb/v8-m.main+fp/hard/libcr_c.a(fflush.o)
                0x00002520                fflush
 .text.fseek    0x0000255c       0xf8 /Applications/MCUXpressoIDE_11.9.0_2144/ide/plugins/com.nxp.mcuxpresso.tools.macosx_11.9.0.202307121226/tools/bin/../lib/gcc/arm-none-eabi/12.3.1/../../../../arm-none-eabi/lib/thumb/v8-m.main+fp/hard/libcr_c.a(fseek.o)
                0x0000255c                fseek
 .text.ftell    0x00002654       0x44 /Applications/MCUXpressoIDE_11.9.0_2144/ide/plugins/com.nxp.mcuxpresso.tools.macosx_11.9.0.202307121226/tools/bin/../lib/gcc/arm-none-eabi/12.3.1/../../../../arm-none-eabi/lib/thumb/v8-m.main+fp/hard/libcr_c.a(ftell.o)
                0x00002654                ftell
 .text.fsl_assert_hook
                0x00002698       0x1a ./utilities/fsl_assert.o
                0x00002698                fsl_assert_hook
 .text.DbgConsole_Printf
                0x000026b2       0x2c ./utilities/fsl_debug_console.o
                0x000026b2                DbgConsole_Printf
 .text.DbgConsole_PrintfPaddingCharacter
                0x000026de       0x40 ./utilities/fsl_debug_console.o
 .text.DbgConsole_ConvertRadixNumToString
                0x0000271e       0xc2 ./utilities/fsl_debug_console.o
 .text.WDT_BOD_IRQHandler
                0x000027e0        0x8 ./startup/startup_lpc55s36.o
                0x000027e0                WDT_BOD_IRQHandler
 .text.DMA0_IRQHandler
                0x000027e8        0x8 ./startup/startup_lpc55s36.o
                0x000027e8                DMA0_IRQHandler
 .text.GINT0_IRQHandler
                0x000027f0        0x8 ./startup/startup_lpc55s36.o
                0x000027f0                GINT0_IRQHandler
 .text.GINT1_IRQHandler
                0x000027f8        0x8 ./startup/startup_lpc55s36.o
                0x000027f8                GINT1_IRQHandler
 .text.PIN_INT0_IRQHandler
                0x00002800        0x8 ./startup/startup_lpc55s36.o
                0x00002800                PIN_INT0_IRQHandler
 .text.PIN_INT1_IRQHandler
                0x00002808        0x8 ./startup/startup_lpc55s36.o
                0x00002808                PIN_INT1_IRQHandler
 .text.PIN_INT2_IRQHandler
                0x00002810        0x8 ./startup/startup_lpc55s36.o
                0x00002810                PIN_INT2_IRQHandler
 .text.PIN_INT3_IRQHandler
                0x00002818        0x8 ./startup/startup_lpc55s36.o
                0x00002818                PIN_INT3_IRQHandler
 .text.UTICK0_IRQHandler
                0x00002820        0x8 ./startup/startup_lpc55s36.o
                0x00002820                UTICK0_IRQHandler
 .text.MRT0_IRQHandler
                0x00002828        0x8 ./startup/startup_lpc55s36.o
                0x00002828                MRT0_IRQHandler
 .text.CTIMER0_IRQHandler
                0x00002830        0x8 ./startup/startup_lpc55s36.o
                0x00002830                CTIMER0_IRQHandler
 .text.CTIMER1_IRQHandler
                0x00002838        0x8 ./startup/startup_lpc55s36.o
                0x00002838                CTIMER1_IRQHandler
 .text.SCT0_IRQHandler
                0x00002840        0x8 ./startup/startup_lpc55s36.o
                0x00002840                SCT0_IRQHandler
 .text.CTIMER3_IRQHandler
                0x00002848        0x8 ./startup/startup_lpc55s36.o
                0x00002848                CTIMER3_IRQHandler
 .text.FLEXCOMM0_IRQHandler
                0x00002850        0x8 ./startup/startup_lpc55s36.o
                0x00002850                FLEXCOMM0_IRQHandler
 .text.FLEXCOMM1_IRQHandler
                0x00002858        0x8 ./startup/startup_lpc55s36.o
                0x00002858                FLEXCOMM1_IRQHandler
 .text.FLEXCOMM2_IRQHandler
                0x00002860        0x8 ./startup/startup_lpc55s36.o
                0x00002860                FLEXCOMM2_IRQHandler
 .text.FLEXCOMM3_IRQHandler
                0x00002868        0x8 ./startup/startup_lpc55s36.o
                0x00002868                FLEXCOMM3_IRQHandler
 .text.FLEXCOMM4_IRQHandler
                0x00002870        0x8 ./startup/startup_lpc55s36.o
                0x00002870                FLEXCOMM4_IRQHandler
 .text.FLEXCOMM5_IRQHandler
                0x00002878        0x8 ./startup/startup_lpc55s36.o
                0x00002878                FLEXCOMM5_IRQHandler
 .text.FLEXCOMM6_IRQHandler
                0x00002880        0x8 ./startup/startup_lpc55s36.o
                0x00002880                FLEXCOMM6_IRQHandler
 .text.FLEXCOMM7_IRQHandler
                0x00002888        0x8 ./startup/startup_lpc55s36.o
                0x00002888                FLEXCOMM7_IRQHandler
 .text.ADC0_IRQHandler
                0x00002890        0x8 ./startup/startup_lpc55s36.o
                0x00002890                ADC0_IRQHandler
 .text.ADC1_IRQHandler
                0x00002898        0x8 ./startup/startup_lpc55s36.o
                0x00002898                ADC1_IRQHandler
 .text.ACMP_IRQHandler
                0x000028a0        0x8 ./startup/startup_lpc55s36.o
                0x000028a0                ACMP_IRQHandler
 .text.DMIC_IRQHandler
                0x000028a8        0x8 ./startup/startup_lpc55s36.o
                0x000028a8                DMIC_IRQHandler
 .text.HWVAD0_IRQHandler
                0x000028b0        0x8 ./startup/startup_lpc55s36.o
                0x000028b0                HWVAD0_IRQHandler
 .text.USB0_NEEDCLK_IRQHandler
                0x000028b8        0x8 ./startup/startup_lpc55s36.o
                0x000028b8                USB0_NEEDCLK_IRQHandler
 .text.USB0_IRQHandler
                0x000028c0        0x8 ./startup/startup_lpc55s36.o
                0x000028c0                USB0_IRQHandler
 .text.RTC_IRQHandler
                0x000028c8        0x8 ./startup/startup_lpc55s36.o
                0x000028c8                RTC_IRQHandler
 .text.EZH_ARCH_B0_IRQHandler
                0x000028d0        0x8 ./startup/startup_lpc55s36.o
                0x000028d0                EZH_ARCH_B0_IRQHandler
 .text.WAKEUP_IRQHandler
                0x000028d8        0x8 ./startup/startup_lpc55s36.o
                0x000028d8                WAKEUP_IRQHandler
 .text.PIN_INT4_IRQHandler
                0x000028e0        0x8 ./startup/startup_lpc55s36.o
                0x000028e0                PIN_INT4_IRQHandler
 .text.PIN_INT5_IRQHandler
                0x000028e8        0x8 ./startup/startup_lpc55s36.o
                0x000028e8                PIN_INT5_IRQHandler
 .text.PIN_INT6_IRQHandler
                0x000028f0        0x8 ./startup/startup_lpc55s36.o
                0x000028f0                PIN_INT6_IRQHandler
 .text.PIN_INT7_IRQHandler
                0x000028f8        0x8 ./startup/startup_lpc55s36.o
                0x000028f8                PIN_INT7_IRQHandler
 .text.CTIMER2_IRQHandler
                0x00002900        0x8 ./startup/startup_lpc55s36.o
                0x00002900                CTIMER2_IRQHandler
 .text.CTIMER4_IRQHandler
                0x00002908        0x8 ./startup/startup_lpc55s36.o
                0x00002908                CTIMER4_IRQHandler
 .text.OS_EVENT_IRQHandler
                0x00002910        0x8 ./startup/startup_lpc55s36.o
                0x00002910                OS_EVENT_IRQHandler
 .text.FlexSPI0_IRQHandler
                0x00002918        0x8 ./startup/startup_lpc55s36.o
                0x00002918                FlexSPI0_IRQHandler
 .text.Reserved56_IRQHandler
                0x00002920        0x8 ./startup/startup_lpc55s36.o
                0x00002920                Reserved56_IRQHandler
 .text.Reserved57_IRQHandler
                0x00002928        0x8 ./startup/startup_lpc55s36.o
                0x00002928                Reserved57_IRQHandler
 .text.Reserved58_IRQHandler
                0x00002930        0x8 ./startup/startup_lpc55s36.o
                0x00002930                Reserved58_IRQHandler
 .text.CAN0_IRQ0_IRQHandler
                0x00002938        0x8 ./startup/startup_lpc55s36.o
                0x00002938                CAN0_IRQ0_IRQHandler
 .text.CAN0_IRQ1_IRQHandler
                0x00002940        0x8 ./startup/startup_lpc55s36.o
                0x00002940                CAN0_IRQ1_IRQHandler
 .text.SPI_FILTER_IRQHandler
                0x00002948        0x8 ./startup/startup_lpc55s36.o
                0x00002948                SPI_FILTER_IRQHandler
 .text.Reserved62_IRQHandler
                0x00002950        0x8 ./startup/startup_lpc55s36.o
                0x00002950                Reserved62_IRQHandler
 .text.Reserved63_IRQHandler
                0x00002958        0x8 ./startup/startup_lpc55s36.o
                0x00002958                Reserved63_IRQHandler
 .text.Reserved64_IRQHandler
                0x00002960        0x8 ./startup/startup_lpc55s36.o
                0x00002960                Reserved64_IRQHandler
 .text.SEC_HYPERVISOR_CALL_IRQHandler
                0x00002968        0x8 ./startup/startup_lpc55s36.o
                0x00002968                SEC_HYPERVISOR_CALL_IRQHandler
 .text.SEC_GPIO_INT0_IRQ0_IRQHandler
                0x00002970        0x8 ./startup/startup_lpc55s36.o
                0x00002970                SEC_GPIO_INT0_IRQ0_IRQHandler
 .text.SEC_GPIO_INT0_IRQ1_IRQHandler
                0x00002978        0x8 ./startup/startup_lpc55s36.o
                0x00002978                SEC_GPIO_INT0_IRQ1_IRQHandler
 .text.Freqme_IRQHandler
                0x00002980        0x8 ./startup/startup_lpc55s36.o
                0x00002980                Freqme_IRQHandler
 .text.SEC_VIO_IRQHandler
                0x00002988        0x8 ./startup/startup_lpc55s36.o
                0x00002988                SEC_VIO_IRQHandler
 .text.ELS_IRQHandler
                0x00002990        0x8 ./startup/startup_lpc55s36.o
                0x00002990                ELS_IRQHandler
 .text.PKC_IRQHandler
                0x00002998        0x8 ./startup/startup_lpc55s36.o
                0x00002998                PKC_IRQHandler
 .text.PUF_IRQHandler
                0x000029a0        0x8 ./startup/startup_lpc55s36.o
                0x000029a0                PUF_IRQHandler
 .text.POWERQUAD_IRQHandler
                0x000029a8        0x8 ./startup/startup_lpc55s36.o
                0x000029a8                POWERQUAD_IRQHandler
 .text.DMA1_IRQHandler
                0x000029b0        0x8 ./startup/startup_lpc55s36.o
                0x000029b0                DMA1_IRQHandler
 .text.FLEXCOMM8_IRQHandler
                0x000029b8        0x8 ./startup/startup_lpc55s36.o
                0x000029b8                FLEXCOMM8_IRQHandler
 .text.CDOG_IRQHandler
                0x000029c0        0x8 ./startup/startup_lpc55s36.o
                0x000029c0                CDOG_IRQHandler
 .text.Reserved77_IRQHandler
                0x000029c8        0x8 ./startup/startup_lpc55s36.o
                0x000029c8                Reserved77_IRQHandler
 .text.I3C0_IRQHandler
                0x000029d0        0x8 ./startup/startup_lpc55s36.o
                0x000029d0                I3C0_IRQHandler
 .text.Reserved79_IRQHandler
                0x000029d8        0x8 ./startup/startup_lpc55s36.o
                0x000029d8                Reserved79_IRQHandler
 .text.Reserved80_IRQHandler
                0x000029e0        0x8 ./startup/startup_lpc55s36.o
                0x000029e0                Reserved80_IRQHandler
 .text.ELS_IRQ1_IRQHandler
                0x000029e8        0x8 ./startup/startup_lpc55s36.o
                0x000029e8                ELS_IRQ1_IRQHandler
 .text.Tamper_IRQHandler
                0x000029f0        0x8 ./startup/startup_lpc55s36.o
                0x000029f0                Tamper_IRQHandler
 .text.Reserved83_IRQHandler
                0x000029f8        0x8 ./startup/startup_lpc55s36.o
                0x000029f8                Reserved83_IRQHandler
 .text.Reserved84_IRQHandler
                0x00002a00        0x8 ./startup/startup_lpc55s36.o
                0x00002a00                Reserved84_IRQHandler
 .text.Reserved85_IRQHandler
                0x00002a08        0x8 ./startup/startup_lpc55s36.o
                0x00002a08                Reserved85_IRQHandler
 .text.Reserved86_IRQHandler
                0x00002a10        0x8 ./startup/startup_lpc55s36.o
                0x00002a10                Reserved86_IRQHandler
 .text.Reserved87_IRQHandler
                0x00002a18        0x8 ./startup/startup_lpc55s36.o
                0x00002a18                Reserved87_IRQHandler
 .text.Reserved88_IRQHandler
                0x00002a20        0x8 ./startup/startup_lpc55s36.o
                0x00002a20                Reserved88_IRQHandler
 .text.Reserved89_IRQHandler
                0x00002a28        0x8 ./startup/startup_lpc55s36.o
                0x00002a28                Reserved89_IRQHandler
 .text.DAC0_IRQHandler
                0x00002a30        0x8 ./startup/startup_lpc55s36.o
                0x00002a30                DAC0_IRQHandler
 .text.DAC1_IRQHandler
                0x00002a38        0x8 ./startup/startup_lpc55s36.o
                0x00002a38                DAC1_IRQHandler
 .text.DAC2_IRQHandler
                0x00002a40        0x8 ./startup/startup_lpc55s36.o
                0x00002a40                DAC2_IRQHandler
 .text.HSCMP0_IRQHandler
                0x00002a48        0x8 ./startup/startup_lpc55s36.o
                0x00002a48                HSCMP0_IRQHandler
 .text.HSCMP1_IRQHandler
                0x00002a50        0x8 ./startup/startup_lpc55s36.o
                0x00002a50                HSCMP1_IRQHandler
 .text.HSCMP2_IRQHandler
                0x00002a58        0x8 ./startup/startup_lpc55s36.o
                0x00002a58                HSCMP2_IRQHandler
 .text.FLEXPWM0_CAPTURE_IRQHandler
                0x00002a60        0x8 ./startup/startup_lpc55s36.o
                0x00002a60                FLEXPWM0_CAPTURE_IRQHandler
 .text.FLEXPWM0_FAULT_IRQHandler
                0x00002a68        0x8 ./startup/startup_lpc55s36.o
                0x00002a68                FLEXPWM0_FAULT_IRQHandler
 .text.FLEXPWM0_RELOAD_ERROR_IRQHandler
                0x00002a70        0x8 ./startup/startup_lpc55s36.o
                0x00002a70                FLEXPWM0_RELOAD_ERROR_IRQHandler
 .text.FLEXPWM0_COMPARE0_IRQHandler
                0x00002a78        0x8 ./startup/startup_lpc55s36.o
                0x00002a78                FLEXPWM0_COMPARE0_IRQHandler
 .text.FLEXPWM0_RELOAD0_IRQHandler
                0x00002a80        0x8 ./startup/startup_lpc55s36.o
                0x00002a80                FLEXPWM0_RELOAD0_IRQHandler
 .text.FLEXPWM0_COMPARE1_IRQHandler
                0x00002a88        0x8 ./startup/startup_lpc55s36.o
                0x00002a88                FLEXPWM0_COMPARE1_IRQHandler
 .text.FLEXPWM0_RELOAD1_IRQHandler
                0x00002a90        0x8 ./startup/startup_lpc55s36.o
                0x00002a90                FLEXPWM0_RELOAD1_IRQHandler
 .text.FLEXPWM0_COMPARE2_IRQHandler
                0x00002a98        0x8 ./startup/startup_lpc55s36.o
                0x00002a98                FLEXPWM0_COMPARE2_IRQHandler
 .text.FLEXPWM0_RELOAD2_IRQHandler
                0x00002aa0        0x8 ./startup/startup_lpc55s36.o
                0x00002aa0                FLEXPWM0_RELOAD2_IRQHandler
 .text.FLEXPWM0_COMPARE3_IRQHandler
                0x00002aa8        0x8 ./startup/startup_lpc55s36.o
                0x00002aa8                FLEXPWM0_COMPARE3_IRQHandler
 .text.FLEXPWM0_RELOAD3_IRQHandler
                0x00002ab0        0x8 ./startup/startup_lpc55s36.o
                0x00002ab0                FLEXPWM0_RELOAD3_IRQHandler
 .text.FLEXPWM1_CAPTURE_IRQHandler
                0x00002ab8        0x8 ./startup/startup_lpc55s36.o
                0x00002ab8                FLEXPWM1_CAPTURE_IRQHandler
 .text.FLEXPWM1_FAULT_IRQHandler
                0x00002ac0        0x8 ./startup/startup_lpc55s36.o
                0x00002ac0                FLEXPWM1_FAULT_IRQHandler
 .text.FLEXPWM1_RELOAD_ERROR_IRQHandler
                0x00002ac8        0x8 ./startup/startup_lpc55s36.o
                0x00002ac8                FLEXPWM1_RELOAD_ERROR_IRQHandler
 .text.FLEXPWM1_COMPARE0_IRQHandler
                0x00002ad0        0x8 ./startup/startup_lpc55s36.o
                0x00002ad0                FLEXPWM1_COMPARE0_IRQHandler
 .text.FLEXPWM1_RELOAD0_IRQHandler
                0x00002ad8        0x8 ./startup/startup_lpc55s36.o
                0x00002ad8                FLEXPWM1_RELOAD0_IRQHandler
 .text.FLEXPWM1_COMPARE1_IRQHandler
                0x00002ae0        0x8 ./startup/startup_lpc55s36.o
                0x00002ae0                FLEXPWM1_COMPARE1_IRQHandler
 .text.FLEXPWM1_RELOAD1_IRQHandler
                0x00002ae8        0x8 ./startup/startup_lpc55s36.o
                0x00002ae8                FLEXPWM1_RELOAD1_IRQHandler
 .text.FLEXPWM1_COMPARE2_IRQHandler
                0x00002af0        0x8 ./startup/startup_lpc55s36.o
                0x00002af0                FLEXPWM1_COMPARE2_IRQHandler
 .text.FLEXPWM1_RELOAD2_IRQHandler
                0x00002af8        0x8 ./startup/startup_lpc55s36.o
                0x00002af8                FLEXPWM1_RELOAD2_IRQHandler
 .text.FLEXPWM1_COMPARE3_IRQHandler
                0x00002b00        0x8 ./startup/startup_lpc55s36.o
                0x00002b00                FLEXPWM1_COMPARE3_IRQHandler
 .text.FLEXPWM1_RELOAD3_IRQHandler
                0x00002b08        0x8 ./startup/startup_lpc55s36.o
                0x00002b08                FLEXPWM1_RELOAD3_IRQHandler
 .text.ENC0_COMPARE_IRQHandler
                0x00002b10        0x8 ./startup/startup_lpc55s36.o
                0x00002b10                ENC0_COMPARE_IRQHandler
 .text.ENC0_HOME_IRQHandler
                0x00002b18        0x8 ./startup/startup_lpc55s36.o
                0x00002b18                ENC0_HOME_IRQHandler
 .text.ENC0_WDG_IRQHandler
                0x00002b20        0x8 ./startup/startup_lpc55s36.o
                0x00002b20                ENC0_WDG_IRQHandler
 .text.ENC0_IDX_IRQHandler
                0x00002b28        0x8 ./startup/startup_lpc55s36.o
                0x00002b28                ENC0_IDX_IRQHandler
 .text.ENC1_COMPARE_IRQHandler
                0x00002b30        0x8 ./startup/startup_lpc55s36.o
                0x00002b30                ENC1_COMPARE_IRQHandler
 .text.ENC1_HOME_IRQHandler
                0x00002b38        0x8 ./startup/startup_lpc55s36.o
                0x00002b38                ENC1_HOME_IRQHandler
 .text.ENC1_WDG_IRQHandler
                0x00002b40        0x8 ./startup/startup_lpc55s36.o
                0x00002b40                ENC1_WDG_IRQHandler
 .text.ENC1_IDX_IRQHandler
                0x00002b48        0x8 ./startup/startup_lpc55s36.o
                0x00002b48                ENC1_IDX_IRQHandler
 .text.ITRC0_IRQHandler
                0x00002b50        0x8 ./startup/startup_lpc55s36.o
                0x00002b50                ITRC0_IRQHandler
 .text.Reserved127_IRQHandler
                0x00002b58        0x8 ./startup/startup_lpc55s36.o
                0x00002b58                Reserved127_IRQHandler
 .text.ELS_ERR_IRQHandler
                0x00002b60        0x8 ./startup/startup_lpc55s36.o
                0x00002b60                ELS_ERR_IRQHandler
 .text.PKC_ERR_IRQHandler
                0x00002b68        0x8 ./startup/startup_lpc55s36.o
                0x00002b68                PKC_ERR_IRQHandler
 .text.Reserved130_IRQHandler
                0x00002b70        0x8 ./startup/startup_lpc55s36.o
                0x00002b70                Reserved130_IRQHandler
 .text.Reserved131_IRQHandler
                0x00002b78        0x8 ./startup/startup_lpc55s36.o
                0x00002b78                Reserved131_IRQHandler
 .text.Reserved132_IRQHandler
                0x00002b80        0x8 ./startup/startup_lpc55s36.o
                0x00002b80                Reserved132_IRQHandler
 .text.Reserved133_IRQHandler
                0x00002b88        0x8 ./startup/startup_lpc55s36.o
                0x00002b88                Reserved133_IRQHandler
 .text.FLASH_IRQHandler
                0x00002b90        0x8 ./startup/startup_lpc55s36.o
                0x00002b90                FLASH_IRQHandler
 .text.RAM_PARITY_ECC_ERR_IRQHandler
                0x00002b98        0x8 ./startup/startup_lpc55s36.o
                0x00002b98                RAM_PARITY_ECC_ERR_IRQHandler
 .text.main     0x00002ba0       0x18 ./source/i2c_polling_b2b_slave.o
                0x00002ba0                main
 .text.HardFault_Handler
                0x00002bb8       0x36 ./source/semihost_hardfault.o
                0x00002bb8                HardFault_Handler
 .text.CLOCK_IsPLL0Locked
                0x00002bee       0x24 ./drivers/fsl_clock.o
 .text.findPll0PreDiv
                0x00002c12       0x3e ./drivers/fsl_clock.o
 .text.DelayLoop
                0x00002c50       0x20 ./drivers/fsl_common_arm.o
 .text.CLOCK_EnableClock
                0x00002c70       0x8c ./drivers/fsl_flexcomm.o
 .text.FLEXCOMM_PeripheralIsPresent
                0x00002cfc       0x64 ./drivers/fsl_flexcomm.o
 .text.FLEXCOMM_SetPeriph
                0x00002d60       0x74 ./drivers/fsl_flexcomm.o
 .text.I2C_SlaveEnable
                0x00002dd4       0x44 ./drivers/fsl_i2c.o
 .text.I2C_SlaveInternalStateMachineReset
                0x00002e18       0x18 ./drivers/fsl_i2c.o
 .text.I2C_SlavePollPending
                0x00002e30       0x28 ./drivers/fsl_i2c.o
 .text.I2C_SlaveSetAddress
                0x00002e58       0x3c ./drivers/fsl_i2c.o
                0x00002e58                I2C_SlaveSetAddress
 .text.I2C_SlaveInit
                0x00002e94       0xae ./drivers/fsl_i2c.o
                0x00002e94                I2C_SlaveInit
 .text.I2C_SlaveReadBlocking
                0x00002f42      0x136 ./drivers/fsl_i2c.o
                0x00002f42                I2C_SlaveReadBlocking
 .text.Chip_GetVersion
                0x00003078       0x36 ./drivers/fsl_power.o
 .text.POWER_SetVoltageForProcess
                0x000030ae       0xaa ./drivers/fsl_power.o
 .text.RESET_PeripheralReset
                0x00003158       0x1c ./drivers/fsl_reset.o
                0x00003158                RESET_PeripheralReset
 .text.USART_EnableContinuousSCLK
                0x00003174       0x38 ./drivers/fsl_usart.o
 .text.USART_SetRxTimeoutConfig
                0x000031ac       0x68 ./drivers/fsl_usart.o
                0x000031ac                USART_SetRxTimeoutConfig
 .text.SystemInitHook
                0x00003214        0xe ./device/system_LPC55S36.o
                0x00003214                SystemInitHook
 .text.HAL_UartGetStatus
                0x00003222       0x22 ./component/uart/fsl_adapter_usart.o
 .text.HAL_UartInit
                0x00003244       0x36 ./component/uart/fsl_adapter_usart.o
                0x00003244                HAL_UartInit
 .text.CLOCK_EnableClock
                0x0000327a       0x8c ./board/pin_mux.o
 .text.IOCON_PinMuxSet
                0x00003306       0x2e ./board/pin_mux.o
 .text.__main   0x00003334        0xe /Applications/MCUXpressoIDE_11.9.0_2144/ide/plugins/com.nxp.mcuxpresso.tools.macosx_11.9.0.202307121226/tools/bin/../lib/gcc/arm-none-eabi/12.3.1/../../../../arm-none-eabi/lib/thumb/v8-m.main+fp/hard/libcr_nohost_nf.a(_cr__main.o)
                0x00003334                __main
 .text.memset   0x00003342        0x4 /Applications/MCUXpressoIDE_11.9.0_2144/ide/plugins/com.nxp.mcuxpresso.tools.macosx_11.9.0.202307121226/tools/bin/../lib/gcc/arm-none-eabi/12.3.1/../../../../arm-none-eabi/lib/thumb/v8-m.main+fp/hard/libcr_c.a(memset.o)
                0x00003342                memset
 .text.free     0x00003346       0x30 /Applications/MCUXpressoIDE_11.9.0_2144/ide/plugins/com.nxp.mcuxpresso.tools.macosx_11.9.0.202307121226/tools/bin/../lib/gcc/arm-none-eabi/12.3.1/../../../../arm-none-eabi/lib/thumb/v8-m.main+fp/hard/libcr_c.a(alloc.o)
                0x00003346                free
 .text.setvbuf  0x00003376       0x3e /Applications/MCUXpressoIDE_11.9.0_2144/ide/plugins/com.nxp.mcuxpresso.tools.macosx_11.9.0.202307121226/tools/bin/../lib/gcc/arm-none-eabi/12.3.1/../../../../arm-none-eabi/lib/thumb/v8-m.main+fp/hard/libcr_c.a(setvbuf.o)
                0x00003376                setvbuf
 .text.strlen   0x000033b4       0x4e /Applications/MCUXpressoIDE_11.9.0_2144/ide/plugins/com.nxp.mcuxpresso.tools.macosx_11.9.0.202307121226/tools/bin/../lib/gcc/arm-none-eabi/12.3.1/../../../../arm-none-eabi/lib/thumb/v8-m.main+fp/hard/libcr_c.a(strlen.o)
                0x000033b4                strlen
 .text._deferredlazyseek
                0x00003402       0x40 /Applications/MCUXpressoIDE_11.9.0_2144/ide/plugins/com.nxp.mcuxpresso.tools.macosx_11.9.0.202307121226/tools/bin/../lib/gcc/arm-none-eabi/12.3.1/../../../../arm-none-eabi/lib/thumb/v8-m.main+fp/hard/libcr_c.a(_deferredlazyseek.o)
                0x00003402                _deferredlazyseek
 .text._fdopen  0x00003442       0x68 /Applications/MCUXpressoIDE_11.9.0_2144/ide/plugins/com.nxp.mcuxpresso.tools.macosx_11.9.0.202307121226/tools/bin/../lib/gcc/arm-none-eabi/12.3.1/../../../../arm-none-eabi/lib/thumb/v8-m.main+fp/hard/libcr_c.a(_fdopen.o)
                0x00003442                _fdopen
 .text._fflush  0x000034aa       0x52 /Applications/MCUXpressoIDE_11.9.0_2144/ide/plugins/com.nxp.mcuxpresso.tools.macosx_11.9.0.202307121226/tools/bin/../lib/gcc/arm-none-eabi/12.3.1/../../../../arm-none-eabi/lib/thumb/v8-m.main+fp/hard/libcr_c.a(_fflush.o)
                0x000034aa                _fflush
 .text.fclose   0x000034fc       0x58 /Applications/MCUXpressoIDE_11.9.0_2144/ide/plugins/com.nxp.mcuxpresso.tools.macosx_11.9.0.202307121226/tools/bin/../lib/gcc/arm-none-eabi/12.3.1/../../../../arm-none-eabi/lib/thumb/v8-m.main+fp/hard/libcr_c.a(fclose.o)
                0x000034fc                fclose
 .text.remove   0x00003554       0x14 /Applications/MCUXpressoIDE_11.9.0_2144/ide/plugins/com.nxp.mcuxpresso.tools.macosx_11.9.0.202307121226/tools/bin/../lib/gcc/arm-none-eabi/12.3.1/../../../../arm-none-eabi/lib/thumb/v8-m.main+fp/hard/libcr_c.a(remove.o)
                0x00003554                remove
 .text._do_fflush
                0x00003568       0x40 /Applications/MCUXpressoIDE_11.9.0_2144/ide/plugins/com.nxp.mcuxpresso.tools.macosx_11.9.0.202307121226/tools/bin/../lib/gcc/arm-none-eabi/12.3.1/../../../../arm-none-eabi/lib/thumb/v8-m.main+fp/hard/libcr_c.a(_do_fflush.o)
                0x00003568                _do_fflush
 .text.__aeabi_division_uldivmod
                0x000035a8      0x174 /Applications/MCUXpressoIDE_11.9.0_2144/ide/plugins/com.nxp.mcuxpresso.tools.macosx_11.9.0.202307121226/tools/bin/../lib/gcc/arm-none-eabi/12.3.1/thumb/v8-m.main+fp/hard/libcr_eabihelpers.a(division_64.o)
                0x000035a8                __aeabi_uldivmod
                0x000035ac                __bhs_ldivmod1
 .text.__aeabi_division_idiv0
                0x0000371c        0x2 /Applications/MCUXpressoIDE_11.9.0_2144/ide/plugins/com.nxp.mcuxpresso.tools.macosx_11.9.0.202307121226/tools/bin/../lib/gcc/arm-none-eabi/12.3.1/thumb/v8-m.main+fp/hard/libcr_eabihelpers.a(division_idiv0.o)
                0x0000371c                __aeabi_idiv0
 .text.__aeabi_memset_lowlevel
                0x0000371e       0x32 /Applications/MCUXpressoIDE_11.9.0_2144/ide/plugins/com.nxp.mcuxpresso.tools.macosx_11.9.0.202307121226/tools/bin/../lib/gcc/arm-none-eabi/12.3.1/thumb/v8-m.main+fp/hard/libcr_eabihelpers.a(memcpy.o)
                0x0000371e                __aeabi_lowlevel_memset
 .text.__sys_close
                0x00003750        0x6 /Applications/MCUXpressoIDE_11.9.0_2144/ide/plugins/com.nxp.mcuxpresso.tools.macosx_11.9.0.202307121226/tools/bin/../lib/gcc/arm-none-eabi/12.3.1/../../../../arm-none-eabi/lib/thumb/v8-m.main+fp/hard/libcr_nohost_nf.a(__sys_close.o)
                0x00003750                __sys_close
 .text.__sys_flen
                0x00003756        0x6 /Applications/MCUXpressoIDE_11.9.0_2144/ide/plugins/com.nxp.mcuxpresso.tools.macosx_11.9.0.202307121226/tools/bin/../lib/gcc/arm-none-eabi/12.3.1/../../../../arm-none-eabi/lib/thumb/v8-m.main+fp/hard/libcr_nohost_nf.a(__sys_flen.o)
                0x00003756                __sys_flen
 .text.__sys_istty
                0x0000375c        0x6 /Applications/MCUXpressoIDE_11.9.0_2144/ide/plugins/com.nxp.mcuxpresso.tools.macosx_11.9.0.202307121226/tools/bin/../lib/gcc/arm-none-eabi/12.3.1/../../../../arm-none-eabi/lib/thumb/v8-m.main+fp/hard/libcr_nohost_nf.a(__sys_istty.o)
                0x0000375c                __sys_istty
 .text.__sys_remove
                0x00003762        0x6 /Applications/MCUXpressoIDE_11.9.0_2144/ide/plugins/com.nxp.mcuxpresso.tools.macosx_11.9.0.202307121226/tools/bin/../lib/gcc/arm-none-eabi/12.3.1/../../../../arm-none-eabi/lib/thumb/v8-m.main+fp/hard/libcr_nohost_nf.a(__sys_remove.o)
                0x00003762                __sys_remove
 .text.__sys_seek
                0x00003768        0x6 /Applications/MCUXpressoIDE_11.9.0_2144/ide/plugins/com.nxp.mcuxpresso.tools.macosx_11.9.0.202307121226/tools/bin/../lib/gcc/arm-none-eabi/12.3.1/../../../../arm-none-eabi/lib/thumb/v8-m.main+fp/hard/libcr_nohost_nf.a(__sys_seek.o)
                0x00003768                __sys_seek
 .text.__sys_tmpnam
                0x0000376e        0x6 /Applications/MCUXpressoIDE_11.9.0_2144/ide/plugins/com.nxp.mcuxpresso.tools.macosx_11.9.0.202307121226/tools/bin/../lib/gcc/arm-none-eabi/12.3.1/../../../../arm-none-eabi/lib/thumb/v8-m.main+fp/hard/libcr_nohost_nf.a(__sys_tmpnam.o)
                0x0000376e                __sys_tmpnam
 .text.__sys_write
                0x00003774        0x4 /Applications/MCUXpressoIDE_11.9.0_2144/ide/plugins/com.nxp.mcuxpresso.tools.macosx_11.9.0.202307121226/tools/bin/../lib/gcc/arm-none-eabi/12.3.1/../../../../arm-none-eabi/lib/thumb/v8-m.main+fp/hard/libcr_nohost_nf.a(__sys_write.o)
                0x00003774                __sys_write
 *(SORT_BY_ALIGNMENT(.rodata) SORT_BY_ALIGNMENT(.rodata.*) SORT_BY_ALIGNMENT(.constdata) SORT_BY_ALIGNMENT(.constdata.*))
 .rodata.__assertion_failed.str1.4
                0x00003778       0x14 ./utilities/fsl_assert.o
 .rodata.init_I2C_target.str1.4
                0x0000378c       0x39 ./source/i2c_polling_b2b_slave.o
 *fill*         0x000037c5        0x3 ff
 .rodata.handling_I2C_target.str1.4
                0x000037c8        0x4 ./source/i2c_polling_b2b_slave.o
 .rodata.IntervalList
                0x000037cc       0x60 ./drivers/fsl_clock.o
 .rodata.SDK_DelayAtLeastUs.str1.4
                0x0000382c       0x2b ./drivers/fsl_common_arm.o
 *fill*         0x00003857        0x1 ff
 .rodata.s_flexcommBaseAddrs
                0x00003858       0x24 ./drivers/fsl_flexcomm.o
 .rodata.s_flexcommClocks
                0x0000387c       0x12 ./drivers/fsl_flexcomm.o
 *fill*         0x0000388e        0x2 ff
 .rodata.s_flexcommResets
                0x00003890       0x24 ./drivers/fsl_flexcomm.o
 .rodata.FLEXCOMM_GetInstance.str1.4
                0x000038b4       0x41 ./drivers/fsl_flexcomm.o
 *fill*         0x000038f5        0x3 ff
 .rodata.FLEXCOMM0_DriverIRQHandler.str1.4
                0x000038f8       0x3c ./drivers/fsl_flexcomm.o
 .rodata.FLEXCOMM1_DriverIRQHandler.str1.4
                0x00003934       0x3c ./drivers/fsl_flexcomm.o
 .rodata.FLEXCOMM2_DriverIRQHandler.str1.4
                0x00003970       0x3c ./drivers/fsl_flexcomm.o
 .rodata.FLEXCOMM3_DriverIRQHandler.str1.4
                0x000039ac       0x3c ./drivers/fsl_flexcomm.o
 .rodata.FLEXCOMM4_DriverIRQHandler.str1.4
                0x000039e8       0x3c ./drivers/fsl_flexcomm.o
 .rodata.FLEXCOMM5_DriverIRQHandler.str1.4
                0x00003a24       0x3c ./drivers/fsl_flexcomm.o
 .rodata.FLEXCOMM6_DriverIRQHandler.str1.4
                0x00003a60       0x3c ./drivers/fsl_flexcomm.o
 .rodata.FLEXCOMM7_DriverIRQHandler.str1.4
                0x00003a9c       0x3c ./drivers/fsl_flexcomm.o
 .rodata.FLEXCOMM8_DriverIRQHandler.str1.4
                0x00003ad8       0x3c ./drivers/fsl_flexcomm.o
 .rodata.I2C_SlaveGetDefaultConfig.str1.4
                0x00003b14       0x25 ./drivers/fsl_i2c.o
 *fill*         0x00003b39        0x3 ff
 .rodata.RESET_SetPeripheralReset.str1.4
                0x00003b3c       0x1e ./drivers/fsl_reset.o
 *fill*         0x00003b5a        0x2 ff
 .rodata.RESET_ClearPeripheralReset.str1.4
                0x00003b5c       0x1e ./drivers/fsl_reset.o
 *fill*         0x00003b7a        0x2 ff
 .rodata.USART_Init.str1.4
                0x00003b7c       0x4f ./drivers/fsl_usart.o
 *fill*         0x00003bcb        0x1 ff
 .rodata.USART_GetDefaultConfig.str1.4
                0x00003bcc       0x21 ./drivers/fsl_usart.o
 *fill*         0x00003bed        0x3 ff
 .rodata.USART_SetBaudRate.str1.4
                0x00003bf0       0x53 ./drivers/fsl_usart.o
 *fill*         0x00003c43        0x1 ff
 .rodata.USART_WriteBlocking.str1.4
                0x00003c44       0x36 ./drivers/fsl_usart.o
 *fill*         0x00003c7a        0x2 ff
 .rodata.USART_ReadBlocking.str1.4
                0x00003c7c       0x36 ./drivers/fsl_usart.o
 *fill*         0x00003cb2        0x2 ff
 .rodata.s_UsartAdapterBase
                0x00003cb4       0x20 ./component/uart/fsl_adapter_usart.o
 .rodata.HAL_UartInitCommon.str1.4
                0x00003cd4       0xeb ./component/uart/fsl_adapter_usart.o
 *fill*         0x00003dbf        0x1 ff
 .rodata.HAL_UartReceiveBlocking.str1.4
                0x00003dc0       0x65 ./component/uart/fsl_adapter_usart.o
 *fill*         0x00003e25        0x3 ff
 .rodata.HAL_UartSendBlocking.str1.4
                0x00003e28       0x65 ./component/uart/fsl_adapter_usart.o
 *fill*         0x00003e8d        0x3 ff
 .rodata.__num_Ciob_streams
                0x00003e90        0x4 /Applications/MCUXpressoIDE_11.9.0_2144/ide/plugins/com.nxp.mcuxpresso.tools.macosx_11.9.0.202307121226/tools/bin/../lib/gcc/arm-none-eabi/12.3.1/../../../../arm-none-eabi/lib/thumb/v8-m.main+fp/hard/libcr_nohost_nf.a(__ciob.o)
                0x00003e90                __num_Ciob_streams
 .rodata._initio.str1.1
                0x00003e94        0x4 /Applications/MCUXpressoIDE_11.9.0_2144/ide/plugins/com.nxp.mcuxpresso.tools.macosx_11.9.0.202307121226/tools/bin/../lib/gcc/arm-none-eabi/12.3.1/../../../../arm-none-eabi/lib/thumb/v8-m.main+fp/hard/libcr_c.a(initio.o)
                0x00003e98                        . = ALIGN (0x4)

.glue_7         0x00003e98        0x0
 .glue_7        0x00003e98        0x0 linker stubs

.glue_7t        0x00003e98        0x0
 .glue_7t       0x00003e98        0x0 linker stubs

.vfp11_veneer   0x00003e98        0x0
 .vfp11_veneer  0x00003e98        0x0 linker stubs

.v4_bx          0x00003e98        0x0
 .v4_bx         0x00003e98        0x0 linker stubs

.iplt           0x00003e98        0x0
 .iplt          0x00003e98        0x0 ./utilities/fsl_assert.o

.rel.dyn        0x00003e98        0x0
 .rel.iplt      0x00003e98        0x0 ./utilities/fsl_assert.o

.ARM.extab
 *(SORT_BY_ALIGNMENT(.ARM.extab*) SORT_BY_ALIGNMENT(.gnu.linkonce.armextab.*))

.ARM.exidx      0x00003e98        0x0
                0x00003e98                        __exidx_start = .
 *(SORT_BY_ALIGNMENT(.ARM.exidx*) SORT_BY_ALIGNMENT(.gnu.linkonce.armexidx.*))
                0x00003e98                        __exidx_end = .
                0x00003e98                        _etext = .

.data_RAM2      0x04000000        0x0 load address 0x00003e98
 FILL mask 0xff
                [!provide]                        PROVIDE (__start_data_RAM2 = .)
                [!provide]                        PROVIDE (__start_data_SRAMX = .)
 *(SORT_BY_ALIGNMENT(.ramfunc.$RAM2))
 *(SORT_BY_ALIGNMENT(.ramfunc.$SRAMX))
 *(SORT_BY_ALIGNMENT(.data.$RAM2))
 *(SORT_BY_ALIGNMENT(.data.$SRAMX))
 *(SORT_BY_ALIGNMENT(.data.$RAM2.*))
 *(SORT_BY_ALIGNMENT(.data.$SRAMX.*))
                0x04000000                        . = ALIGN (0x4)
                [!provide]                        PROVIDE (__end_data_RAM2 = .)
                [!provide]                        PROVIDE (__end_data_SRAMX = .)

.uninit_RESERVED
                0x20000000        0x0
                0x20000000                        _start_uninit_RESERVED = .
 *(SORT_BY_ALIGNMENT(.bss.$RESERVED*))
                0x20000000                        . = ALIGN (0x4)
                0x20000000                        _end_uninit_RESERVED = .

.data           0x20000000        0x8 load address 0x00003e98
 FILL mask 0xff
                0x20000000                        _data = .
                [!provide]                        PROVIDE (__start_data_RAM = .)
                [!provide]                        PROVIDE (__start_data_SRAM = .)
 *(SORT_BY_ALIGNMENT(vtable))
 *(SORT_BY_ALIGNMENT(.ramfunc*))
 *(SORT_BY_ALIGNMENT(CodeQuickAccess))
 *(SORT_BY_ALIGNMENT(DataQuickAccess))
 *(SORT_BY_ALIGNMENT(RamFunction))
 *(SORT_BY_ALIGNMENT(.data*))
 .data.s_Ext_Clk_Freq
                0x20000000        0x4 ./drivers/fsl_clock.o
 .data.SystemCoreClock
                0x20000004        0x4 ./device/system_LPC55S36.o
                0x20000004                SystemCoreClock
                0x20000008                        . = ALIGN (0x4)
                0x20000008                        _edata = .
                [!provide]                        PROVIDE (__end_data_RAM = .)
                [!provide]                        PROVIDE (__end_data_SRAM = .)

.igot.plt       0x20000008        0x0 load address 0x00003ea0
 .igot.plt      0x20000008        0x0 ./utilities/fsl_assert.o

.bss_RAM2       0x04000000        0x0
                [!provide]                        PROVIDE (__start_bss_RAM2 = .)
                [!provide]                        PROVIDE (__start_bss_SRAMX = .)
 *(SORT_BY_ALIGNMENT(.bss.$RAM2))
 *(SORT_BY_ALIGNMENT(.bss.$SRAMX))
 *(SORT_BY_ALIGNMENT(.bss.$RAM2.*))
 *(SORT_BY_ALIGNMENT(.bss.$SRAMX.*))
                0x04000000                        . = ALIGN ((. != 0x0)?0x4:0x1)
                [!provide]                        PROVIDE (__end_bss_RAM2 = .)
                [!provide]                        PROVIDE (__end_bss_SRAMX = .)

.bss            0x20000008      0x198
                0x20000008                        _bss = .
                [!provide]                        PROVIDE (__start_bss_RAM = .)
                [!provide]                        PROVIDE (__start_bss_SRAM = .)
 *(SORT_BY_ALIGNMENT(.bss*))
 .bss.s_debugConsole
                0x20000008       0x14 ./utilities/fsl_debug_console.o
 .bss.g_slave_buff
                0x2000001c       0x80 ./source/i2c_polling_b2b_slave.o
                0x2000001c                g_slave_buff
 .bss.s_Pll0_Freq
                0x2000009c        0x4 ./drivers/fsl_clock.o
 .bss.s_flexcommIrqHandler
                0x200000a0       0x24 ./drivers/fsl_flexcomm.o
 .bss.s_flexcommHandle
                0x200000c4       0x24 ./drivers/fsl_flexcomm.o
 .bss.errno     0x200000e8        0x4 /Applications/MCUXpressoIDE_11.9.0_2144/ide/plugins/com.nxp.mcuxpresso.tools.macosx_11.9.0.202307121226/tools/bin/../lib/gcc/arm-none-eabi/12.3.1/../../../../arm-none-eabi/lib/thumb/v8-m.main+fp/hard/libcr_c.a(errno.o)
                0x200000e8                errno
 .bss.__Ciob    0x200000ec       0xb4 /Applications/MCUXpressoIDE_11.9.0_2144/ide/plugins/com.nxp.mcuxpresso.tools.macosx_11.9.0.202307121226/tools/bin/../lib/gcc/arm-none-eabi/12.3.1/../../../../arm-none-eabi/lib/thumb/v8-m.main+fp/hard/libcr_nohost_nf.a(__ciob.o)
                0x200000ec                __Ciob
 *(SORT_BY_ALIGNMENT(COMMON))
                0x200001a0                        . = ALIGN (0x4)
                0x200001a0                        _ebss = .
                [!provide]                        PROVIDE (__end_bss_RAM = .)
                [!provide]                        PROVIDE (__end_bss_SRAM = .)
                [!provide]                        PROVIDE (end = .)

.noinit_RAM2    0x04000000        0x0
                [!provide]                        PROVIDE (__start_noinit_RAM2 = .)
                [!provide]                        PROVIDE (__start_noinit_SRAMX = .)
 *(SORT_BY_ALIGNMENT(.noinit.$RAM2))
 *(SORT_BY_ALIGNMENT(.noinit.$SRAMX))
 *(SORT_BY_ALIGNMENT(.noinit.$RAM2.*))
 *(SORT_BY_ALIGNMENT(.noinit.$SRAMX.*))
                0x04000000                        . = ALIGN (0x4)
                [!provide]                        PROVIDE (__end_noinit_RAM2 = .)
                [!provide]                        PROVIDE (__end_noinit_SRAMX = .)

.noinit         0x200001a0        0x0
                0x200001a0                        _noinit = .
                [!provide]                        PROVIDE (__start_noinit_RAM = .)
                [!provide]                        PROVIDE (__start_noinit_SRAM = .)
 *(SORT_BY_ALIGNMENT(.noinit*))
                0x200001a0                        . = ALIGN (0x4)
                0x200001a0                        _end_noinit = .
                [!provide]                        PROVIDE (__end_noinit_RAM = .)
                [!provide]                        PROVIDE (__end_noinit_SRAM = .)
                0x00001000                        _HeapSize = 0x1000

.heap           0x200001a0     0x1000
                0x200001a0                        _pvHeapStart = .
                0x200011a0                        . = (. + _HeapSize)
 *fill*         0x200001a0     0x1000 
                0x200011a0                        . = ALIGN (0x4)
                0x200011a0                        _pvHeapLimit = .
                0x00001000                        _StackSize = 0x1000

.heap2stackfill
                0x200011a0     0x1000
                0x200021a0                        . = (. + _StackSize)
 *fill*         0x200011a0     0x1000 

.stack          0x2001b000        0x0
                0x2001b000                        _vStackBase = .
                0x2001b000                        . = ALIGN (0x4)
                0x2001c000                        _vStackTop = (. + _StackSize)
                [!provide]                        PROVIDE (__valid_user_code_checksum = (0x0 - ((((((_vStackTop + (ResetISR + 0x1)) + (NMI_Handler + 0x1)) + (HardFault_Handler + 0x1)) + (DEFINED (MemManage_Handler)?MemManage_Handler:0x0 + 0x1)) + (DEFINED (BusFault_Handler)?BusFault_Handler:0x0 + 0x1)) + (DEFINED (UsageFault_Handler)?UsageFault_Handler:0x0 + 0x1))))
                0x00000000                        _image_start = LOADADDR (.text)
                0x00003ea0                        _image_end = (LOADADDR (.data) + SIZEOF (.data))
                0x00003ea0                        _image_size = (_image_end - _image_start)
OUTPUT(lpcxpresso55s36_i2c_polling_b2b_slave.axf elf32-littlearm)
LOAD linker stubs

.debug_info     0x00000000    0x1a69f
 .debug_info    0x00000000      0x12e ./utilities/fsl_assert.o
 .debug_info    0x0000012e      0xd2c ./utilities/fsl_debug_console.o
 .debug_info    0x00000e5a       0x24 ./utilities/fsl_memcpy.o
 .debug_info    0x00000e7e     0x109b ./startup/startup_lpc55s36.o
 .debug_info    0x00001f19     0x1438 ./source/i2c_polling_b2b_slave.o
 .debug_info    0x00003351       0x3c ./source/semihost_hardfault.o
 .debug_info    0x0000338d     0x3c84 ./drivers/fsl_clock.o
 .debug_info    0x00007011     0x1a47 ./drivers/fsl_common_arm.o
 .debug_info    0x00008a58     0x200f ./drivers/fsl_flexcomm.o
 .debug_info    0x0000aa67     0x24e1 ./drivers/fsl_i2c.o
 .debug_info    0x0000cf48     0x2dfa ./drivers/fsl_power.o
 .debug_info    0x0000fd42     0x11fd ./drivers/fsl_reset.o
 .debug_info    0x00010f3f     0x1b80 ./drivers/fsl_usart.o
 .debug_info    0x00012abf     0x1679 ./device/system_LPC55S36.o
 .debug_info    0x00014138      0xde8 ./component/uart/fsl_adapter_usart.o
 .debug_info    0x00014f20      0xb01 ./board/board.o
 .debug_info    0x00015a21     0x1117 ./board/clock_config.o
 .debug_info    0x00016b38     0x12ee ./board/pin_mux.o
 .debug_info    0x00017e26       0x85 /Applications/MCUXpressoIDE_11.9.0_2144/ide/plugins/com.nxp.mcuxpresso.tools.macosx_11.9.0.202307121226/tools/bin/../lib/gcc/arm-none-eabi/12.3.1/../../../../arm-none-eabi/lib/thumb/v8-m.main+fp/hard/libcr_nohost_nf.a(_cr__main.o)
 .debug_info    0x00017eab       0xe3 /Applications/MCUXpressoIDE_11.9.0_2144/ide/plugins/com.nxp.mcuxpresso.tools.macosx_11.9.0.202307121226/tools/bin/../lib/gcc/arm-none-eabi/12.3.1/../../../../arm-none-eabi/lib/thumb/v8-m.main+fp/hard/libcr_c.a(memset.o)
 .debug_info    0x00017f8e      0x506 /Applications/MCUXpressoIDE_11.9.0_2144/ide/plugins/com.nxp.mcuxpresso.tools.macosx_11.9.0.202307121226/tools/bin/../lib/gcc/arm-none-eabi/12.3.1/../../../../arm-none-eabi/lib/thumb/v8-m.main+fp/hard/libcr_c.a(alloc.o)
 .debug_info    0x00018494       0x44 /Applications/MCUXpressoIDE_11.9.0_2144/ide/plugins/com.nxp.mcuxpresso.tools.macosx_11.9.0.202307121226/tools/bin/../lib/gcc/arm-none-eabi/12.3.1/../../../../arm-none-eabi/lib/thumb/v8-m.main+fp/hard/libcr_c.a(errno.o)
 .debug_info    0x000184d8      0x339 /Applications/MCUXpressoIDE_11.9.0_2144/ide/plugins/com.nxp.mcuxpresso.tools.macosx_11.9.0.202307121226/tools/bin/../lib/gcc/arm-none-eabi/12.3.1/../../../../arm-none-eabi/lib/thumb/v8-m.main+fp/hard/libcr_c.a(initio.o)
 .debug_info    0x00018811      0x1f6 /Applications/MCUXpressoIDE_11.9.0_2144/ide/plugins/com.nxp.mcuxpresso.tools.macosx_11.9.0.202307121226/tools/bin/../lib/gcc/arm-none-eabi/12.3.1/../../../../arm-none-eabi/lib/thumb/v8-m.main+fp/hard/libcr_c.a(setvbuf.o)
 .debug_info    0x00018a07       0xda /Applications/MCUXpressoIDE_11.9.0_2144/ide/plugins/com.nxp.mcuxpresso.tools.macosx_11.9.0.202307121226/tools/bin/../lib/gcc/arm-none-eabi/12.3.1/../../../../arm-none-eabi/lib/thumb/v8-m.main+fp/hard/libcr_c.a(strlen.o)
 .debug_info    0x00018ae1      0x362 /Applications/MCUXpressoIDE_11.9.0_2144/ide/plugins/com.nxp.mcuxpresso.tools.macosx_11.9.0.202307121226/tools/bin/../lib/gcc/arm-none-eabi/12.3.1/../../../../arm-none-eabi/lib/thumb/v8-m.main+fp/hard/libcr_c.a(_deferredlazyseek.o)
 .debug_info    0x00018e43      0x244 /Applications/MCUXpressoIDE_11.9.0_2144/ide/plugins/com.nxp.mcuxpresso.tools.macosx_11.9.0.202307121226/tools/bin/../lib/gcc/arm-none-eabi/12.3.1/../../../../arm-none-eabi/lib/thumb/v8-m.main+fp/hard/libcr_c.a(_fdopen.o)
 .debug_info    0x00019087      0x1e3 /Applications/MCUXpressoIDE_11.9.0_2144/ide/plugins/com.nxp.mcuxpresso.tools.macosx_11.9.0.202307121226/tools/bin/../lib/gcc/arm-none-eabi/12.3.1/../../../../arm-none-eabi/lib/thumb/v8-m.main+fp/hard/libcr_c.a(_fflush.o)
 .debug_info    0x0001926a      0x282 /Applications/MCUXpressoIDE_11.9.0_2144/ide/plugins/com.nxp.mcuxpresso.tools.macosx_11.9.0.202307121226/tools/bin/../lib/gcc/arm-none-eabi/12.3.1/../../../../arm-none-eabi/lib/thumb/v8-m.main+fp/hard/libcr_c.a(_writebuf.o)
 .debug_info    0x000194ec      0x318 /Applications/MCUXpressoIDE_11.9.0_2144/ide/plugins/com.nxp.mcuxpresso.tools.macosx_11.9.0.202307121226/tools/bin/../lib/gcc/arm-none-eabi/12.3.1/../../../../arm-none-eabi/lib/thumb/v8-m.main+fp/hard/libcr_c.a(fclose.o)
 .debug_info    0x00019804      0x202 /Applications/MCUXpressoIDE_11.9.0_2144/ide/plugins/com.nxp.mcuxpresso.tools.macosx_11.9.0.202307121226/tools/bin/../lib/gcc/arm-none-eabi/12.3.1/../../../../arm-none-eabi/lib/thumb/v8-m.main+fp/hard/libcr_c.a(fflush.o)
 .debug_info    0x00019a06      0x276 /Applications/MCUXpressoIDE_11.9.0_2144/ide/plugins/com.nxp.mcuxpresso.tools.macosx_11.9.0.202307121226/tools/bin/../lib/gcc/arm-none-eabi/12.3.1/../../../../arm-none-eabi/lib/thumb/v8-m.main+fp/hard/libcr_c.a(fseek.o)
 .debug_info    0x00019c7c      0x190 /Applications/MCUXpressoIDE_11.9.0_2144/ide/plugins/com.nxp.mcuxpresso.tools.macosx_11.9.0.202307121226/tools/bin/../lib/gcc/arm-none-eabi/12.3.1/../../../../arm-none-eabi/lib/thumb/v8-m.main+fp/hard/libcr_c.a(ftell.o)
 .debug_info    0x00019e0c      0x1ca /Applications/MCUXpressoIDE_11.9.0_2144/ide/plugins/com.nxp.mcuxpresso.tools.macosx_11.9.0.202307121226/tools/bin/../lib/gcc/arm-none-eabi/12.3.1/../../../../arm-none-eabi/lib/thumb/v8-m.main+fp/hard/libcr_c.a(remove.o)
 .debug_info    0x00019fd6      0x23a /Applications/MCUXpressoIDE_11.9.0_2144/ide/plugins/com.nxp.mcuxpresso.tools.macosx_11.9.0.202307121226/tools/bin/../lib/gcc/arm-none-eabi/12.3.1/../../../../arm-none-eabi/lib/thumb/v8-m.main+fp/hard/libcr_c.a(_do_fflush.o)
 .debug_info    0x0001a210      0x18b /Applications/MCUXpressoIDE_11.9.0_2144/ide/plugins/com.nxp.mcuxpresso.tools.macosx_11.9.0.202307121226/tools/bin/../lib/gcc/arm-none-eabi/12.3.1/../../../../arm-none-eabi/lib/thumb/v8-m.main+fp/hard/libcr_nohost_nf.a(__ciob.o)
 .debug_info    0x0001a39b       0x5c /Applications/MCUXpressoIDE_11.9.0_2144/ide/plugins/com.nxp.mcuxpresso.tools.macosx_11.9.0.202307121226/tools/bin/../lib/gcc/arm-none-eabi/12.3.1/../../../../arm-none-eabi/lib/thumb/v8-m.main+fp/hard/libcr_nohost_nf.a(__sys_close.o)
 .debug_info    0x0001a3f7       0x5c /Applications/MCUXpressoIDE_11.9.0_2144/ide/plugins/com.nxp.mcuxpresso.tools.macosx_11.9.0.202307121226/tools/bin/../lib/gcc/arm-none-eabi/12.3.1/../../../../arm-none-eabi/lib/thumb/v8-m.main+fp/hard/libcr_nohost_nf.a(__sys_flen.o)
 .debug_info    0x0001a453       0x5c /Applications/MCUXpressoIDE_11.9.0_2144/ide/plugins/com.nxp.mcuxpresso.tools.macosx_11.9.0.202307121226/tools/bin/../lib/gcc/arm-none-eabi/12.3.1/../../../../arm-none-eabi/lib/thumb/v8-m.main+fp/hard/libcr_nohost_nf.a(__sys_istty.o)
 .debug_info    0x0001a4af       0x7c /Applications/MCUXpressoIDE_11.9.0_2144/ide/plugins/com.nxp.mcuxpresso.tools.macosx_11.9.0.202307121226/tools/bin/../lib/gcc/arm-none-eabi/12.3.1/../../../../arm-none-eabi/lib/thumb/v8-m.main+fp/hard/libcr_nohost_nf.a(__sys_remove.o)
 .debug_info    0x0001a52b       0x6a /Applications/MCUXpressoIDE_11.9.0_2144/ide/plugins/com.nxp.mcuxpresso.tools.macosx_11.9.0.202307121226/tools/bin/../lib/gcc/arm-none-eabi/12.3.1/../../../../arm-none-eabi/lib/thumb/v8-m.main+fp/hard/libcr_nohost_nf.a(__sys_seek.o)
 .debug_info    0x0001a595       0x85 /Applications/MCUXpressoIDE_11.9.0_2144/ide/plugins/com.nxp.mcuxpresso.tools.macosx_11.9.0.202307121226/tools/bin/../lib/gcc/arm-none-eabi/12.3.1/../../../../arm-none-eabi/lib/thumb/v8-m.main+fp/hard/libcr_nohost_nf.a(__sys_tmpnam.o)
 .debug_info    0x0001a61a       0x85 /Applications/MCUXpressoIDE_11.9.0_2144/ide/plugins/com.nxp.mcuxpresso.tools.macosx_11.9.0.202307121226/tools/bin/../lib/gcc/arm-none-eabi/12.3.1/../../../../arm-none-eabi/lib/thumb/v8-m.main+fp/hard/libcr_nohost_nf.a(__sys_write.o)

.debug_abbrev   0x00000000     0x38e1
 .debug_abbrev  0x00000000       0xbd ./utilities/fsl_assert.o
 .debug_abbrev  0x000000bd      0x26b ./utilities/fsl_debug_console.o
 .debug_abbrev  0x00000328       0x14 ./utilities/fsl_memcpy.o
 .debug_abbrev  0x0000033c      0x147 ./startup/startup_lpc55s36.o
 .debug_abbrev  0x00000483      0x23f ./source/i2c_polling_b2b_slave.o
 .debug_abbrev  0x000006c2       0x31 ./source/semihost_hardfault.o
 .debug_abbrev  0x000006f3      0x396 ./drivers/fsl_clock.o
 .debug_abbrev  0x00000a89      0x22f ./drivers/fsl_common_arm.o
 .debug_abbrev  0x00000cb8      0x2a8 ./drivers/fsl_flexcomm.o
 .debug_abbrev  0x00000f60      0x3a0 ./drivers/fsl_i2c.o
 .debug_abbrev  0x00001300      0x373 ./drivers/fsl_power.o
 .debug_abbrev  0x00001673      0x16c ./drivers/fsl_reset.o
 .debug_abbrev  0x000017df      0x36b ./drivers/fsl_usart.o
 .debug_abbrev  0x00001b4a      0x143 ./device/system_LPC55S36.o
 .debug_abbrev  0x00001c8d      0x249 ./component/uart/fsl_adapter_usart.o
 .debug_abbrev  0x00001ed6       0xf7 ./board/board.o
 .debug_abbrev  0x00001fcd      0x1fc ./board/clock_config.o
 .debug_abbrev  0x000021c9      0x1d4 ./board/pin_mux.o
 .debug_abbrev  0x0000239d       0x70 /Applications/MCUXpressoIDE_11.9.0_2144/ide/plugins/com.nxp.mcuxpresso.tools.macosx_11.9.0.202307121226/tools/bin/../lib/gcc/arm-none-eabi/12.3.1/../../../../arm-none-eabi/lib/thumb/v8-m.main+fp/hard/libcr_nohost_nf.a(_cr__main.o)
 .debug_abbrev  0x0000240d       0xa8 /Applications/MCUXpressoIDE_11.9.0_2144/ide/plugins/com.nxp.mcuxpresso.tools.macosx_11.9.0.202307121226/tools/bin/../lib/gcc/arm-none-eabi/12.3.1/../../../../arm-none-eabi/lib/thumb/v8-m.main+fp/hard/libcr_c.a(memset.o)
 .debug_abbrev  0x000024b5      0x284 /Applications/MCUXpressoIDE_11.9.0_2144/ide/plugins/com.nxp.mcuxpresso.tools.macosx_11.9.0.202307121226/tools/bin/../lib/gcc/arm-none-eabi/12.3.1/../../../../arm-none-eabi/lib/thumb/v8-m.main+fp/hard/libcr_c.a(alloc.o)
 .debug_abbrev  0x00002739       0x44 /Applications/MCUXpressoIDE_11.9.0_2144/ide/plugins/com.nxp.mcuxpresso.tools.macosx_11.9.0.202307121226/tools/bin/../lib/gcc/arm-none-eabi/12.3.1/../../../../arm-none-eabi/lib/thumb/v8-m.main+fp/hard/libcr_c.a(errno.o)
 .debug_abbrev  0x0000277d      0x169 /Applications/MCUXpressoIDE_11.9.0_2144/ide/plugins/com.nxp.mcuxpresso.tools.macosx_11.9.0.202307121226/tools/bin/../lib/gcc/arm-none-eabi/12.3.1/../../../../arm-none-eabi/lib/thumb/v8-m.main+fp/hard/libcr_c.a(initio.o)
 .debug_abbrev  0x000028e6       0xe1 /Applications/MCUXpressoIDE_11.9.0_2144/ide/plugins/com.nxp.mcuxpresso.tools.macosx_11.9.0.202307121226/tools/bin/../lib/gcc/arm-none-eabi/12.3.1/../../../../arm-none-eabi/lib/thumb/v8-m.main+fp/hard/libcr_c.a(setvbuf.o)
 .debug_abbrev  0x000029c7       0xa7 /Applications/MCUXpressoIDE_11.9.0_2144/ide/plugins/com.nxp.mcuxpresso.tools.macosx_11.9.0.202307121226/tools/bin/../lib/gcc/arm-none-eabi/12.3.1/../../../../arm-none-eabi/lib/thumb/v8-m.main+fp/hard/libcr_c.a(strlen.o)
 .debug_abbrev  0x00002a6e      0x152 /Applications/MCUXpressoIDE_11.9.0_2144/ide/plugins/com.nxp.mcuxpresso.tools.macosx_11.9.0.202307121226/tools/bin/../lib/gcc/arm-none-eabi/12.3.1/../../../../arm-none-eabi/lib/thumb/v8-m.main+fp/hard/libcr_c.a(_deferredlazyseek.o)
 .debug_abbrev  0x00002bc0      0x119 /Applications/MCUXpressoIDE_11.9.0_2144/ide/plugins/com.nxp.mcuxpresso.tools.macosx_11.9.0.202307121226/tools/bin/../lib/gcc/arm-none-eabi/12.3.1/../../../../arm-none-eabi/lib/thumb/v8-m.main+fp/hard/libcr_c.a(_fdopen.o)
 .debug_abbrev  0x00002cd9       0xf1 /Applications/MCUXpressoIDE_11.9.0_2144/ide/plugins/com.nxp.mcuxpresso.tools.macosx_11.9.0.202307121226/tools/bin/../lib/gcc/arm-none-eabi/12.3.1/../../../../arm-none-eabi/lib/thumb/v8-m.main+fp/hard/libcr_c.a(_fflush.o)
 .debug_abbrev  0x00002dca      0x126 /Applications/MCUXpressoIDE_11.9.0_2144/ide/plugins/com.nxp.mcuxpresso.tools.macosx_11.9.0.202307121226/tools/bin/../lib/gcc/arm-none-eabi/12.3.1/../../../../arm-none-eabi/lib/thumb/v8-m.main+fp/hard/libcr_c.a(_writebuf.o)
 .debug_abbrev  0x00002ef0      0x155 /Applications/MCUXpressoIDE_11.9.0_2144/ide/plugins/com.nxp.mcuxpresso.tools.macosx_11.9.0.202307121226/tools/bin/../lib/gcc/arm-none-eabi/12.3.1/../../../../arm-none-eabi/lib/thumb/v8-m.main+fp/hard/libcr_c.a(fclose.o)
 .debug_abbrev  0x00003045      0x125 /Applications/MCUXpressoIDE_11.9.0_2144/ide/plugins/com.nxp.mcuxpresso.tools.macosx_11.9.0.202307121226/tools/bin/../lib/gcc/arm-none-eabi/12.3.1/../../../../arm-none-eabi/lib/thumb/v8-m.main+fp/hard/libcr_c.a(fflush.o)
 .debug_abbrev  0x0000316a      0x11b /Applications/MCUXpressoIDE_11.9.0_2144/ide/plugins/com.nxp.mcuxpresso.tools.macosx_11.9.0.202307121226/tools/bin/../lib/gcc/arm-none-eabi/12.3.1/../../../../arm-none-eabi/lib/thumb/v8-m.main+fp/hard/libcr_c.a(fseek.o)
 .debug_abbrev  0x00003285       0xc2 /Applications/MCUXpressoIDE_11.9.0_2144/ide/plugins/com.nxp.mcuxpresso.tools.macosx_11.9.0.202307121226/tools/bin/../lib/gcc/arm-none-eabi/12.3.1/../../../../arm-none-eabi/lib/thumb/v8-m.main+fp/hard/libcr_c.a(ftell.o)
 .debug_abbrev  0x00003347       0xfb /Applications/MCUXpressoIDE_11.9.0_2144/ide/plugins/com.nxp.mcuxpresso.tools.macosx_11.9.0.202307121226/tools/bin/../lib/gcc/arm-none-eabi/12.3.1/../../../../arm-none-eabi/lib/thumb/v8-m.main+fp/hard/libcr_c.a(remove.o)
 .debug_abbrev  0x00003442      0x12c /Applications/MCUXpressoIDE_11.9.0_2144/ide/plugins/com.nxp.mcuxpresso.tools.macosx_11.9.0.202307121226/tools/bin/../lib/gcc/arm-none-eabi/12.3.1/../../../../arm-none-eabi/lib/thumb/v8-m.main+fp/hard/libcr_c.a(_do_fflush.o)
 .debug_abbrev  0x0000356e       0xb5 /Applications/MCUXpressoIDE_11.9.0_2144/ide/plugins/com.nxp.mcuxpresso.tools.macosx_11.9.0.202307121226/tools/bin/../lib/gcc/arm-none-eabi/12.3.1/../../../../arm-none-eabi/lib/thumb/v8-m.main+fp/hard/libcr_nohost_nf.a(__ciob.o)
 .debug_abbrev  0x00003623       0x51 /Applications/MCUXpressoIDE_11.9.0_2144/ide/plugins/com.nxp.mcuxpresso.tools.macosx_11.9.0.202307121226/tools/bin/../lib/gcc/arm-none-eabi/12.3.1/../../../../arm-none-eabi/lib/thumb/v8-m.main+fp/hard/libcr_nohost_nf.a(__sys_close.o)
 .debug_abbrev  0x00003674       0x51 /Applications/MCUXpressoIDE_11.9.0_2144/ide/plugins/com.nxp.mcuxpresso.tools.macosx_11.9.0.202307121226/tools/bin/../lib/gcc/arm-none-eabi/12.3.1/../../../../arm-none-eabi/lib/thumb/v8-m.main+fp/hard/libcr_nohost_nf.a(__sys_flen.o)
 .debug_abbrev  0x000036c5       0x51 /Applications/MCUXpressoIDE_11.9.0_2144/ide/plugins/com.nxp.mcuxpresso.tools.macosx_11.9.0.202307121226/tools/bin/../lib/gcc/arm-none-eabi/12.3.1/../../../../arm-none-eabi/lib/thumb/v8-m.main+fp/hard/libcr_nohost_nf.a(__sys_istty.o)
 .debug_abbrev  0x00003716       0x7d /Applications/MCUXpressoIDE_11.9.0_2144/ide/plugins/com.nxp.mcuxpresso.tools.macosx_11.9.0.202307121226/tools/bin/../lib/gcc/arm-none-eabi/12.3.1/../../../../arm-none-eabi/lib/thumb/v8-m.main+fp/hard/libcr_nohost_nf.a(__sys_remove.o)
 .debug_abbrev  0x00003793       0x62 /Applications/MCUXpressoIDE_11.9.0_2144/ide/plugins/com.nxp.mcuxpresso.tools.macosx_11.9.0.202307121226/tools/bin/../lib/gcc/arm-none-eabi/12.3.1/../../../../arm-none-eabi/lib/thumb/v8-m.main+fp/hard/libcr_nohost_nf.a(__sys_seek.o)
 .debug_abbrev  0x000037f5       0x76 /Applications/MCUXpressoIDE_11.9.0_2144/ide/plugins/com.nxp.mcuxpresso.tools.macosx_11.9.0.202307121226/tools/bin/../lib/gcc/arm-none-eabi/12.3.1/../../../../arm-none-eabi/lib/thumb/v8-m.main+fp/hard/libcr_nohost_nf.a(__sys_tmpnam.o)
 .debug_abbrev  0x0000386b       0x76 /Applications/MCUXpressoIDE_11.9.0_2144/ide/plugins/com.nxp.mcuxpresso.tools.macosx_11.9.0.202307121226/tools/bin/../lib/gcc/arm-none-eabi/12.3.1/../../../../arm-none-eabi/lib/thumb/v8-m.main+fp/hard/libcr_nohost_nf.a(__sys_write.o)

.debug_aranges  0x00000000     0x1130
 .debug_aranges
                0x00000000       0x28 ./utilities/fsl_assert.o
 .debug_aranges
                0x00000028       0x78 ./utilities/fsl_debug_console.o
 .debug_aranges
                0x000000a0       0x20 ./utilities/fsl_memcpy.o
 .debug_aranges
                0x000000c0      0x448 ./startup/startup_lpc55s36.o
 .debug_aranges
                0x00000508       0x38 ./source/i2c_polling_b2b_slave.o
 .debug_aranges
                0x00000540       0x20 ./source/semihost_hardfault.o
 .debug_aranges
                0x00000560      0x270 ./drivers/fsl_clock.o
 .debug_aranges
                0x000007d0       0x68 ./drivers/fsl_common_arm.o
 .debug_aranges
                0x00000838       0x90 ./drivers/fsl_flexcomm.o
 .debug_aranges
                0x000008c8      0x1a0 ./drivers/fsl_i2c.o
 .debug_aranges
                0x00000a68      0x118 ./drivers/fsl_power.o
 .debug_aranges
                0x00000b80       0x30 ./drivers/fsl_reset.o
 .debug_aranges
                0x00000bb0      0x108 ./drivers/fsl_usart.o
 .debug_aranges
                0x00000cb8       0x30 ./device/system_LPC55S36.o
 .debug_aranges
                0x00000ce8       0x58 ./component/uart/fsl_adapter_usart.o
 .debug_aranges
                0x00000d40       0x20 ./board/board.o
 .debug_aranges
                0x00000d60       0x50 ./board/clock_config.o
 .debug_aranges
                0x00000db0       0x38 ./board/pin_mux.o
 .debug_aranges
                0x00000de8       0x20 /Applications/MCUXpressoIDE_11.9.0_2144/ide/plugins/com.nxp.mcuxpresso.tools.macosx_11.9.0.202307121226/tools/bin/../lib/gcc/arm-none-eabi/12.3.1/../../../../arm-none-eabi/lib/thumb/v8-m.main+fp/hard/libcr_nohost_nf.a(_cr__main.o)
 .debug_aranges
                0x00000e08       0x20 /Applications/MCUXpressoIDE_11.9.0_2144/ide/plugins/com.nxp.mcuxpresso.tools.macosx_11.9.0.202307121226/tools/bin/../lib/gcc/arm-none-eabi/12.3.1/../../../../arm-none-eabi/lib/thumb/v8-m.main+fp/hard/libcr_c.a(memset.o)
 .debug_aranges
                0x00000e28       0x40 /Applications/MCUXpressoIDE_11.9.0_2144/ide/plugins/com.nxp.mcuxpresso.tools.macosx_11.9.0.202307121226/tools/bin/../lib/gcc/arm-none-eabi/12.3.1/../../../../arm-none-eabi/lib/thumb/v8-m.main+fp/hard/libcr_c.a(alloc.o)
 .debug_aranges
                0x00000e68       0x18 /Applications/MCUXpressoIDE_11.9.0_2144/ide/plugins/com.nxp.mcuxpresso.tools.macosx_11.9.0.202307121226/tools/bin/../lib/gcc/arm-none-eabi/12.3.1/../../../../arm-none-eabi/lib/thumb/v8-m.main+fp/hard/libcr_c.a(errno.o)
 .debug_aranges
                0x00000e80       0x28 /Applications/MCUXpressoIDE_11.9.0_2144/ide/plugins/com.nxp.mcuxpresso.tools.macosx_11.9.0.202307121226/tools/bin/../lib/gcc/arm-none-eabi/12.3.1/../../../../arm-none-eabi/lib/thumb/v8-m.main+fp/hard/libcr_c.a(initio.o)
 .debug_aranges
                0x00000ea8       0x20 /Applications/MCUXpressoIDE_11.9.0_2144/ide/plugins/com.nxp.mcuxpresso.tools.macosx_11.9.0.202307121226/tools/bin/../lib/gcc/arm-none-eabi/12.3.1/../../../../arm-none-eabi/lib/thumb/v8-m.main+fp/hard/libcr_c.a(setvbuf.o)
 .debug_aranges
                0x00000ec8       0x20 /Applications/MCUXpressoIDE_11.9.0_2144/ide/plugins/com.nxp.mcuxpresso.tools.macosx_11.9.0.202307121226/tools/bin/../lib/gcc/arm-none-eabi/12.3.1/../../../../arm-none-eabi/lib/thumb/v8-m.main+fp/hard/libcr_c.a(strlen.o)
 .debug_aranges
                0x00000ee8       0x28 /Applications/MCUXpressoIDE_11.9.0_2144/ide/plugins/com.nxp.mcuxpresso.tools.macosx_11.9.0.202307121226/tools/bin/../lib/gcc/arm-none-eabi/12.3.1/../../../../arm-none-eabi/lib/thumb/v8-m.main+fp/hard/libcr_c.a(_deferredlazyseek.o)
 .debug_aranges
                0x00000f10       0x20 /Applications/MCUXpressoIDE_11.9.0_2144/ide/plugins/com.nxp.mcuxpresso.tools.macosx_11.9.0.202307121226/tools/bin/../lib/gcc/arm-none-eabi/12.3.1/../../../../arm-none-eabi/lib/thumb/v8-m.main+fp/hard/libcr_c.a(_fdopen.o)
 .debug_aranges
                0x00000f30       0x20 /Applications/MCUXpressoIDE_11.9.0_2144/ide/plugins/com.nxp.mcuxpresso.tools.macosx_11.9.0.202307121226/tools/bin/../lib/gcc/arm-none-eabi/12.3.1/../../../../arm-none-eabi/lib/thumb/v8-m.main+fp/hard/libcr_c.a(_fflush.o)
 .debug_aranges
                0x00000f50       0x20 /Applications/MCUXpressoIDE_11.9.0_2144/ide/plugins/com.nxp.mcuxpresso.tools.macosx_11.9.0.202307121226/tools/bin/../lib/gcc/arm-none-eabi/12.3.1/../../../../arm-none-eabi/lib/thumb/v8-m.main+fp/hard/libcr_c.a(_writebuf.o)
 .debug_aranges
                0x00000f70       0x20 /Applications/MCUXpressoIDE_11.9.0_2144/ide/plugins/com.nxp.mcuxpresso.tools.macosx_11.9.0.202307121226/tools/bin/../lib/gcc/arm-none-eabi/12.3.1/../../../../arm-none-eabi/lib/thumb/v8-m.main+fp/hard/libcr_c.a(fclose.o)
 .debug_aranges
                0x00000f90       0x20 /Applications/MCUXpressoIDE_11.9.0_2144/ide/plugins/com.nxp.mcuxpresso.tools.macosx_11.9.0.202307121226/tools/bin/../lib/gcc/arm-none-eabi/12.3.1/../../../../arm-none-eabi/lib/thumb/v8-m.main+fp/hard/libcr_c.a(fflush.o)
 .debug_aranges
                0x00000fb0       0x20 /Applications/MCUXpressoIDE_11.9.0_2144/ide/plugins/com.nxp.mcuxpresso.tools.macosx_11.9.0.202307121226/tools/bin/../lib/gcc/arm-none-eabi/12.3.1/../../../../arm-none-eabi/lib/thumb/v8-m.main+fp/hard/libcr_c.a(fseek.o)
 .debug_aranges
                0x00000fd0       0x20 /Applications/MCUXpressoIDE_11.9.0_2144/ide/plugins/com.nxp.mcuxpresso.tools.macosx_11.9.0.202307121226/tools/bin/../lib/gcc/arm-none-eabi/12.3.1/../../../../arm-none-eabi/lib/thumb/v8-m.main+fp/hard/libcr_c.a(ftell.o)
 .debug_aranges
                0x00000ff0       0x28 /Applications/MCUXpressoIDE_11.9.0_2144/ide/plugins/com.nxp.mcuxpresso.tools.macosx_11.9.0.202307121226/tools/bin/../lib/gcc/arm-none-eabi/12.3.1/../../../../arm-none-eabi/lib/thumb/v8-m.main+fp/hard/libcr_c.a(remove.o)
 .debug_aranges
                0x00001018       0x20 /Applications/MCUXpressoIDE_11.9.0_2144/ide/plugins/com.nxp.mcuxpresso.tools.macosx_11.9.0.202307121226/tools/bin/../lib/gcc/arm-none-eabi/12.3.1/../../../../arm-none-eabi/lib/thumb/v8-m.main+fp/hard/libcr_c.a(_do_fflush.o)
 .debug_aranges
                0x00001038       0x18 /Applications/MCUXpressoIDE_11.9.0_2144/ide/plugins/com.nxp.mcuxpresso.tools.macosx_11.9.0.202307121226/tools/bin/../lib/gcc/arm-none-eabi/12.3.1/../../../../arm-none-eabi/lib/thumb/v8-m.main+fp/hard/libcr_nohost_nf.a(__ciob.o)
 .debug_aranges
                0x00001050       0x20 /Applications/MCUXpressoIDE_11.9.0_2144/ide/plugins/com.nxp.mcuxpresso.tools.macosx_11.9.0.202307121226/tools/bin/../lib/gcc/arm-none-eabi/12.3.1/../../../../arm-none-eabi/lib/thumb/v8-m.main+fp/hard/libcr_nohost_nf.a(__sys_close.o)
 .debug_aranges
                0x00001070       0x20 /Applications/MCUXpressoIDE_11.9.0_2144/ide/plugins/com.nxp.mcuxpresso.tools.macosx_11.9.0.202307121226/tools/bin/../lib/gcc/arm-none-eabi/12.3.1/../../../../arm-none-eabi/lib/thumb/v8-m.main+fp/hard/libcr_nohost_nf.a(__sys_flen.o)
 .debug_aranges
                0x00001090       0x20 /Applications/MCUXpressoIDE_11.9.0_2144/ide/plugins/com.nxp.mcuxpresso.tools.macosx_11.9.0.202307121226/tools/bin/../lib/gcc/arm-none-eabi/12.3.1/../../../../arm-none-eabi/lib/thumb/v8-m.main+fp/hard/libcr_nohost_nf.a(__sys_istty.o)
 .debug_aranges
                0x000010b0       0x20 /Applications/MCUXpressoIDE_11.9.0_2144/ide/plugins/com.nxp.mcuxpresso.tools.macosx_11.9.0.202307121226/tools/bin/../lib/gcc/arm-none-eabi/12.3.1/../../../../arm-none-eabi/lib/thumb/v8-m.main+fp/hard/libcr_nohost_nf.a(__sys_remove.o)
 .debug_aranges
                0x000010d0       0x20 /Applications/MCUXpressoIDE_11.9.0_2144/ide/plugins/com.nxp.mcuxpresso.tools.macosx_11.9.0.202307121226/tools/bin/../lib/gcc/arm-none-eabi/12.3.1/../../../../arm-none-eabi/lib/thumb/v8-m.main+fp/hard/libcr_nohost_nf.a(__sys_seek.o)
 .debug_aranges
                0x000010f0       0x20 /Applications/MCUXpressoIDE_11.9.0_2144/ide/plugins/com.nxp.mcuxpresso.tools.macosx_11.9.0.202307121226/tools/bin/../lib/gcc/arm-none-eabi/12.3.1/../../../../arm-none-eabi/lib/thumb/v8-m.main+fp/hard/libcr_nohost_nf.a(__sys_tmpnam.o)
 .debug_aranges
                0x00001110       0x20 /Applications/MCUXpressoIDE_11.9.0_2144/ide/plugins/com.nxp.mcuxpresso.tools.macosx_11.9.0.202307121226/tools/bin/../lib/gcc/arm-none-eabi/12.3.1/../../../../arm-none-eabi/lib/thumb/v8-m.main+fp/hard/libcr_nohost_nf.a(__sys_write.o)

.debug_ranges   0x00000000      0xf28
 .debug_ranges  0x00000000       0x18 ./utilities/fsl_assert.o
 .debug_ranges  0x00000018       0x68 ./utilities/fsl_debug_console.o
 .debug_ranges  0x00000080      0x438 ./startup/startup_lpc55s36.o
 .debug_ranges  0x000004b8       0x28 ./source/i2c_polling_b2b_slave.o
 .debug_ranges  0x000004e0       0x10 ./source/semihost_hardfault.o
 .debug_ranges  0x000004f0      0x260 ./drivers/fsl_clock.o
 .debug_ranges  0x00000750       0x58 ./drivers/fsl_common_arm.o
 .debug_ranges  0x000007a8       0x80 ./drivers/fsl_flexcomm.o
 .debug_ranges  0x00000828      0x1d8 ./drivers/fsl_i2c.o
 .debug_ranges  0x00000a00      0x120 ./drivers/fsl_power.o
 .debug_ranges  0x00000b20       0x20 ./drivers/fsl_reset.o
 .debug_ranges  0x00000b40       0xf8 ./drivers/fsl_usart.o
 .debug_ranges  0x00000c38       0x20 ./device/system_LPC55S36.o
 .debug_ranges  0x00000c58       0x48 ./component/uart/fsl_adapter_usart.o
 .debug_ranges  0x00000ca0       0x10 ./board/board.o
 .debug_ranges  0x00000cb0       0x40 ./board/clock_config.o
 .debug_ranges  0x00000cf0       0x28 ./board/pin_mux.o
 .debug_ranges  0x00000d18       0x10 /Applications/MCUXpressoIDE_11.9.0_2144/ide/plugins/com.nxp.mcuxpresso.tools.macosx_11.9.0.202307121226/tools/bin/../lib/gcc/arm-none-eabi/12.3.1/../../../../arm-none-eabi/lib/thumb/v8-m.main+fp/hard/libcr_nohost_nf.a(_cr__main.o)
 .debug_ranges  0x00000d28       0x10 /Applications/MCUXpressoIDE_11.9.0_2144/ide/plugins/com.nxp.mcuxpresso.tools.macosx_11.9.0.202307121226/tools/bin/../lib/gcc/arm-none-eabi/12.3.1/../../../../arm-none-eabi/lib/thumb/v8-m.main+fp/hard/libcr_c.a(memset.o)
 .debug_ranges  0x00000d38       0x48 /Applications/MCUXpressoIDE_11.9.0_2144/ide/plugins/com.nxp.mcuxpresso.tools.macosx_11.9.0.202307121226/tools/bin/../lib/gcc/arm-none-eabi/12.3.1/../../../../arm-none-eabi/lib/thumb/v8-m.main+fp/hard/libcr_c.a(alloc.o)
 .debug_ranges  0x00000d80       0x18 /Applications/MCUXpressoIDE_11.9.0_2144/ide/plugins/com.nxp.mcuxpresso.tools.macosx_11.9.0.202307121226/tools/bin/../lib/gcc/arm-none-eabi/12.3.1/../../../../arm-none-eabi/lib/thumb/v8-m.main+fp/hard/libcr_c.a(initio.o)
 .debug_ranges  0x00000d98       0x10 /Applications/MCUXpressoIDE_11.9.0_2144/ide/plugins/com.nxp.mcuxpresso.tools.macosx_11.9.0.202307121226/tools/bin/../lib/gcc/arm-none-eabi/12.3.1/../../../../arm-none-eabi/lib/thumb/v8-m.main+fp/hard/libcr_c.a(setvbuf.o)
 .debug_ranges  0x00000da8       0x10 /Applications/MCUXpressoIDE_11.9.0_2144/ide/plugins/com.nxp.mcuxpresso.tools.macosx_11.9.0.202307121226/tools/bin/../lib/gcc/arm-none-eabi/12.3.1/../../../../arm-none-eabi/lib/thumb/v8-m.main+fp/hard/libcr_c.a(strlen.o)
 .debug_ranges  0x00000db8       0x38 /Applications/MCUXpressoIDE_11.9.0_2144/ide/plugins/com.nxp.mcuxpresso.tools.macosx_11.9.0.202307121226/tools/bin/../lib/gcc/arm-none-eabi/12.3.1/../../../../arm-none-eabi/lib/thumb/v8-m.main+fp/hard/libcr_c.a(_deferredlazyseek.o)
 .debug_ranges  0x00000df0       0x10 /Applications/MCUXpressoIDE_11.9.0_2144/ide/plugins/com.nxp.mcuxpresso.tools.macosx_11.9.0.202307121226/tools/bin/../lib/gcc/arm-none-eabi/12.3.1/../../../../arm-none-eabi/lib/thumb/v8-m.main+fp/hard/libcr_c.a(_fdopen.o)
 .debug_ranges  0x00000e00       0x10 /Applications/MCUXpressoIDE_11.9.0_2144/ide/plugins/com.nxp.mcuxpresso.tools.macosx_11.9.0.202307121226/tools/bin/../lib/gcc/arm-none-eabi/12.3.1/../../../../arm-none-eabi/lib/thumb/v8-m.main+fp/hard/libcr_c.a(_fflush.o)
 .debug_ranges  0x00000e10       0x10 /Applications/MCUXpressoIDE_11.9.0_2144/ide/plugins/com.nxp.mcuxpresso.tools.macosx_11.9.0.202307121226/tools/bin/../lib/gcc/arm-none-eabi/12.3.1/../../../../arm-none-eabi/lib/thumb/v8-m.main+fp/hard/libcr_c.a(_writebuf.o)
 .debug_ranges  0x00000e20       0x10 /Applications/MCUXpressoIDE_11.9.0_2144/ide/plugins/com.nxp.mcuxpresso.tools.macosx_11.9.0.202307121226/tools/bin/../lib/gcc/arm-none-eabi/12.3.1/../../../../arm-none-eabi/lib/thumb/v8-m.main+fp/hard/libcr_c.a(fclose.o)
 .debug_ranges  0x00000e30       0x28 /Applications/MCUXpressoIDE_11.9.0_2144/ide/plugins/com.nxp.mcuxpresso.tools.macosx_11.9.0.202307121226/tools/bin/../lib/gcc/arm-none-eabi/12.3.1/../../../../arm-none-eabi/lib/thumb/v8-m.main+fp/hard/libcr_c.a(fflush.o)
 .debug_ranges  0x00000e58       0x10 /Applications/MCUXpressoIDE_11.9.0_2144/ide/plugins/com.nxp.mcuxpresso.tools.macosx_11.9.0.202307121226/tools/bin/../lib/gcc/arm-none-eabi/12.3.1/../../../../arm-none-eabi/lib/thumb/v8-m.main+fp/hard/libcr_c.a(fseek.o)
 .debug_ranges  0x00000e68       0x10 /Applications/MCUXpressoIDE_11.9.0_2144/ide/plugins/com.nxp.mcuxpresso.tools.macosx_11.9.0.202307121226/tools/bin/../lib/gcc/arm-none-eabi/12.3.1/../../../../arm-none-eabi/lib/thumb/v8-m.main+fp/hard/libcr_c.a(ftell.o)
 .debug_ranges  0x00000e78       0x18 /Applications/MCUXpressoIDE_11.9.0_2144/ide/plugins/com.nxp.mcuxpresso.tools.macosx_11.9.0.202307121226/tools/bin/../lib/gcc/arm-none-eabi/12.3.1/../../../../arm-none-eabi/lib/thumb/v8-m.main+fp/hard/libcr_c.a(remove.o)
 .debug_ranges  0x00000e90       0x28 /Applications/MCUXpressoIDE_11.9.0_2144/ide/plugins/com.nxp.mcuxpresso.tools.macosx_11.9.0.202307121226/tools/bin/../lib/gcc/arm-none-eabi/12.3.1/../../../../arm-none-eabi/lib/thumb/v8-m.main+fp/hard/libcr_c.a(_do_fflush.o)