../drivers/fsl_clock.h:930:20:CLOCK_EnableClock	24	static
../drivers/fsl_clock.h:955:20:CLOCK_DisableClock	24	static
../drivers/fsl_clock.h:1216:22:CLOCK_IsPLL0Locked	4	static
../drivers/fsl_clock.h:1224:22:CLOCK_IsPLL1Locked	4	static
../drivers/fsl_power.h:567:20:POWER_EnablePD	16	static
../drivers/fsl_power.h:587:20:POWER_DisablePD	16	static
../drivers/fsl_clock.c:121:6:CLOCK_AttachClk	40	static
../drivers/fsl_clock.c:172:19:CLOCK_GetClockAttachId	48	static
../drivers/fsl_clock.c:226:6:CLOCK_SetClkDiv	24	static
../drivers/fsl_clock.c:262:10:CLOCK_SetupFROClocking	16	static
../drivers/fsl_clock.c:324:6:CLOCK_SetFLASHAccessCyclesForFreq	32	static
../drivers/fsl_clock.c:366:10:CLOCK_SetupExtClocking	16	static
../drivers/fsl_clock.c:393:10:CLOCK_SetupI2SMClkClocking	16	static
../drivers/fsl_clock.c:403:10:CLOCK_GetClockOutClkFreq	16	static
../drivers/fsl_clock.c:452:10:CLOCK_GetMCanClkFreq	16	static
../drivers/fsl_clock.c:483:10:CLOCK_GetAdcClkFreq	24	static
../drivers/fsl_clock.c:514:10:CLOCK_GetUsb0ClkFreq	16	static
../drivers/fsl_clock.c:548:10:CLOCK_GetMclkClkFreq	16	static
../drivers/fsl_clock.c:576:10:CLOCK_GetSctClkFreq	16	static
../drivers/fsl_clock.c:616:10:CLOCK_GetFro12MFreq	4	static
../drivers/fsl_clock.c:625:10:CLOCK_GetFro1MFreq	4	static
../drivers/fsl_clock.c:634:10:CLOCK_GetExtClkFreq	4	static
../drivers/fsl_clock.c:643:10:CLOCK_GetWdtClkFreq	8	static
../drivers/fsl_clock.c:652:10:CLOCK_GetFroHfFreq	4	static
../drivers/fsl_clock.c:661:10:CLOCK_GetPll0OutFreq	4	static
../drivers/fsl_clock.c:670:10:CLOCK_GetPll1OutFreq	4	static
../drivers/fsl_clock.c:679:10:CLOCK_GetOsc32KFreq	4	static
../drivers/fsl_clock.c:694:10:CLOCK_GetFC32KFreq	4	static
../drivers/fsl_clock.c:709:10:CLOCK_GetCoreSysClkFreq	16	static
../drivers/fsl_clock.c:760:10:CLOCK_GetI2SMClkFreq	4	static
../drivers/fsl_clock.c:766:10:CLOCK_GetPllClkDivFreq	16	static
../drivers/fsl_clock.c:788:10:CLOCK_GetFrgFreq	40	static
../drivers/fsl_clock.c:813:10:CLOCK_GetFlexCommClkFreq	24	static
../drivers/fsl_clock.c:853:10:CLOCK_GetHsLspiClkFreq	16	static
../drivers/fsl_clock.c:893:10:CLOCK_GetCTimerClkFreq	24	static
../drivers/fsl_clock.c:936:10:CLOCK_GetSystickClkFreq	16	static
../drivers/fsl_clock.c:969:10:CLOCK_GetDacClkFreq	24	static
../drivers/fsl_clock.c:1005:10:CLOCK_GetFlexSpiClkFreq	16	static
../drivers/fsl_clock.c:1038:10:CLOCK_GetDmicClkFreq	16	static
../drivers/fsl_clock.c:1074:10:CLOCK_GetI3cClkFreq	16	static
../drivers/fsl_clock.c:1098:10:CLOCK_GetI3cSTCClkFreq	16	static
../drivers/fsl_clock.c:1122:10:CLOCK_GetI3cSClkFreq	16	static
../drivers/fsl_clock.c:1143:10:CLOCK_GetFreq	24	static
../drivers/fsl_clock.c:1189:13:pllFindSel	32	static
../drivers/fsl_clock.c:1233:17:findPll0PreDiv	16	static
../drivers/fsl_clock.c:1250:17:findPll1PreDiv	16	static
../drivers/fsl_clock.c:1267:17:findPll0PostDiv	16	static
../drivers/fsl_clock.c:1290:17:findPll1PostDiv	16	static
../drivers/fsl_clock.c:1314:14:findPll0MMult	24	static
../drivers/fsl_clock.c:1341:17:findPll1MMult	16	static
../drivers/fsl_clock.c:1356:17:FindGreatestCommonDivisor	24	static
../drivers/fsl_clock.c:1376:20:CLOCK_GetPll0ConfigInternal	128	static
../drivers/fsl_clock.c:1546:20:CLOCK_GetPll0Config	32	static
../drivers/fsl_clock.c:1594:13:CLOCK_GetPLL0OutFromSetupUpdate	16	static
../drivers/fsl_clock.c:1600:13:CLOCK_GetPLL1OutFromSetupUpdate	16	static
../drivers/fsl_clock.c:1609:10:CLOCK_GetPLL0InClockRate	16	static
../drivers/fsl_clock.c:1640:10:CLOCK_GetPLL1InClockRate	16	static
../drivers/fsl_clock.c:1675:10:CLOCK_GetPLL0OutFromSetup	40	static
../drivers/fsl_clock.c:1706:10:CLOCK_GetPLL1OutFromSetup	32	static
../drivers/fsl_clock.c:1736:6:CLOCK_SetStoredPLL0ClockRate	16	static
../drivers/fsl_clock.c:1749:10:CLOCK_GetPLL0OutClockRate	56	static
../drivers/fsl_clock.c:1777:10:CLOCK_GetPLL1OutClockRate	56	static
../drivers/fsl_clock.c:1804:13:CLOCK_SetupPLL0Data	24	static
../drivers/fsl_clock.c:1847:13:CLOCK_SetupPLL0Prec	40	static
../drivers/fsl_clock.c:1930:13:CLOCK_SetPLL0Freq	40	static
../drivers/fsl_clock.c:2005:13:CLOCK_SetPLL1Freq	40	static
../drivers/fsl_clock.c:2068:6:CLOCK_SetupPLL0Mult	48	static
../drivers/fsl_clock.c:2132:6:CLOCK_EnableUsbfs0DeviceClock	56	static
../drivers/fsl_clock.c:2193:6:CLOCK_EnableUsbfs0HostClock	56	static
../drivers/fsl_clock.c:2250:6:CLOCK_EnableOstimer32kClock	4	static
../drivers/fsl_clock.c:2266:6:CLOCK_XtalHfCapabankTrim	72	static
../drivers/fsl_clock.c:2339:6:CLOCK_Xtal32khzCapabankTrim	64	static
../drivers/fsl_clock.c:2398:13:CLOCK_SetXtalHfLdo	24	static
../drivers/fsl_clock.c:2437:16:CLOCK_u8OscCapConvert	16	static
../drivers/fsl_clock.c:2468:6:CLOCK_FroHfTrim	16	static
