/Users/tedd/dev/mcuxpresso/lpc55s36/lpcxpresso55s36_i2c_polling_b2b_slave/device/LPC55S36.h:60281:24:Chip_GetVersion	16	static
../drivers/fsl_power.c:458:16:POWER_PowerInit	4	static
../drivers/fsl_power.c:502:16:POWER_SetCorePowerSource	24	static
../drivers/fsl_power.c:624:25:POWER_GetCorePowerSource	16	static
../drivers/fsl_power.c:663:16:POWER_CorePowerSourceControl	16	static
../drivers/fsl_power.c:782:23:POWER_GetSRAMPowerMode	32	static
../drivers/fsl_power.c:899:16:POWER_SRAMPowerModeControl	24	static
../drivers/fsl_power.c:1041:6:POWER_EnterSleep	24	static
../drivers/fsl_power.c:1055:6:POWER_EnterDeepSleep	112	static
../drivers/fsl_power.c:1119:6:POWER_EnterPowerDown	104	static
../drivers/fsl_power.c:1228:6:POWER_EnterDeepPowerDown	104	static
../drivers/fsl_power.c:1300:6:POWER_SetWakeUpPins	16	static
../drivers/fsl_power.c:1324:6:POWER_GetWakeUpCause	40	static
../drivers/fsl_power.c:1495:6:POWER_SetVoltageForFreq	16	static
../drivers/fsl_power.c:1561:13:POWER_WaitLDOCoreInit	16	static
../drivers/fsl_power.c:1586:13:POWER_SRAMPowerUpDelay	16	static
../drivers/fsl_power.c:1610:13:POWER_PowerCycleCpu	8	static
../drivers/fsl_power.c:1630:13:POWER_SetLowPowerMode	168	static
../drivers/fsl_power.c:2088:17:POWER_WakeUpIOCtrl	24	static
../drivers/fsl_power.c:2376:17:POWER_SetLdoAoLdoMemVoltage	48	static
../drivers/fsl_power.c:2476:13:POWER_SetSystemPowerProfile	24	static
../drivers/fsl_power.c:2562:13:POWER_SetVoltageForProcess	24	static
../drivers/fsl_power.c:2645:37:POWER_GetPartProcessCorner	24	static
../drivers/fsl_power.c:2729:13:POWER_SetSystemVoltage	48	static
../drivers/fsl_power.c:2896:13:POWER_SRAMSetRegister	16	static
../drivers/fsl_power.c:3008:13:POWER_SRAMActiveToLightSleep	16	static
../drivers/fsl_power.c:3017:13:POWER_SRAMActiveToDeepSleep	16	static
../drivers/fsl_power.c:3026:13:POWER_SRAMActiveToShutDown	16	static
../drivers/fsl_power.c:3035:13:POWER_SRAMLightSleepToActive	16	static
../drivers/fsl_power.c:3047:13:POWER_SRAMDeepSleepToActive	16	static
../drivers/fsl_power.c:3059:13:POWER_SRAMShutDownToActive	16	static
../drivers/fsl_power.c:3071:13:POWER_SetSystemClock12MHZ	16	static
