/Users/tedd/dev/mcuxpresso/lpc55s36/lpcxpresso55s36_i2c_polling_b2b_slave/CMSIS/core_cm33.h:2378:22:__NVIC_EnableIRQ	16	static
../drivers/fsl_common_arm.h:570:24:EnableIRQ	24	static
../drivers/fsl_i2c.h:527:20:I2C_MasterEnable	16	static
../drivers/fsl_i2c.h:569:20:I2C_ClearStatusFlags	16	static
../drivers/fsl_i2c.h:610:20:I2C_EnableInterrupts	16	static
../drivers/fsl_i2c.h:622:20:I2C_DisableInterrupts	16	static
../drivers/fsl_i2c.h:714:24:I2C_MasterRepeatedStart	16	static
../drivers/fsl_i2c.h:923:20:I2C_SlaveEnable	16	static
../drivers/fsl_i2c.h:955:20:I2C_SlaveClearStatusFlags	16	static
../drivers/fsl_i2c.c:181:10:I2C_GetInstance	24	static
../drivers/fsl_i2c.c:210:6:I2C_MasterGetDefaultConfig	16	static
../drivers/fsl_i2c.c:234:6:I2C_MasterInit	24	static
../drivers/fsl_i2c.c:258:6:I2C_MasterDeinit	16	static
../drivers/fsl_i2c.c:275:10:I2C_GetStatusFlags	24	static
../drivers/fsl_i2c.c:311:6:I2C_MasterSetBaudRate	56	static
../drivers/fsl_i2c.c:401:6:I2C_MasterSetTimeoutValue	32	static
../drivers/fsl_i2c.c:418:17:I2C_PendingStatusWait	24	static
../drivers/fsl_i2c.c:491:10:I2C_MasterStart	24	static
../drivers/fsl_i2c.c:514:10:I2C_MasterStop	24	static
../drivers/fsl_i2c.c:543:10:I2C_MasterWriteBlocking	40	static
../drivers/fsl_i2c.c:634:10:I2C_MasterReadBlocking	40	static
../drivers/fsl_i2c.c:695:17:I2C_MasterCheckStartResponse	24	static
../drivers/fsl_i2c.c:728:10:I2C_MasterTransferBlocking	40	static
../drivers/fsl_i2c.c:831:6:I2C_MasterTransferCreateHandle	32	static
../drivers/fsl_i2c.c:869:10:I2C_MasterTransferNonBlocking	32	static
../drivers/fsl_i2c.c:910:10:I2C_MasterTransferGetCount	24	static
../drivers/fsl_i2c.c:942:10:I2C_MasterTransferAbort	24	static
../drivers/fsl_i2c.c:986:17:I2C_InitTransferStateMachine	48	static
../drivers/fsl_i2c.c:1047:17:I2C_RunTransferStateMachine	48	static
../drivers/fsl_i2c.c:1265:6:I2C_MasterTransferHandleIRQ	32	static
../drivers/fsl_i2c.c:1294:13:I2C_SlaveInternalStateMachineReset	16	static
../drivers/fsl_i2c.c:1299:17:I2C_SlaveDivVal	32	static
../drivers/fsl_i2c.c:1344:17:I2C_SlavePollPending	24	static
../drivers/fsl_i2c.c:1369:13:I2C_SlaveInvokeEvent	40	static
../drivers/fsl_i2c.c:1397:13:I2C_SlaveAddressIRQ	32	static
../drivers/fsl_i2c.c:1456:17:I2C_SlaveTransferNonBlockingInternal	32	static
../drivers/fsl_i2c.c:1527:10:I2C_SlaveSetSendBuffer	40	static
../drivers/fsl_i2c.c:1557:10:I2C_SlaveSetReceiveBuffer	40	static
../drivers/fsl_i2c.c:1574:6:I2C_SlaveSetAddress	16	static
../drivers/fsl_i2c.c:1603:6:I2C_SlaveGetDefaultConfig	40	static
../drivers/fsl_i2c.c:1631:10:I2C_SlaveInit	32	static
../drivers/fsl_i2c.c:1675:6:I2C_SlaveDeinit	16	static
../drivers/fsl_i2c.c:1691:10:I2C_SlaveWriteBlocking	40	static
../drivers/fsl_i2c.c:1778:10:I2C_SlaveReadBlocking	48	static
../drivers/fsl_i2c.c:1884:6:I2C_SlaveTransferCreateHandle	32	static
../drivers/fsl_i2c.c:1945:10:I2C_SlaveTransferNonBlocking	40	static
../drivers/fsl_i2c.c:1959:10:I2C_SlaveTransferGetCount	24	static
../drivers/fsl_i2c.c:1989:6:I2C_SlaveTransferAbort	16	static
../drivers/fsl_i2c.c:2009:6:I2C_SlaveTransferHandleIRQ	40	static
