../startup/startup_lpc55s36.c:512:6:data_init	4	static
../startup/startup_lpc55s36.c:521:6:bss_init	0	static
../startup/startup_lpc55s36.c:546:6:ResetISR	0	static
../startup/startup_lpc55s36.c:633:14:NMI_Handler	0	static
../startup/startup_lpc55s36.c:637:14:HardFault_Handler	0	static
../startup/startup_lpc55s36.c:641:14:MemManage_Handler	0	static
../startup/startup_lpc55s36.c:645:14:BusFault_Handler	0	static
../startup/startup_lpc55s36.c:649:14:UsageFault_Handler	0	static
../startup/startup_lpc55s36.c:653:14:SecureFault_Handler	0	static
../startup/startup_lpc55s36.c:657:14:SVC_Handler	0	static
../startup/startup_lpc55s36.c:661:14:DebugMon_Handler	0	static
../startup/startup_lpc55s36.c:665:14:PendSV_Handler	0	static
../startup/startup_lpc55s36.c:669:14:SysTick_Handler	0	static
../startup/startup_lpc55s36.c:677:14:IntDefaultHandler	0	static
../startup/startup_lpc55s36.c:687:11:WDT_BOD_IRQHandler	8	static
../startup/startup_lpc55s36.c:691:11:DMA0_IRQHandler	8	static
../startup/startup_lpc55s36.c:695:11:GINT0_IRQHandler	8	static
../startup/startup_lpc55s36.c:699:11:GINT1_IRQHandler	8	static
../startup/startup_lpc55s36.c:703:11:PIN_INT0_IRQHandler	8	static
../startup/startup_lpc55s36.c:707:11:PIN_INT1_IRQHandler	8	static
../startup/startup_lpc55s36.c:711:11:PIN_INT2_IRQHandler	8	static
../startup/startup_lpc55s36.c:715:11:PIN_INT3_IRQHandler	8	static
../startup/startup_lpc55s36.c:719:11:UTICK0_IRQHandler	8	static
../startup/startup_lpc55s36.c:723:11:MRT0_IRQHandler	8	static
../startup/startup_lpc55s36.c:727:11:CTIMER0_IRQHandler	8	static
../startup/startup_lpc55s36.c:731:11:CTIMER1_IRQHandler	8	static
../startup/startup_lpc55s36.c:735:11:SCT0_IRQHandler	8	static
../startup/startup_lpc55s36.c:739:11:CTIMER3_IRQHandler	8	static
../startup/startup_lpc55s36.c:743:11:FLEXCOMM0_IRQHandler	8	static
../startup/startup_lpc55s36.c:747:11:FLEXCOMM1_IRQHandler	8	static
../startup/startup_lpc55s36.c:751:11:FLEXCOMM2_IRQHandler	8	static
../startup/startup_lpc55s36.c:755:11:FLEXCOMM3_IRQHandler	8	static
../startup/startup_lpc55s36.c:759:11:FLEXCOMM4_IRQHandler	8	static
../startup/startup_lpc55s36.c:763:11:FLEXCOMM5_IRQHandler	8	static
../startup/startup_lpc55s36.c:767:11:FLEXCOMM6_IRQHandler	8	static
../startup/startup_lpc55s36.c:771:11:FLEXCOMM7_IRQHandler	8	static
../startup/startup_lpc55s36.c:775:11:ADC0_IRQHandler	8	static
../startup/startup_lpc55s36.c:779:11:ADC1_IRQHandler	8	static
../startup/startup_lpc55s36.c:783:11:ACMP_IRQHandler	8	static
../startup/startup_lpc55s36.c:787:11:DMIC_IRQHandler	8	static
../startup/startup_lpc55s36.c:791:11:HWVAD0_IRQHandler	8	static
../startup/startup_lpc55s36.c:795:11:USB0_NEEDCLK_IRQHandler	8	static
../startup/startup_lpc55s36.c:799:11:USB0_IRQHandler	8	static
../startup/startup_lpc55s36.c:803:11:RTC_IRQHandler	8	static
../startup/startup_lpc55s36.c:807:11:EZH_ARCH_B0_IRQHandler	8	static
../startup/startup_lpc55s36.c:811:11:WAKEUP_IRQHandler	8	static
../startup/startup_lpc55s36.c:815:11:PIN_INT4_IRQHandler	8	static
../startup/startup_lpc55s36.c:819:11:PIN_INT5_IRQHandler	8	static
../startup/startup_lpc55s36.c:823:11:PIN_INT6_IRQHandler	8	static
../startup/startup_lpc55s36.c:827:11:PIN_INT7_IRQHandler	8	static
../startup/startup_lpc55s36.c:831:11:CTIMER2_IRQHandler	8	static
../startup/startup_lpc55s36.c:835:11:CTIMER4_IRQHandler	8	static
../startup/startup_lpc55s36.c:839:11:OS_EVENT_IRQHandler	8	static
../startup/startup_lpc55s36.c:843:11:FlexSPI0_IRQHandler	8	static
../startup/startup_lpc55s36.c:847:11:Reserved56_IRQHandler	8	static
../startup/startup_lpc55s36.c:851:11:Reserved57_IRQHandler	8	static
../startup/startup_lpc55s36.c:855:11:Reserved58_IRQHandler	8	static
../startup/startup_lpc55s36.c:859:11:CAN0_IRQ0_IRQHandler	8	static
../startup/startup_lpc55s36.c:863:11:CAN0_IRQ1_IRQHandler	8	static
../startup/startup_lpc55s36.c:867:11:SPI_FILTER_IRQHandler	8	static
../startup/startup_lpc55s36.c:871:11:Reserved62_IRQHandler	8	static
../startup/startup_lpc55s36.c:875:11:Reserved63_IRQHandler	8	static
../startup/startup_lpc55s36.c:879:11:Reserved64_IRQHandler	8	static
../startup/startup_lpc55s36.c:883:11:SEC_HYPERVISOR_CALL_IRQHandler	8	static
../startup/startup_lpc55s36.c:887:11:SEC_GPIO_INT0_IRQ0_IRQHandler	8	static
../startup/startup_lpc55s36.c:891:11:SEC_GPIO_INT0_IRQ1_IRQHandler	8	static
../startup/startup_lpc55s36.c:895:11:Freqme_IRQHandler	8	static
../startup/startup_lpc55s36.c:899:11:SEC_VIO_IRQHandler	8	static
../startup/startup_lpc55s36.c:903:11:ELS_IRQHandler	8	static
../startup/startup_lpc55s36.c:907:11:PKC_IRQHandler	8	static
../startup/startup_lpc55s36.c:911:11:PUF_IRQHandler	8	static
../startup/startup_lpc55s36.c:915:11:POWERQUAD_IRQHandler	8	static
../startup/startup_lpc55s36.c:919:11:DMA1_IRQHandler	8	static
../startup/startup_lpc55s36.c:923:11:FLEXCOMM8_IRQHandler	8	static
../startup/startup_lpc55s36.c:927:11:CDOG_IRQHandler	8	static
../startup/startup_lpc55s36.c:931:11:Reserved77_IRQHandler	8	static
../startup/startup_lpc55s36.c:935:11:I3C0_IRQHandler	8	static
../startup/startup_lpc55s36.c:939:11:Reserved79_IRQHandler	8	static
../startup/startup_lpc55s36.c:943:11:Reserved80_IRQHandler	8	static
../startup/startup_lpc55s36.c:947:11:ELS_IRQ1_IRQHandler	8	static
../startup/startup_lpc55s36.c:951:11:Tamper_IRQHandler	8	static
../startup/startup_lpc55s36.c:955:11:Reserved83_IRQHandler	8	static
../startup/startup_lpc55s36.c:959:11:Reserved84_IRQHandler	8	static
../startup/startup_lpc55s36.c:963:11:Reserved85_IRQHandler	8	static
../startup/startup_lpc55s36.c:967:11:Reserved86_IRQHandler	8	static
../startup/startup_lpc55s36.c:971:11:Reserved87_IRQHandler	8	static
../startup/startup_lpc55s36.c:975:11:Reserved88_IRQHandler	8	static
../startup/startup_lpc55s36.c:979:11:Reserved89_IRQHandler	8	static
../startup/startup_lpc55s36.c:983:11:DAC0_IRQHandler	8	static
../startup/startup_lpc55s36.c:987:11:DAC1_IRQHandler	8	static
../startup/startup_lpc55s36.c:991:11:DAC2_IRQHandler	8	static
../startup/startup_lpc55s36.c:995:11:HSCMP0_IRQHandler	8	static
../startup/startup_lpc55s36.c:999:11:HSCMP1_IRQHandler	8	static
../startup/startup_lpc55s36.c:1003:11:HSCMP2_IRQHandler	8	static
../startup/startup_lpc55s36.c:1007:11:FLEXPWM0_CAPTURE_IRQHandler	8	static
../startup/startup_lpc55s36.c:1011:11:FLEXPWM0_FAULT_IRQHandler	8	static
../startup/startup_lpc55s36.c:1015:11:FLEXPWM0_RELOAD_ERROR_IRQHandler	8	static
../startup/startup_lpc55s36.c:1019:11:FLEXPWM0_COMPARE0_IRQHandler	8	static
../startup/startup_lpc55s36.c:1023:11:FLEXPWM0_RELOAD0_IRQHandler	8	static
../startup/startup_lpc55s36.c:1027:11:FLEXPWM0_COMPARE1_IRQHandler	8	static
../startup/startup_lpc55s36.c:1031:11:FLEXPWM0_RELOAD1_IRQHandler	8	static
../startup/startup_lpc55s36.c:1035:11:FLEXPWM0_COMPARE2_IRQHandler	8	static
../startup/startup_lpc55s36.c:1039:11:FLEXPWM0_RELOAD2_IRQHandler	8	static
../startup/startup_lpc55s36.c:1043:11:FLEXPWM0_COMPARE3_IRQHandler	8	static
../startup/startup_lpc55s36.c:1047:11:FLEXPWM0_RELOAD3_IRQHandler	8	static
../startup/startup_lpc55s36.c:1051:11:FLEXPWM1_CAPTURE_IRQHandler	8	static
../startup/startup_lpc55s36.c:1055:11:FLEXPWM1_FAULT_IRQHandler	8	static
../startup/startup_lpc55s36.c:1059:11:FLEXPWM1_RELOAD_ERROR_IRQHandler	8	static
../startup/startup_lpc55s36.c:1063:11:FLEXPWM1_COMPARE0_IRQHandler	8	static
../startup/startup_lpc55s36.c:1067:11:FLEXPWM1_RELOAD0_IRQHandler	8	static
../startup/startup_lpc55s36.c:1071:11:FLEXPWM1_COMPARE1_IRQHandler	8	static
../startup/startup_lpc55s36.c:1075:11:FLEXPWM1_RELOAD1_IRQHandler	8	static
../startup/startup_lpc55s36.c:1079:11:FLEXPWM1_COMPARE2_IRQHandler	8	static
../startup/startup_lpc55s36.c:1083:11:FLEXPWM1_RELOAD2_IRQHandler	8	static
../startup/startup_lpc55s36.c:1087:11:FLEXPWM1_COMPARE3_IRQHandler	8	static
../startup/startup_lpc55s36.c:1091:11:FLEXPWM1_RELOAD3_IRQHandler	8	static
../startup/startup_lpc55s36.c:1095:11:ENC0_COMPARE_IRQHandler	8	static
../startup/startup_lpc55s36.c:1099:11:ENC0_HOME_IRQHandler	8	static
../startup/startup_lpc55s36.c:1103:11:ENC0_WDG_IRQHandler	8	static
../startup/startup_lpc55s36.c:1107:11:ENC0_IDX_IRQHandler	8	static
../startup/startup_lpc55s36.c:1111:11:ENC1_COMPARE_IRQHandler	8	static
../startup/startup_lpc55s36.c:1115:11:ENC1_HOME_IRQHandler	8	static
../startup/startup_lpc55s36.c:1119:11:ENC1_WDG_IRQHandler	8	static
../startup/startup_lpc55s36.c:1123:11:ENC1_IDX_IRQHandler	8	static
../startup/startup_lpc55s36.c:1127:11:ITRC0_IRQHandler	8	static
../startup/startup_lpc55s36.c:1131:11:Reserved127_IRQHandler	8	static
../startup/startup_lpc55s36.c:1135:11:ELS_ERR_IRQHandler	8	static
../startup/startup_lpc55s36.c:1139:11:PKC_ERR_IRQHandler	8	static
../startup/startup_lpc55s36.c:1143:11:Reserved130_IRQHandler	8	static
../startup/startup_lpc55s36.c:1147:11:Reserved131_IRQHandler	8	static
../startup/startup_lpc55s36.c:1151:11:Reserved132_IRQHandler	8	static
../startup/startup_lpc55s36.c:1155:11:Reserved133_IRQHandler	8	static
../startup/startup_lpc55s36.c:1159:11:FLASH_IRQHandler	8	static
../startup/startup_lpc55s36.c:1163:11:RAM_PARITY_ECC_ERR_IRQHandler	8	static
